    -----------------------------------------------------------------------
          PSI4: An Open-Source Ab Initio Electronic Structure Package
                              PSI 4.0.0-beta1 Driver

               Git: Rev 8268e5ba0276eef671d5bc4a44cf66fa46407463

    J. M. Turney, A. C. Simmonett, R. M. Parrish, E. G. Hohenstein,
    F. A. Evangelista, J. T. Fermann, B. J. Mintz, L. A. Burns, J. J. Wilke,
    M. L. Abrams, N. J. Russ, M. L. Leininger, C. L. Janssen, E. T. Seidl,
    W. D. Allen, H. F. Schaefer, R. A. King, E. F. Valeev, C. D. Sherrill,
    and T. D. Crawford, WIREs Comput. Mol. Sci., (2011) (doi: 10.1002/wcms.93)

                         Additional Contributions by
    A. E. DePrince, M. Saitow, U. Bozkaya, A. Yu. Sokolov
    -----------------------------------------------------------------------


    Using LocalCommunicator (Number of processes = 1)

    Memory level set to 256.000 MB

  ==> Input File <==

--------------------------------------------------------------------------
#! 6-31G** UHF CH2 3B1 optimization

memory 250 mb

nucenergy = 6.197322440574482    # TEST
refenergy = -38.925486977153     # TEST

molecule ch2 {
0 3
c
h 1 b1
h 1 b1 2 a1

b1 =1.0
a1 =125.0
}

set globals {
  reference uhf
  basis 6-31G**
  docc [2, 0, 0, 1]
  socc [1, 0, 1, 0]
}

thisenergy = optimize('scf')
  
compare_values(nucenergy, ch2.nuclear_repulsion_energy(), 3, "Nuclear repulsion energy") # TEST
compare_values(refenergy, thisenergy, 3, "Reference energy") # TEST
--------------------------------------------------------------------------

  Memory set to 250.000 MiB by Python script.

*** tstart() called on lawn-143-215-103-161.lawn.gatech.edu
*** at Fri Apr 27 13:58:27 2012


         ---------------------------------------------------------
                                   SCF
            by Justin Turney, Rob Parrish, and Andy Simmonett
                              UHF Reference
                        1 Threads,    250 MiB Core
         ---------------------------------------------------------

  ==> Geometry <==

    Molecular point group: c2v

    Geometry (in Angstrom), charge = 0, multiplicity = 3:

       Center              X                  Y                   Z       
    ------------   -----------------  -----------------  -----------------
           C          0.000000000000     0.000000000000    -0.066406025951
           H          0.000000000000    -0.887010833178     0.395342587284
           H          0.000000000000     0.887010833178     0.395342587284

  Running in c2v symmetry.

  Nuclear repulsion =    6.648418918908746

  Charge       = 0
  Multiplicity = 3
  Electrons    = 8
  Nalpha       = 5
  Nbeta        = 3

  ==> Algorithm <==

  SCF Algorithm Type is PK.
  DIIS enabled.
  MOM disabled.
  Fractional occupation disabled.
  Guess Type is CORE.
  Energy threshold   = 1.00e-08
  Density threshold  = 1.00e-08
  Integral threshold = 0.00e+00

  ==> Primary Basis <==

  Basis Set: 6-31G**
    Number of shells: 12
    Number of basis function: 25
    Number of Cartesian functions: 25
    Spherical Harmonics?: false
    Max angular momentum: 2

  ==> Pre-Iterations <==

  Minimum eigenvalue in the overlap matrix is 2.6982852745E-02.
  Using Symmetric Orthogonalization.
  SCF Guess: Core (One-Electron) Hamiltonian.

  Initial UHF energy:   -28.43239984735293

   -------------------------------------------------------
    Irrep   Nso     Nmo     Nalpha   Nbeta   Ndocc  Nsocc
   -------------------------------------------------------
     A1        12      12       3       2       2       1
     A2         2       2       0       0       0       0
     B1         4       4       1       0       0       1
     B2         7       7       1       1       1       0
   -------------------------------------------------------
    Total      25      25       5       3       3       2
   -------------------------------------------------------

  ==> Integral Setup <==

 MINTS: Wrapper to libmints.
   by Justin Turney

   Calculation information:
      Number of atoms:                   3
      Number of AO shells:              12
      Number of SO shells:               9
      Number of primitives:             25
      Number of atomic orbitals:        25
      Number of basis functions:        25

      Number of irreps:                  4
      Number of functions per irrep: [  12    2    4    7 ]

      Overlap, kinetic, potential, dipole, and quadrupole integrals
        stored in file 35.

      Computing two-electron integrals...done
      Computed 13617 non-zero two-electron integrals.
        Stored in file 33.

  ==> Iterations <==

                        Total Energy        Delta E     Density RMS

   @UHF iter   1:   -34.69634690262897   -6.26395e+00   0.00000e+00 
   @UHF iter   2:   -38.38400796562519   -3.68766e+00   3.03189e-01 DIIS
   @UHF iter   3:   -38.90810879629292   -5.24101e-01   8.00900e-02 DIIS
   @UHF iter   4:   -38.91540261068057   -7.29381e-03   9.81356e-03 DIIS
   @UHF iter   5:   -38.91586512660256   -4.62516e-04   2.84837e-03 DIIS
   @UHF iter   6:   -38.91591304977096   -4.79232e-05   7.91635e-04 DIIS
   @UHF iter   7:   -38.91591792506637   -4.87530e-06   2.09675e-04 DIIS
   @UHF iter   8:   -38.91591818630789   -2.61242e-07   1.01848e-05 DIIS
   @UHF iter   9:   -38.91591819607429   -9.76640e-09   4.54329e-06 DIIS
   @UHF iter  10:   -38.91591819676600   -6.91713e-10   1.40712e-06 DIIS
   @UHF iter  11:   -38.91591819679715   -3.11502e-11   2.19354e-07 DIIS
   @UHF iter  12:   -38.91591819679807   -9.23706e-13   4.05746e-08 DIIS

  ==> Post-Iterations <==

   @Spin Contamination Metric:   1.148322149E-02
   @S^2 Expected:                2.000000000E+00
   @S^2 Observed:                2.011483221E+00
   @S   Expected:                1.000000000E+00
   @S   Observed:                1.000000000E+00

	Orbital Energies (a.u.)
	-----------------------

	Alpha Occupied:                                                       

	   1A1   -11.245692     2A1    -0.971446     1B2    -0.631677  
	   3A1    -0.465431     1B1    -0.407643  

	Alpha Virtual:                                                        

	   4A1     0.283649     2B2     0.341173     5A1     0.712645  
	   3B2     0.718465     2B1     0.730653     6A1     0.818492  
	   7A1     1.212677     4B2     1.222225     1A2     1.673436  
	   8A1     1.792837     3B1     1.828806     5B2     2.245126  
	   9A1     2.332763     4B1     2.735856     6B2     2.784533  
	   2A2     3.005935    10A1     3.134253    11A1     3.953221  
	   7B2     3.970940    12A1     4.562398  

	Beta Occupied:                                                        

	   1A1   -11.198599     2A1    -0.806384     1B2    -0.595575  

	Beta Virtual:                                                         

	   3A1     0.143352     1B1     0.174805     4A1     0.311392  
	   2B2     0.374780     3B2     0.751470     5A1     0.816976  
	   2B1     0.897458     6A1     0.922131     7A1     1.258449  
	   4B2     1.272080     1A2     1.761098     8A1     1.934957  
	   3B1     1.994627     5B2     2.265981     9A1     2.414636  
	   4B1     2.769632     6B2     2.831010     2A2     3.052013  
	  10A1     3.158050    11A1     3.978253     7B2     3.991182  
	  12A1     4.633145  

	Final Occupation by Irrep:
	         A1    A2    B1    B2 
	DOCC [     2,    0,    0,    1 ]
	SOCC [     1,    0,    1,    0 ]

  Energy converged.

  @UHF Final Energy:   -38.91591819679807

   => Energetics <=

    Nuclear Repulsion Energy =          6.6484189189087459
    One-Electron Energy =             -64.8062282883590797
    Two-Electron Energy =              19.2418911726522595
    DFT Functional Energy =             0.0000000000000000
    Empirical Dispersion Energy =       0.0000000000000000
    Total Energy =                    -38.9159181967980743

  ==> Properties <==

  Nuclear Dipole Moment: (a.u.)
     X:     0.0000      Y:    -0.0000      Z:     0.7412

  Electronic Dipole Moment: (a.u.)
     X:     0.0000      Y:     0.0000      Z:    -0.5159

  Dipole Moment: (a.u.)
     X:     0.0000      Y:    -0.0000      Z:     0.2253     Total:     0.2253

  Dipole Moment: (Debye)
     X:     0.0000      Y:    -0.0000      Z:     0.5727     Total:     0.5727


  Saving occupied orbitals to File 180.

*** tstop() called on lawn-143-215-103-161.lawn.gatech.edu at Fri Apr 27 13:58:27 2012
Module time:
	user time   =       0.07 seconds =       0.00 minutes
	system time =       0.01 seconds =       0.00 minutes
	total time  =          0 seconds =       0.00 minutes
Total time:
	user time   =       0.07 seconds =       0.00 minutes
	system time =       0.01 seconds =       0.00 minutes
	total time  =          0 seconds =       0.00 minutes

*** tstart() called on lawn-143-215-103-161.lawn.gatech.edu
*** at Fri Apr 27 13:58:27 2012

 DERIV: Derivative code.
   by Justin Turney

  Cartesian Displacement SALCs
  By SALC:
  Number of SALCs: 3, nirreps: 1
  Project out translations: False
  Project out rotations: False
	irrep = 0, ncomponent = 1
		0: atom 0, direction z, coef 1.000000
	irrep = 0, ncomponent = 2
		0: atom 1, direction y, coef 0.707107
		1: atom 2, direction y, coef -0.707107
	irrep = 0, ncomponent = 2
		0: atom 1, direction z, coef 0.707107
		1: atom 2, direction z, coef 0.707107

  By Atomic Center:
  Number of atomic centers: 3
   Atomic Center 0:
	x component, size = 0
	y component, size = 0
	z component, size = 1
		0: salc 0, irrep 0, coef 1.000000
   Atomic Center 1:
	x component, size = 0
	y component, size = 1
		0: salc 1, irrep 0, coef 0.707107
	z component, size = 1
		0: salc 2, irrep 0, coef 0.707107
   Atomic Center 2:
	x component, size = 0
	y component, size = 1
		0: salc 1, irrep 0, coef -0.707107
	z component, size = 1
		0: salc 2, irrep 0, coef 0.707107

    Molecular point group: c2v

    Geometry (in Bohr), charge = 0, multiplicity = 3:

       Center              X                  Y                   Z       
    ------------   -----------------  -----------------  -----------------
           C          0.000000000000     0.000000000000    -0.125489202621
           H          0.000000000000    -1.676207551610     0.747089218633
           H          0.000000000000     1.676207551610     0.747089218633


  -Nuclear Repulsion Energy 1st Derivatives:
     Atom            X                  Y                   Z
    ------   -----------------  -----------------  -----------------
       1        0.000000000000     0.000000000000     1.551633358738
       2        0.000000000000     1.579308340215    -0.775816679369
       3        0.000000000000    -1.579308340215    -0.775816679369


  -One-electron contribution to gradient:
     Atom            X                  Y                   Z
    ------   -----------------  -----------------  -----------------
       1        0.000000000000     0.000000000000    -3.618791936233
       2        0.000000000000    -3.453129665418     1.809395968117
       3        0.000000000000     3.453129665418     1.809395968117


  -Lagrangian contribution to gradient:
     Atom            X                  Y                   Z
    ------   -----------------  -----------------  -----------------
       1        0.000000000000     0.000000000000     0.240773757020
       2        0.000000000000     0.198297987465    -0.120386878510
       3        0.000000000000    -0.198297987465    -0.120386878510


  -Two-electron contribution to gradient:
     Atom            X                  Y                   Z
    ------   -----------------  -----------------  -----------------
       1        0.000000000000     0.000000000000     1.874998229215
       2        0.000000000000     1.740734288753    -0.937499114607
       3        0.000000000000    -1.740734288753    -0.937499114607


  -Total gradient:
     Atom            X                  Y                   Z
    ------   -----------------  -----------------  -----------------
       1        0.000000000000     0.000000000000     0.048613408739
       2        0.000000000000     0.065210951015    -0.024306704370
       3        0.000000000000    -0.065210951015    -0.024306704370


*** tstop() called on lawn-143-215-103-161.lawn.gatech.edu at Fri Apr 27 13:58:27 2012
Module time:
	user time   =       0.11 seconds =       0.00 minutes
	system time =       0.02 seconds =       0.00 minutes
	total time  =          0 seconds =       0.00 minutes
Total time:
	user time   =       0.18 seconds =       0.00 minutes
	system time =       0.03 seconds =       0.00 minutes
	total time  =          0 seconds =       0.00 minutes

			----------------------------------
			 OPTKING: for geometry optimizations  
			  - R.A. King,  Bethel University   
			------------------------------------

	Internal coordinates to be generated automatically.
	Detected frag with atoms:  1 2 3
	---Fragment 1 Bond Connectivity---
	 1 : 2 3
	 2 : 1
	 3 : 1

	---Fragment 1 Geometry and Gradient---
	 C           0.0000000000        0.0000000000       -0.1254892026
	 H           0.0000000000       -1.6762075516        0.7470892186
	 H           0.0000000000        1.6762075516        0.7470892186
	             0.0000000000        0.0000000000        0.0486134087
	             0.0000000000        0.0652109510       -0.0243067044
	             0.0000000000       -0.0652109510       -0.0243067044

	Previous optimization step data not found.  Starting new optimization.

	---Fragment 1 Intrafragment Coordinates---
	 - Coordinate -           - BOHR/RAD -       - ANG/DEG -
	 R(1,2)           =         1.889726	       1.000000
	 R(1,3)           =         1.889726	       1.000000
	 B(2,1,3)         =         2.181662	     125.000000

	Current energy   :       -38.9159181968

	Generating empirical Hessian (Schlegel '84) for each fragment.
	Going to follow RFO solution 1.
	Projected energy change by RFO approximation:        -0.0103109585

	Back-transformation to cartesian coordinates...
	Successfully converged to displaced geometry.

	---Internal Coordinate Step in ANG or DEG, aJ/ANG or AJ/DEG ---
	 ----------------------------------------------------------------------
	 Coordinate             Previous        Force       Change         New 
	 ----------             --------       ------       ------       ------
	 R(1,2)          =      1.000000     0.569019     0.073463     1.073463
	 R(1,3)          =      1.000000     0.569019     0.073463     1.073463
	 B(2,1,3)        =    125.000000     0.001230     5.125728   130.125728
	 ----------------------------------------------------------------------

  ==> Convergence Check <==

  Measures of convergence in internal coordinates in au.
  Criteria marked as inactive (o), active & met (*), and active & unmet ( ).
  --------------------------------------------------------------------------------------------- ~
   Step     Total Energy     Delta E     MAX Force     RMS Force      MAX Disp      RMS Disp    ~
  --------------------------------------------------------------------------------------------- ~
    Convergence Criteria    1.00e-06 *    3.00e-04 *             o    1.20e-03 *             o  ~
  --------------------------------------------------------------------------------------------- ~
      1     -38.91591820   -3.89e+01      6.91e-02      5.72e-02 o    1.39e-01      1.25e-01 o  ~
  ---------------------------------------------------------------------------------------------

	Writing optimization data to binary file.
	Structure for next step:
	Cartesian Geometry (au)
	    C     0.0000000000   0.0000000000  -0.1139604419
	    H     0.0000000000  -1.8394316503   0.7413248383
	    H     0.0000000000   1.8394316503   0.7413248383
			--------------------------
			 OPTKING Finished Execution 
			--------------------------

*** tstart() called on lawn-143-215-103-161.lawn.gatech.edu
*** at Fri Apr 27 13:58:27 2012


         ---------------------------------------------------------
                                   SCF
            by Justin Turney, Rob Parrish, and Andy Simmonett
                              UHF Reference
                        1 Threads,    250 MiB Core
         ---------------------------------------------------------

  ==> Geometry <==

    Molecular point group: c2v

    Geometry (in Angstrom), charge = 0, multiplicity = 3:

       Center              X                  Y                   Z       
    ------------   -----------------  -----------------  -----------------
           C          0.000000000000     0.000000000000    -0.065089962266
           H          0.000000000000    -0.973385306084     0.387507514867
           H          0.000000000000     0.973385306084     0.387507514867

  Running in c2v symmetry.

  Nuclear repulsion =    6.187373791858790

  Charge       = 0
  Multiplicity = 3
  Electrons    = 8
  Nalpha       = 5
  Nbeta        = 3

  ==> Algorithm <==

  SCF Algorithm Type is PK.
  DIIS enabled.
  MOM disabled.
  Fractional occupation disabled.
  Guess Type is CORE.
  Energy threshold   = 1.00e-08
  Density threshold  = 1.00e-08
  Integral threshold = 0.00e+00

  ==> Primary Basis <==

  Basis Set: 6-31G**
    Number of shells: 12
    Number of basis function: 25
    Number of Cartesian functions: 25
    Spherical Harmonics?: false
    Max angular momentum: 2

  ==> Pre-Iterations <==

  Minimum eigenvalue in the overlap matrix is 3.4535589370E-02.
  Using Symmetric Orthogonalization.
  SCF Guess: Core (One-Electron) Hamiltonian.

  Initial UHF energy:   -28.57716418984097

   -------------------------------------------------------
    Irrep   Nso     Nmo     Nalpha   Nbeta   Ndocc  Nsocc
   -------------------------------------------------------
     A1        12      12       3       2       2       1
     A2         2       2       0       0       0       0
     B1         4       4       1       0       0       1
     B2         7       7       1       1       1       0
   -------------------------------------------------------
    Total      25      25       5       3       3       2
   -------------------------------------------------------

  ==> Integral Setup <==

 MINTS: Wrapper to libmints.
   by Justin Turney

   Calculation information:
      Number of atoms:                   3
      Number of AO shells:              12
      Number of SO shells:               9
      Number of primitives:             25
      Number of atomic orbitals:        25
      Number of basis functions:        25

      Number of irreps:                  4
      Number of functions per irrep: [  12    2    4    7 ]

      Overlap, kinetic, potential, dipole, and quadrupole integrals
        stored in file 35.

      Computing two-electron integrals...done
      Computed 13617 non-zero two-electron integrals.
        Stored in file 33.

  ==> Iterations <==

                        Total Energy        Delta E     Density RMS

   @UHF iter   1:   -34.62047047327912   -6.04331e+00   0.00000e+00 
   @UHF iter   2:   -38.25482496248486   -3.63435e+00   3.12287e-01 DIIS
   @UHF iter   3:   -38.91337980660748   -6.58555e-01   1.03787e-01 DIIS
   @UHF iter   4:   -38.92433110080858   -1.09513e-02   1.12466e-02 DIIS
   @UHF iter   5:   -38.92530805424503   -9.76953e-04   3.74321e-03 DIIS
   @UHF iter   6:   -38.92544818178759   -1.40128e-04   1.25535e-03 DIIS
   @UHF iter   7:   -38.92546604932883   -1.78675e-05   3.43846e-04 DIIS
   @UHF iter   8:   -38.92546741485050   -1.36552e-06   2.04653e-05 DIIS
   @UHF iter   9:   -38.92546746590784   -5.10573e-08   1.13761e-05 DIIS
   @UHF iter  10:   -38.92546746967752   -3.76969e-09   2.94319e-06 DIIS
   @UHF iter  11:   -38.92546746983967   -1.62153e-10   5.07569e-07 DIIS
   @UHF iter  12:   -38.92546746984640   -6.72173e-12   1.12593e-07 DIIS
   @UHF iter  13:   -38.92546746984675   -3.55271e-13   2.69680e-08 DIIS

  ==> Post-Iterations <==

   @Spin Contamination Metric:   1.459689596E-02
   @S^2 Expected:                2.000000000E+00
   @S^2 Observed:                2.014596896E+00
   @S   Expected:                1.000000000E+00
   @S   Observed:                1.000000000E+00

	Orbital Energies (a.u.)
	-----------------------

	Alpha Occupied:                                                       

	   1A1   -11.260376     2A1    -0.947670     1B2    -0.610888  
	   3A1    -0.453325     1B1    -0.407467  

	Alpha Virtual:                                                        

	   4A1     0.258608     2B2     0.326422     5A1     0.719100  
	   2B1     0.729375     3B2     0.762014     6A1     0.803978  
	   7A1     1.140998     4B2     1.172944     1A2     1.665196  
	   8A1     1.811281     3B1     1.839913     5B2     2.130852  
	   9A1     2.258364     4B1     2.634887     6B2     2.722749  
	  10A1     2.925840     2A2     2.928478     7B2     3.724478  
	  11A1     3.766165    12A1     4.586150  

	Beta Occupied:                                                        

	   1A1   -11.212677     2A1    -0.774779     1B2    -0.577188  

	Beta Virtual:                                                         

	   3A1     0.145009     1B1     0.175205     4A1     0.291413  
	   2B2     0.362103     3B2     0.795226     5A1     0.815155  
	   2B1     0.897782     6A1     0.911926     7A1     1.185552  
	   4B2     1.216188     1A2     1.750940     8A1     1.952853  
	   3B1     2.004983     5B2     2.158977     9A1     2.340629  
	   4B1     2.665145     6B2     2.761186    10A1     2.946187  
	   2A2     2.971984     7B2     3.744186    11A1     3.793157  
	  12A1     4.655745  

	Final Occupation by Irrep:
	         A1    A2    B1    B2 
	DOCC [     2,    0,    0,    1 ]
	SOCC [     1,    0,    1,    0 ]

  Energy converged.

  @UHF Final Energy:   -38.92546746984675

   => Energetics <=

    Nuclear Repulsion Energy =          6.1873737918587901
    One-Electron Energy =             -63.9813108662043390
    Two-Electron Energy =              18.8684696044987952
    DFT Functional Energy =             0.0000000000000000
    Empirical Dispersion Energy =       0.0000000000000000
    Total Energy =                    -38.9254674698467511

  ==> Properties <==

  Nuclear Dipole Moment: (a.u.)
     X:     0.0000      Y:     0.0000      Z:     0.7266

  Electronic Dipole Moment: (a.u.)
     X:     0.0000      Y:     0.0000      Z:    -0.5024

  Dipole Moment: (a.u.)
     X:     0.0000      Y:     0.0000      Z:     0.2241     Total:     0.2241

  Dipole Moment: (Debye)
     X:     0.0000      Y:     0.0000      Z:     0.5696     Total:     0.5696


  Saving occupied orbitals to File 180.

*** tstop() called on lawn-143-215-103-161.lawn.gatech.edu at Fri Apr 27 13:58:27 2012
Module time:
	user time   =       0.06 seconds =       0.00 minutes
	system time =       0.01 seconds =       0.00 minutes
	total time  =          0 seconds =       0.00 minutes
Total time:
	user time   =       0.25 seconds =       0.00 minutes
	system time =       0.04 seconds =       0.00 minutes
	total time  =          0 seconds =       0.00 minutes

*** tstart() called on lawn-143-215-103-161.lawn.gatech.edu
*** at Fri Apr 27 13:58:27 2012

 DERIV: Derivative code.
   by Justin Turney

  Cartesian Displacement SALCs
  By SALC:
  Number of SALCs: 3, nirreps: 1
  Project out translations: False
  Project out rotations: False
	irrep = 0, ncomponent = 1
		0: atom 0, direction z, coef 1.000000
	irrep = 0, ncomponent = 2
		0: atom 1, direction y, coef 0.707107
		1: atom 2, direction y, coef -0.707107
	irrep = 0, ncomponent = 2
		0: atom 1, direction z, coef 0.707107
		1: atom 2, direction z, coef 0.707107

  By Atomic Center:
  Number of atomic centers: 3
   Atomic Center 0:
	x component, size = 0
	y component, size = 0
	z component, size = 1
		0: salc 0, irrep 0, coef 1.000000
   Atomic Center 1:
	x component, size = 0
	y component, size = 1
		0: salc 1, irrep 0, coef 0.707107
	z component, size = 1
		0: salc 2, irrep 0, coef 0.707107
   Atomic Center 2:
	x component, size = 0
	y component, size = 1
		0: salc 1, irrep 0, coef -0.707107
	z component, size = 1
		0: salc 2, irrep 0, coef 0.707107

    Molecular point group: c2v

    Geometry (in Bohr), charge = 0, multiplicity = 3:

       Center              X                  Y                   Z       
    ------------   -----------------  -----------------  -----------------
           C          0.000000000000     0.000000000000    -0.123002202683
           H          0.000000000000    -1.839431650273     0.732283077534
           H          0.000000000000     1.839431650273     0.732283077534


  -Nuclear Repulsion Energy 1st Derivatives:
     Atom            X                  Y                   Z
    ------   -----------------  -----------------  -----------------
       1        0.000000000000     0.000000000000     1.229515613313
       2        0.000000000000     1.396025556381    -0.614757806657
       3        0.000000000000    -1.396025556381    -0.614757806657


  -One-electron contribution to gradient:
     Atom            X                  Y                   Z
    ------   -----------------  -----------------  -----------------
       1        0.000000000000     0.000000000000    -3.016472470262
       2        0.000000000000    -3.354555272977     1.508236235131
       3        0.000000000000     3.354555272977     1.508236235131


  -Lagrangian contribution to gradient:
     Atom            X                  Y                   Z
    ------   -----------------  -----------------  -----------------
       1        0.000000000000     0.000000000000     0.203579636007
       2        0.000000000000     0.204539065297    -0.101789818004
       3        0.000000000000    -0.204539065297    -0.101789818004


  -Two-electron contribution to gradient:
     Atom            X                  Y                   Z
    ------   -----------------  -----------------  -----------------
       1        0.000000000000     0.000000000000     1.580807827883
       2        0.000000000000     1.753285758532    -0.790403913942
       3        0.000000000000    -1.753285758532    -0.790403913942


  -Total gradient:
     Atom            X                  Y                   Z
    ------   -----------------  -----------------  -----------------
       1        0.000000000000     0.000000000000    -0.002569393059
       2        0.000000000000    -0.000704892767     0.001284696530
       3        0.000000000000     0.000704892767     0.001284696530


*** tstop() called on lawn-143-215-103-161.lawn.gatech.edu at Fri Apr 27 13:58:28 2012
Module time:
	user time   =       0.12 seconds =       0.00 minutes
	system time =       0.01 seconds =       0.00 minutes
	total time  =          1 seconds =       0.02 minutes
Total time:
	user time   =       0.37 seconds =       0.01 minutes
	system time =       0.05 seconds =       0.00 minutes
	total time  =          1 seconds =       0.02 minutes

			----------------------------------
			 OPTKING: for geometry optimizations  
			  - R.A. King,  Bethel University   
			------------------------------------

	Previous internal coordinate definitions found.
	---Fragment 1 Geometry and Gradient---
	 C           0.0000000000        0.0000000000       -0.1230022027
	 H           0.0000000000       -1.8394316503        0.7322830775
	 H           0.0000000000        1.8394316503        0.7322830775
	             0.0000000000        0.0000000000       -0.0025693931
	             0.0000000000       -0.0007048928        0.0012846965
	             0.0000000000        0.0007048928        0.0012846965

	---Fragment 1 Intrafragment Coordinates---
	 - Coordinate -           - BOHR/RAD -       - ANG/DEG -
	 R(1,2)           =         2.028552	       1.073463
	 R(1,3)           =         2.028552	       1.073463
	 B(2,1,3)         =         2.271122	     130.125728

	Current energy   :       -38.9254674698

	Energy change for the previous step:
		Projected    :        -0.0103109585
		Actual       :        -0.0095492730
	Energy ratio indicates good step: Trust radius increased to 8.000e-01.


	Performing BFGS update with previous 1 gradient(s).
	Going to follow RFO solution 1.
	Projected energy change by RFO approximation:        -0.0000124885

	Back-transformation to cartesian coordinates...
	Successfully converged to displaced geometry.

	---Internal Coordinate Step in ANG or DEG, aJ/ANG or AJ/DEG ---
	 ----------------------------------------------------------------------
	 Coordinate             Previous        Force       Change         New 
	 ----------             --------       ------       ------       ------
	 R(1,2)          =      1.073463    -0.009729    -0.001241     1.072223
	 R(1,3)          =      1.073463    -0.009729    -0.001241     1.072223
	 B(2,1,3)        =    130.125728     0.000134     0.632769   130.758497
	 ----------------------------------------------------------------------

  ==> Convergence Check <==

  Measures of convergence in internal coordinates in au.
  Criteria marked as inactive (o), active & met (*), and active & unmet ( ).
  ---------------------------------------------------------------------------------------------
   Step     Total Energy     Delta E     MAX Force     RMS Force      MAX Disp      RMS Disp   
  ---------------------------------------------------------------------------------------------
    Convergence Criteria    1.00e-06 *    3.00e-04 *             o    1.20e-03 *             o
  ---------------------------------------------------------------------------------------------
      2     -38.92546747   -9.55e-03      1.76e-03      1.40e-03 o    1.10e-02      6.66e-03 o  ~
  ---------------------------------------------------------------------------------------------

	Writing optimization data to binary file.
	Structure for next step:
	Cartesian Geometry (au)
	    C     0.0000000000   0.0000000000  -0.1155708353
	    H     0.0000000000  -1.8419949366   0.7285673938
	    H     0.0000000000   1.8419949366   0.7285673938
			--------------------------
			 OPTKING Finished Execution 
			--------------------------

*** tstart() called on lawn-143-215-103-161.lawn.gatech.edu
*** at Fri Apr 27 13:58:28 2012


         ---------------------------------------------------------
                                   SCF
            by Justin Turney, Rob Parrish, and Andy Simmonett
                              UHF Reference
                        1 Threads,    250 MiB Core
         ---------------------------------------------------------

  ==> Geometry <==

    Molecular point group: c2v

    Geometry (in Angstrom), charge = 0, multiplicity = 3:

       Center              X                  Y                   Z       
    ------------   -----------------  -----------------  -----------------
           C          0.000000000000     0.000000000000    -0.064241635804
           H          0.000000000000    -0.974741738767     0.382457075938
           H          0.000000000000     0.974741738767     0.382457075938

  Running in c2v symmetry.

  Nuclear repulsion =    6.193840794043679

  Charge       = 0
  Multiplicity = 3
  Electrons    = 8
  Nalpha       = 5
  Nbeta        = 3

  ==> Algorithm <==

  SCF Algorithm Type is PK.
  DIIS enabled.
  MOM disabled.
  Fractional occupation disabled.
  Guess Type is CORE.
  Energy threshold   = 1.00e-08
  Density threshold  = 1.00e-08
  Integral threshold = 0.00e+00

  ==> Primary Basis <==

  Basis Set: 6-31G**
    Number of shells: 12
    Number of basis function: 25
    Number of Cartesian functions: 25
    Spherical Harmonics?: false
    Max angular momentum: 2

  ==> Pre-Iterations <==

  Minimum eigenvalue in the overlap matrix is 3.4623234133E-02.
  Using Symmetric Orthogonalization.
  SCF Guess: Core (One-Electron) Hamiltonian.

  Initial UHF energy:   -28.57528661744765

   -------------------------------------------------------
    Irrep   Nso     Nmo     Nalpha   Nbeta   Ndocc  Nsocc
   -------------------------------------------------------
     A1        12      12       3       2       2       1
     A2         2       2       0       0       0       0
     B1         4       4       1       0       0       1
     B2         7       7       1       1       1       0
   -------------------------------------------------------
    Total      25      25       5       3       3       2
   -------------------------------------------------------

  ==> Integral Setup <==

 MINTS: Wrapper to libmints.
   by Justin Turney

   Calculation information:
      Number of atoms:                   3
      Number of AO shells:              12
      Number of SO shells:               9
      Number of primitives:             25
      Number of atomic orbitals:        25
      Number of basis functions:        25

      Number of irreps:                  4
      Number of functions per irrep: [  12    2    4    7 ]

      Overlap, kinetic, potential, dipole, and quadrupole integrals
        stored in file 35.

      Computing two-electron integrals...done
      Computed 13617 non-zero two-electron integrals.
        Stored in file 33.

  ==> Iterations <==

                        Total Energy        Delta E     Density RMS

   @UHF iter   1:   -34.62189929665249   -6.04661e+00   0.00000e+00 
   @UHF iter   2:   -38.25753713398825   -3.63564e+00   3.12357e-01 DIIS
   @UHF iter   3:   -38.91344147954845   -6.55904e-01   1.03393e-01 DIIS
   @UHF iter   4:   -38.92434302384714   -1.09015e-02   1.12501e-02 DIIS
   @UHF iter   5:   -38.92532277455503   -9.79751e-04   3.75033e-03 DIIS
   @UHF iter   6:   -38.92546499137438   -1.42217e-04   1.26693e-03 DIIS
   @UHF iter   7:   -38.92548302335766   -1.80320e-05   3.47279e-04 DIIS
   @UHF iter   8:   -38.92548437489211   -1.35153e-06   2.04005e-05 DIIS
   @UHF iter   9:   -38.92548442484407   -4.99520e-08   1.13148e-05 DIIS
   @UHF iter  10:   -38.92548442854275   -3.69868e-09   2.93206e-06 DIIS
   @UHF iter  11:   -38.92548442870370   -1.60952e-10   5.05645e-07 DIIS
   @UHF iter  12:   -38.92548442871024   -6.53699e-12   1.12559e-07 DIIS
   @UHF iter  13:   -38.92548442871062   -3.76588e-13   2.64699e-08 DIIS

  ==> Post-Iterations <==

   @Spin Contamination Metric:   1.473950766E-02
   @S^2 Expected:                2.000000000E+00
   @S^2 Observed:                2.014739508E+00
   @S   Expected:                1.000000000E+00
   @S   Observed:                1.000000000E+00

	Orbital Energies (a.u.)
	-----------------------

	Alpha Occupied:                                                       

	   1A1   -11.259905     2A1    -0.947867     1B2    -0.612014  
	   3A1    -0.452257     1B1    -0.407288  

	Alpha Virtual:                                                        

	   4A1     0.258404     2B2     0.327030     5A1     0.719050  
	   2B1     0.729529     3B2     0.763811     6A1     0.801649  
	   7A1     1.140923     4B2     1.175579     1A2     1.664354  
	   8A1     1.814019     3B1     1.841570     5B2     2.125074  
	   9A1     2.260781     4B1     2.632129     6B2     2.730256  
	  10A1     2.921073     2A2     2.933362     7B2     3.724308  
	  11A1     3.776156    12A1     4.591659  

	Beta Occupied:                                                        

	   1A1   -11.212268     2A1    -0.774809     1B2    -0.578522  

	Beta Virtual:                                                         

	   3A1     0.145804     1B1     0.175218     4A1     0.291340  
	   2B2     0.362298     3B2     0.797154     5A1     0.813228  
	   2B1     0.897866     6A1     0.911451     7A1     1.185739  
	   4B2     1.218632     1A2     1.750022     8A1     1.956563  
	   3B1     2.007004     5B2     2.153470     9A1     2.342041  
	   4B1     2.662094     6B2     2.768601    10A1     2.941264  
	   2A2     2.976733     7B2     3.743760    11A1     3.803330  
	  12A1     4.660970  

	Final Occupation by Irrep:
	         A1    A2    B1    B2 
	DOCC [     2,    0,    0,    1 ]
	SOCC [     1,    0,    1,    0 ]

  Energy converged.

  @UHF Final Energy:   -38.92548442871062

   => Energetics <=

    Nuclear Repulsion Energy =          6.1938407940436795
    One-Electron Energy =             -63.9937201911203033
    Two-Electron Energy =              18.8743949683660084
    DFT Functional Energy =             0.0000000000000000
    Empirical Dispersion Energy =       0.0000000000000000
    Total Energy =                    -38.9254844287106181

  ==> Properties <==

  Nuclear Dipole Moment: (a.u.)
     X:     0.0000      Y:     0.0000      Z:     0.7171

  Electronic Dipole Moment: (a.u.)
     X:     0.0000      Y:     0.0000      Z:    -0.4938

  Dipole Moment: (a.u.)
     X:     0.0000      Y:     0.0000      Z:     0.2233     Total:     0.2233

  Dipole Moment: (Debye)
     X:     0.0000      Y:     0.0000      Z:     0.5675     Total:     0.5675


  Saving occupied orbitals to File 180.

*** tstop() called on lawn-143-215-103-161.lawn.gatech.edu at Fri Apr 27 13:58:28 2012
Module time:
	user time   =       0.07 seconds =       0.00 minutes
	system time =       0.01 seconds =       0.00 minutes
	total time  =          0 seconds =       0.00 minutes
Total time:
	user time   =       0.44 seconds =       0.01 minutes
	system time =       0.06 seconds =       0.00 minutes
	total time  =          1 seconds =       0.02 minutes

*** tstart() called on lawn-143-215-103-161.lawn.gatech.edu
*** at Fri Apr 27 13:58:28 2012

 DERIV: Derivative code.
   by Justin Turney

  Cartesian Displacement SALCs
  By SALC:
  Number of SALCs: 3, nirreps: 1
  Project out translations: False
  Project out rotations: False
	irrep = 0, ncomponent = 1
		0: atom 0, direction z, coef 1.000000
	irrep = 0, ncomponent = 2
		0: atom 1, direction y, coef 0.707107
		1: atom 2, direction y, coef -0.707107
	irrep = 0, ncomponent = 2
		0: atom 1, direction z, coef 0.707107
		1: atom 2, direction z, coef 0.707107

  By Atomic Center:
  Number of atomic centers: 3
   Atomic Center 0:
	x component, size = 0
	y component, size = 0
	z component, size = 1
		0: salc 0, irrep 0, coef 1.000000
   Atomic Center 1:
	x component, size = 0
	y component, size = 1
		0: salc 1, irrep 0, coef 0.707107
	z component, size = 1
		0: salc 2, irrep 0, coef 0.707107
   Atomic Center 2:
	x component, size = 0
	y component, size = 1
		0: salc 1, irrep 0, coef -0.707107
	z component, size = 1
		0: salc 2, irrep 0, coef 0.707107

    Molecular point group: c2v

    Geometry (in Bohr), charge = 0, multiplicity = 3:

       Center              X                  Y                   Z       
    ------------   -----------------  -----------------  -----------------
           C          0.000000000000     0.000000000000    -0.121399097998
           H          0.000000000000    -1.841994936562     0.722739131106
           H          0.000000000000     1.841994936562     0.722739131106


  -Nuclear Repulsion Energy 1st Derivatives:
     Atom            X                  Y                   Z
    ------   -----------------  -----------------  -----------------
       1        0.000000000000     0.000000000000     1.217708670469
       2        0.000000000000     1.402263994013    -0.608854335235
       3        0.000000000000    -1.402263994013    -0.608854335235


  -One-electron contribution to gradient:
     Atom            X                  Y                   Z
    ------   -----------------  -----------------  -----------------
       1        0.000000000000     0.000000000000    -2.975703753579
       2        0.000000000000    -3.370567916369     1.487851876789
       3        0.000000000000     3.370567916369     1.487851876789


  -Lagrangian contribution to gradient:
     Atom            X                  Y                   Z
    ------   -----------------  -----------------  -----------------
       1        0.000000000000     0.000000000000     0.200614897043
       2        0.000000000000     0.205733568769    -0.100307448521
       3        0.000000000000    -0.205733568769    -0.100307448521


  -Two-electron contribution to gradient:
     Atom            X                  Y                   Z
    ------   -----------------  -----------------  -----------------
       1        0.000000000000     0.000000000000     1.556476422941
       2        0.000000000000     1.762352855135    -0.778238211471
       3        0.000000000000    -1.762352855135    -0.778238211471


  -Total gradient:
     Atom            X                  Y                   Z
    ------   -----------------  -----------------  -----------------
       1        0.000000000000     0.000000000000    -0.000903763126
       2        0.000000000000    -0.000217498451     0.000451881563
       3        0.000000000000     0.000217498451     0.000451881563


*** tstop() called on lawn-143-215-103-161.lawn.gatech.edu at Fri Apr 27 13:58:28 2012
Module time:
	user time   =       0.12 seconds =       0.00 minutes
	system time =       0.01 seconds =       0.00 minutes
	total time  =          0 seconds =       0.00 minutes
Total time:
	user time   =       0.56 seconds =       0.01 minutes
	system time =       0.07 seconds =       0.00 minutes
	total time  =          1 seconds =       0.02 minutes

			----------------------------------
			 OPTKING: for geometry optimizations  
			  - R.A. King,  Bethel University   
			------------------------------------

	Previous internal coordinate definitions found.
	---Fragment 1 Geometry and Gradient---
	 C           0.0000000000        0.0000000000       -0.1213990980
	 H           0.0000000000       -1.8419949366        0.7227391311
	 H           0.0000000000        1.8419949366        0.7227391311
	             0.0000000000        0.0000000000       -0.0009037631
	             0.0000000000       -0.0002174985        0.0004518816
	             0.0000000000        0.0002174985        0.0004518816

	---Fragment 1 Intrafragment Coordinates---
	 - Coordinate -           - BOHR/RAD -       - ANG/DEG -
	 R(1,2)           =         2.026207	       1.072223
	 R(1,3)           =         2.026207	       1.072223
	 B(2,1,3)         =         2.282166	     130.758497

	Current energy   :       -38.9254844287

	Energy change for the previous step:
		Projected    :        -0.0000124885
		Actual       :        -0.0000169589
	Energy ratio indicates good step: Trust radius increased to 1.000e+00.


	Performing BFGS update with previous 1 gradient(s).
	Going to follow RFO solution 1.
	Projected energy change by RFO approximation:        -0.0000025258

	Back-transformation to cartesian coordinates...
	Successfully converged to displaced geometry.

	---Internal Coordinate Step in ANG or DEG, aJ/ANG or AJ/DEG ---
	 ----------------------------------------------------------------------
	 Coordinate             Previous        Force       Change         New 
	 ----------             --------       ------       ------       ------
	 R(1,2)          =      1.072223    -0.003180    -0.000634     1.071588
	 R(1,3)          =      1.072223    -0.003180    -0.000634     1.071588
	 B(2,1,3)        =    130.758497     0.000049     0.364415   131.122913
	 ----------------------------------------------------------------------

  ==> Convergence Check <==

  Measures of convergence in internal coordinates in au.
  Criteria marked as inactive (o), active & met (*), and active & unmet ( ).
  ---------------------------------------------------------------------------------------------
   Step     Total Energy     Delta E     MAX Force     RMS Force      MAX Disp      RMS Disp   
  ---------------------------------------------------------------------------------------------
    Convergence Criteria    1.00e-06 *    3.00e-04 *             o    1.20e-03 *             o
  ---------------------------------------------------------------------------------------------
      3     -38.92548443   -1.70e-05      6.49e-04      4.90e-04 o    6.36e-03      3.80e-03 o  ~
  ---------------------------------------------------------------------------------------------

	Writing optimization data to binary file.
	Structure for next step:
	Cartesian Geometry (au)
	    C     0.0000000000   0.0000000000  -0.1171605060
	    H     0.0000000000  -1.8435789152   0.7206198351
	    H     0.0000000000   1.8435789152   0.7206198351
			--------------------------
			 OPTKING Finished Execution 
			--------------------------

*** tstart() called on lawn-143-215-103-161.lawn.gatech.edu
*** at Fri Apr 27 13:58:28 2012


         ---------------------------------------------------------
                                   SCF
            by Justin Turney, Rob Parrish, and Andy Simmonett
                              UHF Reference
                        1 Threads,    250 MiB Core
         ---------------------------------------------------------

  ==> Geometry <==

    Molecular point group: c2v

    Geometry (in Angstrom), charge = 0, multiplicity = 3:

       Center              X                  Y                   Z       
    ------------   -----------------  -----------------  -----------------
           C          0.000000000000     0.000000000000    -0.063757780064
           H          0.000000000000    -0.975579944164     0.379576482240
           H          0.000000000000     0.975579944164     0.379576482240

  Running in c2v symmetry.

  Nuclear repulsion =    6.197112881615933

  Charge       = 0
  Multiplicity = 3
  Electrons    = 8
  Nalpha       = 5
  Nbeta        = 3

  ==> Algorithm <==

  SCF Algorithm Type is PK.
  DIIS enabled.
  MOM disabled.
  Fractional occupation disabled.
  Guess Type is CORE.
  Energy threshold   = 1.00e-08
  Density threshold  = 1.00e-08
  Integral threshold = 0.00e+00

  ==> Primary Basis <==

  Basis Set: 6-31G**
    Number of shells: 12
    Number of basis function: 25
    Number of Cartesian functions: 25
    Spherical Harmonics?: false
    Max angular momentum: 2

  ==> Pre-Iterations <==

  Minimum eigenvalue in the overlap matrix is 3.4679636386E-02.
  Using Symmetric Orthogonalization.
  SCF Guess: Core (One-Electron) Hamiltonian.

  Initial UHF energy:   -28.57433892287500

   -------------------------------------------------------
    Irrep   Nso     Nmo     Nalpha   Nbeta   Ndocc  Nsocc
   -------------------------------------------------------
     A1        12      12       3       2       2       1
     A2         2       2       0       0       0       0
     B1         4       4       1       0       0       1
     B2         7       7       1       1       1       0
   -------------------------------------------------------
    Total      25      25       5       3       3       2
   -------------------------------------------------------

  ==> Integral Setup <==

 MINTS: Wrapper to libmints.
   by Justin Turney

   Calculation information:
      Number of atoms:                   3
      Number of AO shells:              12
      Number of SO shells:               9
      Number of primitives:             25
      Number of atomic orbitals:        25
      Number of basis functions:        25

      Number of irreps:                  4
      Number of functions per irrep: [  12    2    4    7 ]

      Overlap, kinetic, potential, dipole, and quadrupole integrals
        stored in file 35.

      Computing two-electron integrals...done
      Computed 13617 non-zero two-electron integrals.
        Stored in file 33.

  ==> Iterations <==

                        Total Energy        Delta E     Density RMS

   @UHF iter   1:   -34.62265584083434   -6.04832e+00   0.00000e+00 
   @UHF iter   2:   -38.25891993938528   -3.63626e+00   3.12407e-01 DIIS
   @UHF iter   3:   -38.91346383569842   -6.54544e-01   1.03197e-01 DIIS
   @UHF iter   4:   -38.92434183274341   -1.08780e-02   1.12535e-02 DIIS
   @UHF iter   5:   -38.92532387778489   -9.82045e-04   3.75532e-03 DIIS
   @UHF iter   6:   -38.92546743381773   -1.43556e-04   1.27406e-03 DIIS
   @UHF iter   7:   -38.92548558195249   -1.81481e-05   3.49417e-04 DIIS
   @UHF iter   8:   -38.92548692765918   -1.34571e-06   2.03940e-05 DIIS
   @UHF iter   9:   -38.92548697707635   -4.94172e-08   1.12882e-05 DIIS
   @UHF iter  10:   -38.92548698074074   -3.66440e-09   2.92790e-06 DIIS
   @UHF iter  11:   -38.92548698090130   -1.60554e-10   5.05028e-07 DIIS
   @UHF iter  12:   -38.92548698090778   -6.48015e-12   1.12679e-07 DIIS
   @UHF iter  13:   -38.92548698090810   -3.26850e-13   2.62078e-08 DIIS

  ==> Post-Iterations <==

   @Spin Contamination Metric:   1.482618739E-02
   @S^2 Expected:                2.000000000E+00
   @S^2 Observed:                2.014826187E+00
   @S   Expected:                1.000000000E+00
   @S   Observed:                1.000000000E+00

	Orbital Energies (a.u.)
	-----------------------

	Alpha Occupied:                                                       

	   1A1   -11.259652     2A1    -0.947959     1B2    -0.612630  
	   3A1    -0.451640     1B1    -0.407187  

	Alpha Virtual:                                                        

	   4A1     0.258258     2B2     0.327357     5A1     0.719022  
	   2B1     0.729614     3B2     0.764900     6A1     0.800338  
	   7A1     1.140816     4B2     1.177040     1A2     1.663878  
	   8A1     1.815584     3B1     1.842524     5B2     2.121677  
	   9A1     2.262103     4B1     2.630477     6B2     2.734465  
	  10A1     2.918164     2A2     2.936058     7B2     3.723984  
	  11A1     3.781697    12A1     4.594916  

	Beta Occupied:                                                        

	   1A1   -11.212048     2A1    -0.774797     1B2    -0.579258  

	Beta Virtual:                                                         

	   3A1     0.146254     1B1     0.175226     4A1     0.291277  
	   2B2     0.362392     3B2     0.798319     5A1     0.812138  
	   2B1     0.897914     6A1     0.911188     7A1     1.185781  
	   4B2     1.219975     1A2     1.749503     8A1     1.958682  
	   3B1     2.008166     5B2     2.150238     9A1     2.342788  
	   4B1     2.660270     6B2     2.772750    10A1     2.938268  
	   2A2     2.979348     7B2     3.743290    11A1     3.808978  
	  12A1     4.664058  

	Final Occupation by Irrep:
	         A1    A2    B1    B2 
	DOCC [     2,    0,    0,    1 ]
	SOCC [     1,    0,    1,    0 ]

  Energy converged.

  @UHF Final Energy:   -38.92548698090810

   => Energetics <=

    Nuclear Repulsion Energy =          6.1971128816159329
    One-Electron Energy =             -64.0000285259322794
    Two-Electron Energy =              18.8774286634082458
    DFT Functional Energy =             0.0000000000000000
    Empirical Dispersion Energy =       0.0000000000000000
    Total Energy =                    -38.9254869809080972

  ==> Properties <==

  Nuclear Dipole Moment: (a.u.)
     X:     0.0000      Y:     0.0000      Z:     0.7117

  Electronic Dipole Moment: (a.u.)
     X:     0.0000      Y:     0.0000      Z:    -0.4889

  Dipole Moment: (a.u.)
     X:     0.0000      Y:     0.0000      Z:     0.2228     Total:     0.2228

  Dipole Moment: (Debye)
     X:     0.0000      Y:     0.0000      Z:     0.5662     Total:     0.5662


  Saving occupied orbitals to File 180.

*** tstop() called on lawn-143-215-103-161.lawn.gatech.edu at Fri Apr 27 13:58:28 2012
Module time:
	user time   =       0.06 seconds =       0.00 minutes
	system time =       0.01 seconds =       0.00 minutes
	total time  =          0 seconds =       0.00 minutes
Total time:
	user time   =       0.62 seconds =       0.01 minutes
	system time =       0.08 seconds =       0.00 minutes
	total time  =          1 seconds =       0.02 minutes

*** tstart() called on lawn-143-215-103-161.lawn.gatech.edu
*** at Fri Apr 27 13:58:28 2012

 DERIV: Derivative code.
   by Justin Turney

  Cartesian Displacement SALCs
  By SALC:
  Number of SALCs: 3, nirreps: 1
  Project out translations: False
  Project out rotations: False
	irrep = 0, ncomponent = 1
		0: atom 0, direction z, coef 1.000000
	irrep = 0, ncomponent = 2
		0: atom 1, direction y, coef 0.707107
		1: atom 2, direction y, coef -0.707107
	irrep = 0, ncomponent = 2
		0: atom 1, direction z, coef 0.707107
		1: atom 2, direction z, coef 0.707107

  By Atomic Center:
  Number of atomic centers: 3
   Atomic Center 0:
	x component, size = 0
	y component, size = 0
	z component, size = 1
		0: salc 0, irrep 0, coef 1.000000
   Atomic Center 1:
	x component, size = 0
	y component, size = 1
		0: salc 1, irrep 0, coef 0.707107
	z component, size = 1
		0: salc 2, irrep 0, coef 0.707107
   Atomic Center 2:
	x component, size = 0
	y component, size = 1
		0: salc 1, irrep 0, coef -0.707107
	z component, size = 1
		0: salc 2, irrep 0, coef 0.707107

    Molecular point group: c2v

    Geometry (in Bohr), charge = 0, multiplicity = 3:

       Center              X                  Y                   Z       
    ------------   -----------------  -----------------  -----------------
           C          0.000000000000     0.000000000000    -0.120484743163
           H          0.000000000000    -1.843578915206     0.717295597919
           H          0.000000000000     1.843578915206     0.717295597919


  -Nuclear Repulsion Energy 1st Derivatives:
     Atom            X                  Y                   Z
    ------   -----------------  -----------------  -----------------
       1        0.000000000000     0.000000000000     1.210684294921
       2        0.000000000000     1.405642399500    -0.605342147460
       3        0.000000000000    -1.405642399500    -0.605342147460


  -One-electron contribution to gradient:
     Atom            X                  Y                   Z
    ------   -----------------  -----------------  -----------------
       1        0.000000000000     0.000000000000    -2.951951975882
       2        0.000000000000    -3.379475880461     1.475975987941
       3        0.000000000000     3.379475880461     1.475975987941


  -Lagrangian contribution to gradient:
     Atom            X                  Y                   Z
    ------   -----------------  -----------------  -----------------
       1        0.000000000000     0.000000000000     0.198893729034
       2        0.000000000000     0.206409099013    -0.099446864517
       3        0.000000000000    -0.206409099013    -0.099446864517


  -Two-electron contribution to gradient:
     Atom            X                  Y                   Z
    ------   -----------------  -----------------  -----------------
       1        0.000000000000     0.000000000000     1.542372151974
       2        0.000000000000     1.767439756726    -0.771186075987
       3        0.000000000000    -1.767439756726    -0.771186075987


  -Total gradient:
     Atom            X                  Y                   Z
    ------   -----------------  -----------------  -----------------
       1        0.000000000000     0.000000000000    -0.000001799953
       2        0.000000000000     0.000015374779     0.000000899977
       3        0.000000000000    -0.000015374779     0.000000899977


*** tstop() called on lawn-143-215-103-161.lawn.gatech.edu at Fri Apr 27 13:58:28 2012
Module time:
	user time   =       0.13 seconds =       0.00 minutes
	system time =       0.01 seconds =       0.00 minutes
	total time  =          0 seconds =       0.00 minutes
Total time:
	user time   =       0.75 seconds =       0.01 minutes
	system time =       0.09 seconds =       0.00 minutes
	total time  =          1 seconds =       0.02 minutes

			----------------------------------
			 OPTKING: for geometry optimizations  
			  - R.A. King,  Bethel University   
			------------------------------------

	Previous internal coordinate definitions found.
	---Fragment 1 Geometry and Gradient---
	 C           0.0000000000        0.0000000000       -0.1204847432
	 H           0.0000000000       -1.8435789152        0.7172955979
	 H           0.0000000000        1.8435789152        0.7172955979
	             0.0000000000        0.0000000000       -0.0000018000
	             0.0000000000        0.0000153748        0.0000009000
	             0.0000000000       -0.0000153748        0.0000009000

	---Fragment 1 Intrafragment Coordinates---
	 - Coordinate -           - BOHR/RAD -       - ANG/DEG -
	 R(1,2)           =         2.025008	       1.071588
	 R(1,3)           =         2.025008	       1.071588
	 B(2,1,3)         =         2.288527	     131.122913

	Current energy   :       -38.9254869809

	Energy change for the previous step:
		Projected    :        -0.0000025258
		Actual       :        -0.0000025522

	Performing BFGS update with previous 1 gradient(s).
	Going to follow RFO solution 1.
	Projected energy change by RFO approximation:        -0.0000000012

	Back-transformation to cartesian coordinates...
	Successfully converged to displaced geometry.

	---Internal Coordinate Step in ANG or DEG, aJ/ANG or AJ/DEG ---
	 ----------------------------------------------------------------------
	 Coordinate             Previous        Force       Change         New 
	 ----------             --------       ------       ------       ------
	 R(1,2)          =      1.071588     0.000112     0.000011     1.071600
	 R(1,3)          =      1.071588     0.000112     0.000011     1.071600
	 B(2,1,3)        =    131.122913     0.000001     0.006962   131.129874
	 ----------------------------------------------------------------------

  ==> Convergence Check <==

  Measures of convergence in internal coordinates in au.
  Criteria marked as inactive (o), active & met (*), and active & unmet ( ).
  ---------------------------------------------------------------------------------------------
   Step     Total Energy     Delta E     MAX Force     RMS Force      MAX Disp      RMS Disp   
  ---------------------------------------------------------------------------------------------
    Convergence Criteria    1.00e-06 *    3.00e-04 *             o    1.20e-03 *             o
  ---------------------------------------------------------------------------------------------
      4     -38.92548698   -2.55e-06      1.45e-05 *    1.39e-05 o    1.22e-04 *    7.23e-05 o  ~
  ---------------------------------------------------------------------------------------------


  **** Optimization is complete! ****

  ==> Optimization Summary <==

  Measures of convergence in internal coordinates in au.
  --------------------------------------------------------------------------------------------------------------- ~
   Step         Total Energy             Delta E       MAX Force       RMS Force        MAX Disp        RMS Disp  ~
  --------------------------------------------------------------------------------------------------------------- ~
      1     -38.915918196798    -38.915918196798      0.06906641      0.05715895      0.13882549      0.12456361  ~
      2     -38.925467469847     -0.009549273049      0.00176023      0.00140085      0.01104391      0.00665739  ~
      3     -38.925484428711     -0.000016958864      0.00064876      0.00048951      0.00636024      0.00380025  ~
      4     -38.925486980908     -0.000002552197      0.00001454      0.00001394      0.00012150      0.00007233  ~
  --------------------------------------------------------------------------------------------------------------- ~

	Writing optimization data to binary file.
	Final energy is    -38.9254869809081
	Final (previous) structure:
	Cartesian Geometry (au)
	    C     0.0000000000   0.0000000000  -0.1204847432
	    H     0.0000000000  -1.8435789152   0.7172955979
	    H     0.0000000000   1.8435789152   0.7172955979
	Saving final (previous) structure.
			--------------------------
			 OPTKING Finished Execution 
			--------------------------

	Final optimized geometry and variables (in Angstrom):

	C
	H     1 b1
	H     1 b1     2 a1

	a1        =  131.1229126568
	b1        =    1.0715883051


*** PSI4 exiting successfully. Buy a developer a beer!
