    -----------------------------------------------------------------------
          PSI4: An Open-Source Ab Initio Electronic Structure Package
                              PSI 4.0.0-beta1 Driver

               Git: Rev 8268e5ba0276eef671d5bc4a44cf66fa46407463

    J. M. Turney, A. C. Simmonett, R. M. Parrish, E. G. Hohenstein,
    F. A. Evangelista, J. T. Fermann, B. J. Mintz, L. A. Burns, J. J. Wilke,
    M. L. Abrams, N. J. Russ, M. L. Leininger, C. L. Janssen, E. T. Seidl,
    W. D. Allen, H. F. Schaefer, R. A. King, E. F. Valeev, C. D. Sherrill,
    and T. D. Crawford, WIREs Comput. Mol. Sci., (2011) (doi: 10.1002/wcms.93)

                         Additional Contributions by
    A. E. DePrince, M. Saitow, U. Bozkaya, A. Yu. Sokolov
    -----------------------------------------------------------------------


    Using LocalCommunicator (Number of processes = 1)

    Memory level set to 256.000 MB

  ==> Input File <==

--------------------------------------------------------------------------
#! RHF-B-CCD(T)/6-31G** H2O single-point energy (fzc, MO-basis $\langle ab|cd \rangle$)

memory 250 mb

molecule h2o {
    o
    h 1 0.97
    h 1 0.97 2 103.0
}

set {
   basis 6-31G**
   freeze_core true
}

energy("bccd(t)")

escf = -76.021997876298414 #TEST
ebccd = -76.228456597086762 #TEST
ebccd_t = -76.231452929871523 #TEST
compare_values(escf, get_variable("SCF TOTAL ENERGY"), 7, "SCF energy") #TEST
compare_values(ebccd, get_variable("CCSD TOTAL ENERGY"), 7, "B-CCD energy") #TEST
compare_values(ebccd_t, get_variable("CCSD(T) TOTAL ENERGY"), 7, "B-CCD(T) energy") #TEST
--------------------------------------------------------------------------

  Memory set to 250.000 MiB by Python script.

*** tstart() called on lawn-143-215-103-161.lawn.gatech.edu
*** at Fri Apr 27 14:18:06 2012

	There are an even number of electrons - assuming singlet.
	Specify the multiplicity with the MULTP option in the
	input if this is incorrect


         ---------------------------------------------------------
                                   SCF
            by Justin Turney, Rob Parrish, and Andy Simmonett
                              RHF Reference
                        1 Threads,    250 MiB Core
         ---------------------------------------------------------

  ==> Geometry <==

    Molecular point group: c2v

    Geometry (in Angstrom), charge = 0, multiplicity = 1:

       Center              X                  Y                   Z       
    ------------   -----------------  -----------------  -----------------
           O          0.000000000000     0.000000000000    -0.067578587269
           H          0.000000000000    -0.759129912147     0.536260610269
           H          0.000000000000     0.759129912147     0.536260610269

  Running in c2v symmetry.

  Nuclear repulsion =    9.077238153630928

  Charge       = 0
  Multiplicity = 1
  Electrons    = 10
  Nalpha       = 5
  Nbeta        = 5

  ==> Algorithm <==

  SCF Algorithm Type is PK.
  DIIS enabled.
  MOM disabled.
  Fractional occupation disabled.
  Guess Type is CORE.
  Energy threshold   = 1.00e-08
  Density threshold  = 1.00e-08
  Integral threshold = 0.00e+00

  ==> Primary Basis <==

  Basis Set: 6-31G**
    Number of shells: 12
    Number of basis function: 25
    Number of Cartesian functions: 25
    Spherical Harmonics?: false
    Max angular momentum: 2

  ==> Pre-Iterations <==

  Minimum eigenvalue in the overlap matrix is 2.2308645666E-02.
  Using Symmetric Orthogonalization.
  SCF Guess: Core (One-Electron) Hamiltonian.

  Initial RHF energy:   -58.67612896328600

   -------------------------------------------------------
    Irrep   Nso     Nmo     Nalpha   Nbeta   Ndocc  Nsocc
   -------------------------------------------------------
     A1        12      12       3       3       3       0
     A2         2       2       0       0       0       0
     B1         4       4       1       1       1       0
     B2         7       7       1       1       1       0
   -------------------------------------------------------
    Total      25      25       5       5       5       0
   -------------------------------------------------------

  ==> Integral Setup <==

 MINTS: Wrapper to libmints.
   by Justin Turney

   Calculation information:
      Number of atoms:                   3
      Number of AO shells:              12
      Number of SO shells:               9
      Number of primitives:             25
      Number of atomic orbitals:        25
      Number of basis functions:        25

      Number of irreps:                  4
      Number of functions per irrep: [  12    2    4    7 ]

      Overlap, kinetic, potential, dipole, and quadrupole integrals
        stored in file 35.

      Computing two-electron integrals...done
      Computed 13617 non-zero two-electron integrals.
        Stored in file 33.

  ==> Iterations <==

                        Total Energy        Delta E     Density RMS

   @RHF iter   1:   -68.29457538492346   -9.61845e+00   0.00000e+00 
	Occupation by irrep:
	         A1    A2    B1    B2 
	DOCC [     4,    0,    0,    1 ]

   @RHF iter   2:   -71.40214895176796   -3.10757e+00   5.21557e-01 DIIS
	Occupation by irrep:
	         A1    A2    B1    B2 
	DOCC [     3,    0,    1,    1 ]

   @RHF iter   3:   -75.76849950140169   -4.36635e+00   4.95640e-01 DIIS
   @RHF iter   4:   -76.00465639463499   -2.36157e-01   1.70838e-02 DIIS
   @RHF iter   5:   -76.02157592921309   -1.69195e-02   7.74804e-03 DIIS
   @RHF iter   6:   -76.02195844293942   -3.82514e-04   1.22994e-03 DIIS
   @RHF iter   7:   -76.02199662644671   -3.81835e-05   5.22673e-04 DIIS
   @RHF iter   8:   -76.02199779472249   -1.16828e-06   8.31744e-05 DIIS
   @RHF iter   9:   -76.02199786640747   -7.16850e-08   2.41323e-05 DIIS
   @RHF iter  10:   -76.02199786811565   -1.70817e-09   3.82411e-06 DIIS
   @RHF iter  11:   -76.02199786812278   -7.13385e-12   1.86355e-07 DIIS
   @RHF iter  12:   -76.02199786812301   -2.27374e-13   3.72443e-08 DIIS

  ==> Post-Iterations <==

	Orbital Energies (a.u.)
	-----------------------

	Doubly Occupied:                                                      

	   1A1   -20.563756     2A1    -1.335128     1B2    -0.693868  
	   3A1    -0.569546     1B1    -0.496894  

	Virtual:                                                              

	   4A1     0.209148     2B2     0.301190     3B2     0.992987  
	   5A1     1.080901     6A1     1.131133     2B1     1.168613  
	   4B2     1.294487     7A1     1.418369     1A2     1.805555  
	   8A1     1.805556     3B1     1.919426     9A1     2.554725  
	   5B2     2.571406     6B2     2.778746     2A2     2.955797  
	   4B1     2.985114    10A1     3.349725    11A1     3.681198  
	   7B2     3.913090    12A1     4.093637  

	Final Occupation by Irrep:
	         A1    A2    B1    B2 
	DOCC [     3,    0,    1,    1 ]

  Energy converged.

  @RHF Final Energy:   -76.02199786812301

   => Energetics <=

    Nuclear Repulsion Energy =          9.0772381536309279
    One-Electron Energy =            -122.8800880486105029
    Two-Electron Energy =              37.7808520268565644
    DFT Functional Energy =             0.0000000000000000
    Empirical Dispersion Energy =       0.0000000000000000
    Total Energy =                    -76.0219978681230089

  ==> Properties <==

  Nuclear Dipole Moment: (a.u.)
     X:     0.0000      Y:     0.0000      Z:     1.0051

  Electronic Dipole Moment: (a.u.)
     X:     0.0000      Y:     0.0000      Z:    -0.1315

  Dipole Moment: (a.u.)
     X:     0.0000      Y:     0.0000      Z:     0.8736     Total:     0.8736

  Dipole Moment: (Debye)
     X:     0.0000      Y:     0.0000      Z:     2.2205     Total:     2.2205


  Saving occupied orbitals to File 180.

*** tstop() called on lawn-143-215-103-161.lawn.gatech.edu at Fri Apr 27 14:18:06 2012
Module time:
	user time   =       0.06 seconds =       0.00 minutes
	system time =       0.01 seconds =       0.00 minutes
	total time  =          0 seconds =       0.00 minutes
Total time:
	user time   =       0.06 seconds =       0.00 minutes
	system time =       0.01 seconds =       0.00 minutes
	total time  =          0 seconds =       0.00 minutes

*** tstart() called on lawn-143-215-103-161.lawn.gatech.edu
*** at Fri Apr 27 14:18:06 2012


	**************************************************
	* TRANSQT2: Program to transform integrals from  *
	*           the SO basis to the MO basis.        *
	*                                                *
	*            Daniel, David, & Justin             *
	**************************************************


	Input parameters:
	-----------------
	Wave function   =	BCCD_T
	Backtransform   =	No
	Print Level     =	1
	Print TEIs      =	No
	Reference wfn   =	RHF
	Derivative      =	None
	Delete TEI File =	No
	Memory (Mbytes) =	250.0
	Cache Level     =	2
	Cache Type      =	LRU
	Chkpt Parameters:
	--------------------
	Number of irreps     = 4
	Number of SOs        = 25
	Number of MOs        = 25
	Number of active MOs = 24

	Label	# SOs	# FZDC	# DOCC	# SOCC	# VIRT	# FZVR
	-----	-----	------	------	------	------	------
	 A1	   12	    1	    2	    0	    9	    0
	 A2	   2	    0	    0	    0	    2	    0
	 B1	   4	    0	    1	    0	    3	    0
	 B2	   7	    0	    1	    0	    6	    0

	Nuclear Rep. energy (chkpt) =      9.07723815363093
	SCF energy          (chkpt) =    -76.02199786812301

	Presorting SO-basis two-electron integrals.
	Sorting File: SO Ints (pq,rs) nbuckets = 1
	Frozen-core energy =  -61.282925977207462
	Starting first half-transformation.
	Sorting half-transformed integrals.
	Starting second half-transformation.
	Two-electron integral transformation complete.

*** tstop() called on lawn-143-215-103-161.lawn.gatech.edu at Fri Apr 27 14:18:06 2012
Module time:
	user time   =       0.02 seconds =       0.00 minutes
	system time =       0.01 seconds =       0.00 minutes
	total time  =          0 seconds =       0.00 minutes
Total time:
	user time   =       0.08 seconds =       0.00 minutes
	system time =       0.02 seconds =       0.00 minutes
	total time  =          0 seconds =       0.00 minutes

*** tstart() called on lawn-143-215-103-161.lawn.gatech.edu
*** at Fri Apr 27 14:18:06 2012


			**************************
			*                        *
			*         CCSORT         *
			*                        *
			**************************


	Input parameters:
	-----------------
	Wave function   =	BCCD_T
	Reference wfn   =	RHF
	Derivative      =	None
	Memory (Mbytes) =	250.0
	AO Basis        =	NONE
	Make (ab|cd)    =	True
	Make unpacked (ab|cd) =	False
	Cache Level     =	2
	Cache Type      =	LRU
	Local CC        =     No


	Chkpt Parameters:
	--------------------
	Number of irreps     = 4
	Number of MOs        = 25
	Number of active MOs = 24

	Label	# MOs	# FZDC	# DOCC	# SOCC	# VIRT	# FZVR
	-----	-----	------	------	------	------	------
	 A1	   12	    1	    2	    0	    9	    0
	 A2	   2	    0	    0	    0	    2	    0
	 B1	   4	    0	    1	    0	    3	    0
	 B2	   7	    0	    1	    0	    6	    0

	Nuclear Rep. energy (chkpt) =      9.07723815363093
	SCF energy          (chkpt) =    -76.02199786812301

	Size of irrep 0 of <ab|cd> integrals:      0.017 (MW) /      0.135 (MB)
	Size of irrep 1 of <ab|cd> integrals:      0.005 (MW) /      0.041 (MB)
	Size of irrep 2 of <ab|cd> integrals:      0.006 (MW) /      0.049 (MB)
	Size of irrep 3 of <ab|cd> integrals:      0.014 (MW) /      0.115 (MB)
	Total:                                     0.043 (MW) /      0.341 (MB)

	Size of irrep 0 of <ia|bc> integrals:      0.004 (MW) /      0.028 (MB)
	Size of irrep 1 of <ia|bc> integrals:      0.001 (MW) /      0.007 (MB)
	Size of irrep 2 of <ia|bc> integrals:      0.001 (MW) /      0.011 (MB)
	Size of irrep 3 of <ia|bc> integrals:      0.003 (MW) /      0.022 (MB)
	Total:                                     0.009 (MW) /      0.068 (MB)

	Size of irrep 0 of tijab amplitudes:       0.001 (MW) /      0.006 (MB)
	Size of irrep 1 of tijab amplitudes:       0.000 (MW) /      0.001 (MB)
	Size of irrep 2 of tijab amplitudes:       0.000 (MW) /      0.002 (MB)
	Size of irrep 3 of tijab amplitudes:       0.000 (MW) /      0.004 (MB)
	Total:                                     0.002 (MW) /      0.014 (MB)


	Sorting File: A <ij|kl> nbuckets = 1
	Sorting File: B(+) <ab|cd> nbuckets = 1
	Sorting File: C <ia|jb> nbuckets = 1
	Sorting File: D <ij|ab> nbuckets = 1
	Sorting File: E <ai|jk> nbuckets = 1
	Sorting File: F <ia|bc> nbuckets = 1
	One-electron energy          =    -41.44174889752184
	Two-electron (AA) energy     =      6.84750142547467
	Two-electron (BB) energy     =      6.84750142547467
	Two-electron (AB) energy     =     10.77793742750072
	Two-electron energy          =     17.62543885297540
	Frozen-core energy (transqt) =    -61.28292597720746
	Reference energy             =    -76.02199786812298

*** tstop() called on lawn-143-215-103-161.lawn.gatech.edu at Fri Apr 27 14:18:06 2012
Module time:
	user time   =       0.01 seconds =       0.00 minutes
	system time =       0.03 seconds =       0.00 minutes
	total time  =          0 seconds =       0.00 minutes
Total time:
	user time   =       0.09 seconds =       0.00 minutes
	system time =       0.05 seconds =       0.00 minutes
	total time  =          0 seconds =       0.00 minutes

*** tstart() called on lawn-143-215-103-161.lawn.gatech.edu
*** at Fri Apr 27 14:18:07 2012

			**************************
			*                        *
			*        CCENERGY        *
			*                        *
			**************************

	Nuclear Rep. energy (chkpt)   =    9.077238153630928
	SCF energy          (chkpt)   =  -76.021997868123009
	Reference energy    (file100) =  -76.021997868122980

	Input parameters:
	-----------------
	Wave function   =   BCCD_T
	Reference wfn   =     RHF
	Brueckner conv. =     1.0e-05
	Memory (Mbytes) =     250.0
	Maxiter         =     50
	Convergence     =     1.0e-07
	Restart         =     No
	DIIS            =     Yes
	AO Basis        =     NONE
	ABCD            =     NEW
	Cache Level     =     2
	Cache Type      =     LOW
	Print Level     =     1
	Num. of threads =     1
	# Amps to Print =     10
	Print MP2 Amps? =     No
	Analyze T2 Amps =     No
	Print Pair Ener =     No
	Local CC        =     No
	SCS-MP2         =     False
	SCSN-MP2        =     False
	SCS-CCSD        =     False

	            Solving CC Amplitude Equations
	            ------------------------------
  Iter             Energy              RMS        T1Diag      D1Diag    New D1Diag
  ----     ---------------------    ---------   ----------  ----------  ----------
     0        -0.197644400322411    0.000e+00    0.000000    0.000000    0.000000
     1        -0.202143300969219    2.740e-02    0.005039    0.008933    0.008933
     2        -0.206071522594054    9.799e-03    0.005789    0.010403    0.010403
     3        -0.206590664846669    2.784e-03    0.006384    0.011997    0.011997
     4        -0.206595700082531    6.510e-04    0.006448    0.012319    0.012319
     5        -0.206609970641680    2.065e-04    0.006492    0.012517    0.012517
     6        -0.206606031881235    6.471e-05    0.006508    0.012588    0.012588
     7        -0.206605503993325    1.560e-05    0.006512    0.012607    0.012607
     8        -0.206605474479682    2.911e-06    0.006512    0.012610    0.012610
     9        -0.206605399638866    6.983e-07    0.006512    0.012610    0.012610
    10        -0.206605419283739    1.484e-07    0.006512    0.012610    0.012610
    11        -0.206605417903159    2.901e-08    0.006512    0.012610    0.012610

	Iterations converged.


	Largest TIA Amplitudes:
	          1   0         0.0109876405
	          2  11        -0.0066311261
	          3  14        -0.0063228334
	          3  18         0.0053909636
	          3  16         0.0049042323
	          0   2         0.0042702445
	          1   5         0.0040627299
	          0   0        -0.0025360422
	          0   7         0.0023966484
	          1   1         0.0022623078

	Largest TIjAb Amplitudes:
	  2   2  11  11        -0.0519230107
	  3   3  14  14        -0.0394264799
	  1   1   2   2        -0.0299245494
	  3   3  15  15        -0.0287611326
	  1   2   2  11         0.0252619246
	  2   1  11   2         0.0252619246
	  2   3  11  16        -0.0248488617
	  3   2  16  11        -0.0248488617
	  3   3  16  16        -0.0246375908
	  2   3  11  14        -0.0244629926

	SCF energy       (chkpt)              =  -76.021997868123009
	Reference energy (file100)            =  -76.021997868122980

	Opposite-spin MP2 correlation energy  =   -0.148071803309106
	Same-spin MP2 correlation energy      =   -0.049572597013305
	MP2 correlation energy                =   -0.197644400322411
      * MP2 total energy                      =  -76.219642268445398

	Opposite-spin CCSD correlation energy =   -0.162686593769222
	Same-spin CCSD correlation energy     =   -0.043918824060313
	CCSD correlation energy               =   -0.206605417903159
      * CCSD total energy                     =  -76.228603286026143

	Rotating orbitals.  Maximum T1 =  0.010987640464

*** tstop() called on lawn-143-215-103-161.lawn.gatech.edu at Fri Apr 27 14:18:08 2012
Module time:
	user time   =       0.23 seconds =       0.00 minutes
	system time =       0.29 seconds =       0.00 minutes
	total time  =          1 seconds =       0.02 minutes
Total time:
	user time   =       0.33 seconds =       0.01 minutes
	system time =       0.34 seconds =       0.01 minutes
	total time  =          2 seconds =       0.03 minutes
Brueckner convergence check: 0

*** tstart() called on lawn-143-215-103-161.lawn.gatech.edu
*** at Fri Apr 27 14:18:08 2012


	**************************************************
	* TRANSQT2: Program to transform integrals from  *
	*           the SO basis to the MO basis.        *
	*                                                *
	*            Daniel, David, & Justin             *
	**************************************************


	Input parameters:
	-----------------
	Wave function   =	BCCD_T
	Backtransform   =	No
	Print Level     =	1
	Print TEIs      =	No
	Reference wfn   =	RHF
	Derivative      =	None
	Delete TEI File =	No
	Memory (Mbytes) =	250.0
	Cache Level     =	2
	Cache Type      =	LRU
	Chkpt Parameters:
	--------------------
	Number of irreps     = 4
	Number of SOs        = 25
	Number of MOs        = 25
	Number of active MOs = 24

	Label	# SOs	# FZDC	# DOCC	# SOCC	# VIRT	# FZVR
	-----	-----	------	------	------	------	------
	 A1	   12	    1	    2	    0	    9	    0
	 A2	   2	    0	    0	    0	    2	    0
	 B1	   4	    0	    1	    0	    3	    0
	 B2	   7	    0	    1	    0	    6	    0

	Nuclear Rep. energy (chkpt) =      9.07723815363093
	SCF energy          (chkpt) =    -76.02199786812301

	Presorting SO-basis two-electron integrals.
	Sorting File: SO Ints (pq,rs) nbuckets = 1
	Frozen-core energy =  -61.282925977207562
	Starting first half-transformation.
	Sorting half-transformed integrals.
	Starting second half-transformation.
	Two-electron integral transformation complete.

*** tstop() called on lawn-143-215-103-161.lawn.gatech.edu at Fri Apr 27 14:18:08 2012
Module time:
	user time   =       0.01 seconds =       0.00 minutes
	system time =       0.01 seconds =       0.00 minutes
	total time  =          0 seconds =       0.00 minutes
Total time:
	user time   =       0.34 seconds =       0.01 minutes
	system time =       0.35 seconds =       0.01 minutes
	total time  =          2 seconds =       0.03 minutes

*** tstart() called on lawn-143-215-103-161.lawn.gatech.edu
*** at Fri Apr 27 14:18:08 2012


			**************************
			*                        *
			*         CCSORT         *
			*                        *
			**************************


	Input parameters:
	-----------------
	Wave function   =	BCCD_T
	Reference wfn   =	RHF
	Derivative      =	None
	Memory (Mbytes) =	250.0
	AO Basis        =	NONE
	Make (ab|cd)    =	True
	Make unpacked (ab|cd) =	False
	Cache Level     =	2
	Cache Type      =	LRU
	Local CC        =     No


	Chkpt Parameters:
	--------------------
	Number of irreps     = 4
	Number of MOs        = 25
	Number of active MOs = 24

	Label	# MOs	# FZDC	# DOCC	# SOCC	# VIRT	# FZVR
	-----	-----	------	------	------	------	------
	 A1	   12	    1	    2	    0	    9	    0
	 A2	   2	    0	    0	    0	    2	    0
	 B1	   4	    0	    1	    0	    3	    0
	 B2	   7	    0	    1	    0	    6	    0

	Nuclear Rep. energy (chkpt) =      9.07723815363093
	SCF energy          (chkpt) =    -76.02199786812301

	Size of irrep 0 of <ab|cd> integrals:      0.017 (MW) /      0.135 (MB)
	Size of irrep 1 of <ab|cd> integrals:      0.005 (MW) /      0.041 (MB)
	Size of irrep 2 of <ab|cd> integrals:      0.006 (MW) /      0.049 (MB)
	Size of irrep 3 of <ab|cd> integrals:      0.014 (MW) /      0.115 (MB)
	Total:                                     0.043 (MW) /      0.341 (MB)

	Size of irrep 0 of <ia|bc> integrals:      0.004 (MW) /      0.028 (MB)
	Size of irrep 1 of <ia|bc> integrals:      0.001 (MW) /      0.007 (MB)
	Size of irrep 2 of <ia|bc> integrals:      0.001 (MW) /      0.011 (MB)
	Size of irrep 3 of <ia|bc> integrals:      0.003 (MW) /      0.022 (MB)
	Total:                                     0.009 (MW) /      0.068 (MB)

	Size of irrep 0 of tijab amplitudes:       0.001 (MW) /      0.006 (MB)
	Size of irrep 1 of tijab amplitudes:       0.000 (MW) /      0.001 (MB)
	Size of irrep 2 of tijab amplitudes:       0.000 (MW) /      0.002 (MB)
	Size of irrep 3 of tijab amplitudes:       0.000 (MW) /      0.004 (MB)
	Total:                                     0.002 (MW) /      0.014 (MB)


	Sorting File: A <ij|kl> nbuckets = 1
	Sorting File: B(+) <ab|cd> nbuckets = 1
	Sorting File: C <ia|jb> nbuckets = 1
	Sorting File: D <ij|ab> nbuckets = 1
	Sorting File: E <ai|jk> nbuckets = 1
	Sorting File: F <ia|bc> nbuckets = 1
	One-electron energy          =    -41.37683423999082
	Two-electron (AA) energy     =      6.82356630447493
	Two-electron (BB) energy     =      6.82356630447493
	Two-electron (AB) energy     =     10.73799804816606
	Two-electron energy          =     17.56156435264100
	Frozen-core energy (transqt) =    -61.28292597720756
	Reference energy             =    -76.02095771092645

*** tstop() called on lawn-143-215-103-161.lawn.gatech.edu at Fri Apr 27 14:18:08 2012
Module time:
	user time   =       0.03 seconds =       0.00 minutes
	system time =       0.03 seconds =       0.00 minutes
	total time  =          0 seconds =       0.00 minutes
Total time:
	user time   =       0.37 seconds =       0.01 minutes
	system time =       0.38 seconds =       0.01 minutes
	total time  =          2 seconds =       0.03 minutes

*** tstart() called on lawn-143-215-103-161.lawn.gatech.edu
*** at Fri Apr 27 14:18:08 2012

			**************************
			*                        *
			*        CCENERGY        *
			*                        *
			**************************

	Nuclear Rep. energy (chkpt)   =    9.077238153630928
	SCF energy          (chkpt)   =  -76.021997868123009
	Reference energy    (file100) =  -76.020957710926453

	Input parameters:
	-----------------
	Wave function   =   BCCD_T
	Reference wfn   =     RHF
	Brueckner conv. =     1.0e-05
	Memory (Mbytes) =     250.0
	Maxiter         =     50
	Convergence     =     1.0e-07
	Restart         =     Yes
	DIIS            =     Yes
	AO Basis        =     NONE
	ABCD            =     NEW
	Cache Level     =     2
	Cache Type      =     LOW
	Print Level     =     1
	Num. of threads =     1
	# Amps to Print =     10
	Print MP2 Amps? =     No
	Analyze T2 Amps =     No
	Print Pair Ener =     No
	Local CC        =     No
	SCS-MP2         =     False
	SCSN-MP2        =     False
	SCS-CCSD        =     False

	Using old T1 amplitudes.
	Using old T2 amplitudes.

	            Solving CC Amplitude Equations
	            ------------------------------
  Iter             Energy              RMS        T1Diag      D1Diag    New D1Diag
  ----     ---------------------    ---------   ----------  ----------  ----------
     0        -0.206619919168860    2.901e-08    0.006512    0.012610    0.012610
     1        -0.208158711694015    1.791e-02    0.001416    0.002628    0.002628
     2        -0.207540969975803    3.231e-03    0.000796    0.001620    0.001620
     3        -0.207503266639545    1.389e-03    0.000697    0.001343    0.001343
     4        -0.207489384226821    4.047e-04    0.000705    0.001319    0.001319
     5        -0.207487869812489    1.398e-04    0.000717    0.001300    0.001300
     6        -0.207489060072256    2.668e-05    0.000719    0.001293    0.001293
     7        -0.207489524715366    5.614e-06    0.000719    0.001290    0.001290
     8        -0.207489602728118    1.033e-06    0.000719    0.001290    0.001290
     9        -0.207489624918294    2.069e-07    0.000719    0.001289    0.001289
    10        -0.207489626902581    4.396e-08    0.000719    0.001289    0.001289

	Iterations converged.


	Largest TIA Amplitudes:
	          3  14         0.0010671377
	          2  11         0.0008203112
	          1   0        -0.0007805578
	          3  16         0.0006194978
	          1   1        -0.0005972840
	          0   0         0.0005007892
	          1   2        -0.0004670406
	          3  15         0.0003648850
	          0   2        -0.0003286296
	          0   3        -0.0002743890

	Largest TIjAb Amplitudes:
	  2   2  11  11        -0.0518604742
	  3   3  14  14        -0.0396128121
	  3   3  15  15        -0.0286102245
	  1   1   2   2        -0.0283454164
	  2   3  11  16        -0.0247639978
	  3   2  16  11        -0.0247639978
	  3   3  16  16        -0.0245348844
	  2   3  11  14        -0.0244863038
	  3   2  14  11        -0.0244863038
	  1   2   2  11         0.0243032640

	SCF energy       (chkpt)              =  -76.021997868123009
	Reference energy (file100)            =  -76.020957710926453

	Opposite-spin MP2 correlation energy  =   -0.149551680750590
	Same-spin MP2 correlation energy      =   -0.049953422080271
	MP2 correlation energy                =   -0.200478065441391
      * MP2 total energy                      =  -76.221435776367841

	Opposite-spin CCSD correlation energy =   -0.163426974158046
	Same-spin CCSD correlation energy     =   -0.044001389912623
	CCSD correlation energy               =   -0.207489626902581
      * CCSD total energy                     =  -76.228447337829039

	Rotating orbitals.  Maximum T1 =  0.001067137732

*** tstop() called on lawn-143-215-103-161.lawn.gatech.edu at Fri Apr 27 14:18:10 2012
Module time:
	user time   =       0.21 seconds =       0.00 minutes
	system time =       0.26 seconds =       0.00 minutes
	total time  =          2 seconds =       0.03 minutes
Total time:
	user time   =       0.58 seconds =       0.01 minutes
	system time =       0.64 seconds =       0.01 minutes
	total time  =          4 seconds =       0.07 minutes
Brueckner convergence check: 0

*** tstart() called on lawn-143-215-103-161.lawn.gatech.edu
*** at Fri Apr 27 14:18:10 2012


	**************************************************
	* TRANSQT2: Program to transform integrals from  *
	*           the SO basis to the MO basis.        *
	*                                                *
	*            Daniel, David, & Justin             *
	**************************************************


	Input parameters:
	-----------------
	Wave function   =	BCCD_T
	Backtransform   =	No
	Print Level     =	1
	Print TEIs      =	No
	Reference wfn   =	RHF
	Derivative      =	None
	Delete TEI File =	No
	Memory (Mbytes) =	250.0
	Cache Level     =	2
	Cache Type      =	LRU
	Chkpt Parameters:
	--------------------
	Number of irreps     = 4
	Number of SOs        = 25
	Number of MOs        = 25
	Number of active MOs = 24

	Label	# SOs	# FZDC	# DOCC	# SOCC	# VIRT	# FZVR
	-----	-----	------	------	------	------	------
	 A1	   12	    1	    2	    0	    9	    0
	 A2	   2	    0	    0	    0	    2	    0
	 B1	   4	    0	    1	    0	    3	    0
	 B2	   7	    0	    1	    0	    6	    0

	Nuclear Rep. energy (chkpt) =      9.07723815363093
	SCF energy          (chkpt) =    -76.02199786812301

	Presorting SO-basis two-electron integrals.
	Sorting File: SO Ints (pq,rs) nbuckets = 1
	Frozen-core energy =  -61.282925977207483
	Starting first half-transformation.
	Sorting half-transformed integrals.
	Starting second half-transformation.
	Two-electron integral transformation complete.

*** tstop() called on lawn-143-215-103-161.lawn.gatech.edu at Fri Apr 27 14:18:10 2012
Module time:
	user time   =       0.02 seconds =       0.00 minutes
	system time =       0.01 seconds =       0.00 minutes
	total time  =          0 seconds =       0.00 minutes
Total time:
	user time   =       0.60 seconds =       0.01 minutes
	system time =       0.65 seconds =       0.01 minutes
	total time  =          4 seconds =       0.07 minutes

*** tstart() called on lawn-143-215-103-161.lawn.gatech.edu
*** at Fri Apr 27 14:18:10 2012


			**************************
			*                        *
			*         CCSORT         *
			*                        *
			**************************


	Input parameters:
	-----------------
	Wave function   =	BCCD_T
	Reference wfn   =	RHF
	Derivative      =	None
	Memory (Mbytes) =	250.0
	AO Basis        =	NONE
	Make (ab|cd)    =	True
	Make unpacked (ab|cd) =	False
	Cache Level     =	2
	Cache Type      =	LRU
	Local CC        =     No


	Chkpt Parameters:
	--------------------
	Number of irreps     = 4
	Number of MOs        = 25
	Number of active MOs = 24

	Label	# MOs	# FZDC	# DOCC	# SOCC	# VIRT	# FZVR
	-----	-----	------	------	------	------	------
	 A1	   12	    1	    2	    0	    9	    0
	 A2	   2	    0	    0	    0	    2	    0
	 B1	   4	    0	    1	    0	    3	    0
	 B2	   7	    0	    1	    0	    6	    0

	Nuclear Rep. energy (chkpt) =      9.07723815363093
	SCF energy          (chkpt) =    -76.02199786812301

	Size of irrep 0 of <ab|cd> integrals:      0.017 (MW) /      0.135 (MB)
	Size of irrep 1 of <ab|cd> integrals:      0.005 (MW) /      0.041 (MB)
	Size of irrep 2 of <ab|cd> integrals:      0.006 (MW) /      0.049 (MB)
	Size of irrep 3 of <ab|cd> integrals:      0.014 (MW) /      0.115 (MB)
	Total:                                     0.043 (MW) /      0.341 (MB)

	Size of irrep 0 of <ia|bc> integrals:      0.004 (MW) /      0.028 (MB)
	Size of irrep 1 of <ia|bc> integrals:      0.001 (MW) /      0.007 (MB)
	Size of irrep 2 of <ia|bc> integrals:      0.001 (MW) /      0.011 (MB)
	Size of irrep 3 of <ia|bc> integrals:      0.003 (MW) /      0.022 (MB)
	Total:                                     0.009 (MW) /      0.068 (MB)

	Size of irrep 0 of tijab amplitudes:       0.001 (MW) /      0.006 (MB)
	Size of irrep 1 of tijab amplitudes:       0.000 (MW) /      0.001 (MB)
	Size of irrep 2 of tijab amplitudes:       0.000 (MW) /      0.002 (MB)
	Size of irrep 3 of tijab amplitudes:       0.000 (MW) /      0.004 (MB)
	Total:                                     0.002 (MW) /      0.014 (MB)


	Sorting File: A <ij|kl> nbuckets = 1
	Sorting File: B(+) <ab|cd> nbuckets = 1
	Sorting File: C <ia|jb> nbuckets = 1
	Sorting File: D <ij|ab> nbuckets = 1
	Sorting File: E <ai|jk> nbuckets = 1
	Sorting File: F <ia|bc> nbuckets = 1
	One-electron energy          =    -41.39374643905249
	Two-electron (AA) energy     =      6.83025689612543
	Two-electron (BB) energy     =      6.83025689612543
	Two-electron (AB) energy     =     10.74811602078254
	Two-electron energy          =     17.57837291690797
	Frozen-core energy (transqt) =    -61.28292597720748
	Reference energy             =    -76.02106134572108

*** tstop() called on lawn-143-215-103-161.lawn.gatech.edu at Fri Apr 27 14:18:10 2012
Module time:
	user time   =       0.02 seconds =       0.00 minutes
	system time =       0.03 seconds =       0.00 minutes
	total time  =          0 seconds =       0.00 minutes
Total time:
	user time   =       0.62 seconds =       0.01 minutes
	system time =       0.68 seconds =       0.01 minutes
	total time  =          4 seconds =       0.07 minutes

*** tstart() called on lawn-143-215-103-161.lawn.gatech.edu
*** at Fri Apr 27 14:18:10 2012

			**************************
			*                        *
			*        CCENERGY        *
			*                        *
			**************************

	Nuclear Rep. energy (chkpt)   =    9.077238153630928
	SCF energy          (chkpt)   =  -76.021997868123009
	Reference energy    (file100) =  -76.021061345721080

	Input parameters:
	-----------------
	Wave function   =   BCCD_T
	Reference wfn   =     RHF
	Brueckner conv. =     1.0e-05
	Memory (Mbytes) =     250.0
	Maxiter         =     50
	Convergence     =     1.0e-07
	Restart         =     Yes
	DIIS            =     Yes
	AO Basis        =     NONE
	ABCD            =     NEW
	Cache Level     =     2
	Cache Type      =     LOW
	Print Level     =     1
	Num. of threads =     1
	# Amps to Print =     10
	Print MP2 Amps? =     No
	Analyze T2 Amps =     No
	Print Pair Ener =     No
	Local CC        =     No
	SCS-MP2         =     False
	SCSN-MP2        =     False
	SCS-CCSD        =     False

	Using old T1 amplitudes.
	Using old T2 amplitudes.

	            Solving CC Amplitude Equations
	            ------------------------------
  Iter             Energy              RMS        T1Diag      D1Diag    New D1Diag
  ----     ---------------------    ---------   ----------  ----------  ----------
     0        -0.207387297483731    4.396e-08    0.000719    0.001289    0.001289
     1        -0.207363628967694    2.974e-03    0.000240    0.000407    0.000407
     2        -0.207394104527073    4.230e-04    0.000149    0.000232    0.000232
     3        -0.207395141226566    1.227e-04    0.000164    0.000266    0.000266
     4        -0.207397532924579    2.751e-05    0.000166    0.000275    0.000275
     5        -0.207397345211821    9.153e-06    0.000167    0.000277    0.000277
     6        -0.207397330465481    2.583e-06    0.000167    0.000277    0.000277
     7        -0.207397333906793    7.991e-07    0.000167    0.000277    0.000277
     8        -0.207397330506683    1.421e-07    0.000167    0.000277    0.000277
     9        -0.207397331385241    2.812e-08    0.000167    0.000277    0.000277

	Iterations converged.


	Largest TIA Amplitudes:
	          2  11        -0.0002242089
	          3  14        -0.0002139720
	          3  16        -0.0001535123
	          1   0         0.0001487748
	          1   1         0.0001455429
	          1   2         0.0001355523
	          0   0        -0.0001095352
	          3  15        -0.0000784653
	          0   3         0.0000757666
	          0   2         0.0000756056

	Largest TIjAb Amplitudes:
	  2   2  11  11        -0.0518687460
	  3   3  14  14        -0.0395680660
	  1   1   2   2        -0.0287466421
	  3   3  15  15        -0.0286312440
	  2   3  11  16        -0.0247759629
	  3   2  16  11        -0.0247759629
	  3   3  16  16        -0.0245606627
	  1   2   2  11         0.0245488477
	  2   1  11   2         0.0245488477
	  2   3  11  14        -0.0244702937

	SCF energy       (chkpt)              =  -76.021997868123009
	Reference energy (file100)            =  -76.021061345721080

	Opposite-spin MP2 correlation energy  =   -0.149499802332927
	Same-spin MP2 correlation energy      =   -0.049951729795254
	MP2 correlation energy                =   -0.200271576012467
      * MP2 total energy                      =  -76.221332921733548

	Opposite-spin CCSD correlation energy =   -0.163402268421119
	Same-spin CCSD correlation energy     =   -0.044003139045286
	CCSD correlation energy               =   -0.207397331385241
      * CCSD total energy                     =  -76.228458677106318

	Rotating orbitals.  Maximum T1 =  0.000224208883

*** tstop() called on lawn-143-215-103-161.lawn.gatech.edu at Fri Apr 27 14:18:11 2012
Module time:
	user time   =       0.19 seconds =       0.00 minutes
	system time =       0.24 seconds =       0.00 minutes
	total time  =          1 seconds =       0.02 minutes
Total time:
	user time   =       0.81 seconds =       0.01 minutes
	system time =       0.92 seconds =       0.02 minutes
	total time  =          5 seconds =       0.08 minutes
Brueckner convergence check: 0

*** tstart() called on lawn-143-215-103-161.lawn.gatech.edu
*** at Fri Apr 27 14:18:11 2012


	**************************************************
	* TRANSQT2: Program to transform integrals from  *
	*           the SO basis to the MO basis.        *
	*                                                *
	*            Daniel, David, & Justin             *
	**************************************************


	Input parameters:
	-----------------
	Wave function   =	BCCD_T
	Backtransform   =	No
	Print Level     =	1
	Print TEIs      =	No
	Reference wfn   =	RHF
	Derivative      =	None
	Delete TEI File =	No
	Memory (Mbytes) =	250.0
	Cache Level     =	2
	Cache Type      =	LRU
	Chkpt Parameters:
	--------------------
	Number of irreps     = 4
	Number of SOs        = 25
	Number of MOs        = 25
	Number of active MOs = 24

	Label	# SOs	# FZDC	# DOCC	# SOCC	# VIRT	# FZVR
	-----	-----	------	------	------	------	------
	 A1	   12	    1	    2	    0	    9	    0
	 A2	   2	    0	    0	    0	    2	    0
	 B1	   4	    0	    1	    0	    3	    0
	 B2	   7	    0	    1	    0	    6	    0

	Nuclear Rep. energy (chkpt) =      9.07723815363093
	SCF energy          (chkpt) =    -76.02199786812301

	Presorting SO-basis two-electron integrals.
	Sorting File: SO Ints (pq,rs) nbuckets = 1
	Frozen-core energy =  -61.282925977207540
	Starting first half-transformation.
	Sorting half-transformed integrals.
	Starting second half-transformation.
	Two-electron integral transformation complete.

*** tstop() called on lawn-143-215-103-161.lawn.gatech.edu at Fri Apr 27 14:18:11 2012
Module time:
	user time   =       0.02 seconds =       0.00 minutes
	system time =       0.01 seconds =       0.00 minutes
	total time  =          0 seconds =       0.00 minutes
Total time:
	user time   =       0.83 seconds =       0.01 minutes
	system time =       0.93 seconds =       0.02 minutes
	total time  =          5 seconds =       0.08 minutes

*** tstart() called on lawn-143-215-103-161.lawn.gatech.edu
*** at Fri Apr 27 14:18:11 2012


			**************************
			*                        *
			*         CCSORT         *
			*                        *
			**************************


	Input parameters:
	-----------------
	Wave function   =	BCCD_T
	Reference wfn   =	RHF
	Derivative      =	None
	Memory (Mbytes) =	250.0
	AO Basis        =	NONE
	Make (ab|cd)    =	True
	Make unpacked (ab|cd) =	False
	Cache Level     =	2
	Cache Type      =	LRU
	Local CC        =     No


	Chkpt Parameters:
	--------------------
	Number of irreps     = 4
	Number of MOs        = 25
	Number of active MOs = 24

	Label	# MOs	# FZDC	# DOCC	# SOCC	# VIRT	# FZVR
	-----	-----	------	------	------	------	------
	 A1	   12	    1	    2	    0	    9	    0
	 A2	   2	    0	    0	    0	    2	    0
	 B1	   4	    0	    1	    0	    3	    0
	 B2	   7	    0	    1	    0	    6	    0

	Nuclear Rep. energy (chkpt) =      9.07723815363093
	SCF energy          (chkpt) =    -76.02199786812301

	Size of irrep 0 of <ab|cd> integrals:      0.017 (MW) /      0.135 (MB)
	Size of irrep 1 of <ab|cd> integrals:      0.005 (MW) /      0.041 (MB)
	Size of irrep 2 of <ab|cd> integrals:      0.006 (MW) /      0.049 (MB)
	Size of irrep 3 of <ab|cd> integrals:      0.014 (MW) /      0.115 (MB)
	Total:                                     0.043 (MW) /      0.341 (MB)

	Size of irrep 0 of <ia|bc> integrals:      0.004 (MW) /      0.028 (MB)
	Size of irrep 1 of <ia|bc> integrals:      0.001 (MW) /      0.007 (MB)
	Size of irrep 2 of <ia|bc> integrals:      0.001 (MW) /      0.011 (MB)
	Size of irrep 3 of <ia|bc> integrals:      0.003 (MW) /      0.022 (MB)
	Total:                                     0.009 (MW) /      0.068 (MB)

	Size of irrep 0 of tijab amplitudes:       0.001 (MW) /      0.006 (MB)
	Size of irrep 1 of tijab amplitudes:       0.000 (MW) /      0.001 (MB)
	Size of irrep 2 of tijab amplitudes:       0.000 (MW) /      0.002 (MB)
	Size of irrep 3 of tijab amplitudes:       0.000 (MW) /      0.004 (MB)
	Total:                                     0.002 (MW) /      0.014 (MB)


	Sorting File: A <ij|kl> nbuckets = 1
	Sorting File: B(+) <ab|cd> nbuckets = 1
	Sorting File: C <ia|jb> nbuckets = 1
	Sorting File: D <ij|ab> nbuckets = 1
	Sorting File: E <ai|jk> nbuckets = 1
	Sorting File: F <ia|bc> nbuckets = 1
	One-electron energy          =    -41.38964002694799
	Two-electron (AA) energy     =      6.82863046505865
	Two-electron (BB) energy     =      6.82863046505865
	Two-electron (AB) energy     =     10.74565333820996
	Two-electron energy          =     17.57428380326861
	Frozen-core energy (transqt) =    -61.28292597720754
	Reference energy             =    -76.02104404725598

*** tstop() called on lawn-143-215-103-161.lawn.gatech.edu at Fri Apr 27 14:18:11 2012
Module time:
	user time   =       0.02 seconds =       0.00 minutes
	system time =       0.03 seconds =       0.00 minutes
	total time  =          0 seconds =       0.00 minutes
Total time:
	user time   =       0.85 seconds =       0.01 minutes
	system time =       0.96 seconds =       0.02 minutes
	total time  =          5 seconds =       0.08 minutes

*** tstart() called on lawn-143-215-103-161.lawn.gatech.edu
*** at Fri Apr 27 14:18:11 2012

			**************************
			*                        *
			*        CCENERGY        *
			*                        *
			**************************

	Nuclear Rep. energy (chkpt)   =    9.077238153630928
	SCF energy          (chkpt)   =  -76.021997868123009
	Reference energy    (file100) =  -76.021044047255984

	Input parameters:
	-----------------
	Wave function   =   BCCD_T
	Reference wfn   =     RHF
	Brueckner conv. =     1.0e-05
	Memory (Mbytes) =     250.0
	Maxiter         =     50
	Convergence     =     1.0e-07
	Restart         =     Yes
	DIIS            =     Yes
	AO Basis        =     NONE
	ABCD            =     NEW
	Cache Level     =     2
	Cache Type      =     LOW
	Print Level     =     1
	Num. of threads =     1
	# Amps to Print =     10
	Print MP2 Amps? =     No
	Analyze T2 Amps =     No
	Print Pair Ener =     No
	Local CC        =     No
	SCS-MP2         =     False
	SCSN-MP2        =     False
	SCS-CCSD        =     False

	Using old T1 amplitudes.
	Using old T2 amplitudes.

	            Solving CC Amplitude Equations
	            ------------------------------
  Iter             Energy              RMS        T1Diag      D1Diag    New D1Diag
  ----     ---------------------    ---------   ----------  ----------  ----------
     0        -0.207412880652333    2.812e-08    0.000167    0.000277    0.000277
     1        -0.207418858999203    7.046e-04    0.000059    0.000097    0.000097
     2        -0.207412614067734    9.867e-05    0.000036    0.000057    0.000057
     3        -0.207412535143105    2.461e-05    0.000039    0.000064    0.000064
     4        -0.207412051301408    5.130e-06    0.000040    0.000065    0.000065
     5        -0.207412091197502    1.594e-06    0.000040    0.000066    0.000066
     6        -0.207412093008590    4.284e-07    0.000040    0.000066    0.000066
     7        -0.207412091972047    1.480e-07    0.000040    0.000066    0.000066
     8        -0.207412092565401    3.049e-08    0.000040    0.000066    0.000066

	Iterations converged.


	Largest TIA Amplitudes:
	          2  11         0.0000542362
	          3  14         0.0000502004
	          3  16         0.0000374275
	          1   1        -0.0000349956
	          1   0        -0.0000340879
	          1   2        -0.0000332309
	          0   0         0.0000262070
	          0   3        -0.0000184361
	          0   2        -0.0000181246
	          3  15         0.0000177248

	Largest TIjAb Amplitudes:
	  2   2  11  11        -0.0518669771
	  3   3  14  14        -0.0395788781
	  1   1   2   2        -0.0286552615
	  3   3  15  15        -0.0286265549
	  2   3  11  16        -0.0247728321
	  3   2  16  11        -0.0247728321
	  3   3  16  16        -0.0245539997
	  1   2   2  11         0.0244931826
	  2   1  11   2         0.0244931826
	  2   3  11  14        -0.0244744387

	SCF energy       (chkpt)              =  -76.021997868123009
	Reference energy (file100)            =  -76.021044047255984

	Opposite-spin MP2 correlation energy  =   -0.149508911942663
	Same-spin MP2 correlation energy      =   -0.049951604516166
	MP2 correlation energy                =   -0.200308615490538
      * MP2 total energy                      =  -76.221352662746526

	Opposite-spin CCSD correlation energy =   -0.163407004656760
	Same-spin CCSD correlation energy     =   -0.044002967426818
	CCSD correlation energy               =   -0.207412092565401
      * CCSD total energy                     =  -76.228456139821390

	Rotating orbitals.  Maximum T1 =  0.000054236200

*** tstop() called on lawn-143-215-103-161.lawn.gatech.edu at Fri Apr 27 14:18:12 2012
Module time:
	user time   =       0.17 seconds =       0.00 minutes
	system time =       0.22 seconds =       0.00 minutes
	total time  =          1 seconds =       0.02 minutes
Total time:
	user time   =       1.03 seconds =       0.02 minutes
	system time =       1.18 seconds =       0.02 minutes
	total time  =          6 seconds =       0.10 minutes
Brueckner convergence check: 0

*** tstart() called on lawn-143-215-103-161.lawn.gatech.edu
*** at Fri Apr 27 14:18:12 2012


	**************************************************
	* TRANSQT2: Program to transform integrals from  *
	*           the SO basis to the MO basis.        *
	*                                                *
	*            Daniel, David, & Justin             *
	**************************************************


	Input parameters:
	-----------------
	Wave function   =	BCCD_T
	Backtransform   =	No
	Print Level     =	1
	Print TEIs      =	No
	Reference wfn   =	RHF
	Derivative      =	None
	Delete TEI File =	No
	Memory (Mbytes) =	250.0
	Cache Level     =	2
	Cache Type      =	LRU
	Chkpt Parameters:
	--------------------
	Number of irreps     = 4
	Number of SOs        = 25
	Number of MOs        = 25
	Number of active MOs = 24

	Label	# SOs	# FZDC	# DOCC	# SOCC	# VIRT	# FZVR
	-----	-----	------	------	------	------	------
	 A1	   12	    1	    2	    0	    9	    0
	 A2	   2	    0	    0	    0	    2	    0
	 B1	   4	    0	    1	    0	    3	    0
	 B2	   7	    0	    1	    0	    6	    0

	Nuclear Rep. energy (chkpt) =      9.07723815363093
	SCF energy          (chkpt) =    -76.02199786812301

	Presorting SO-basis two-electron integrals.
	Sorting File: SO Ints (pq,rs) nbuckets = 1
	Frozen-core energy =  -61.282925977207483
	Starting first half-transformation.
	Sorting half-transformed integrals.
	Starting second half-transformation.
	Two-electron integral transformation complete.

*** tstop() called on lawn-143-215-103-161.lawn.gatech.edu at Fri Apr 27 14:18:13 2012
Module time:
	user time   =       0.02 seconds =       0.00 minutes
	system time =       0.01 seconds =       0.00 minutes
	total time  =          1 seconds =       0.02 minutes
Total time:
	user time   =       1.05 seconds =       0.02 minutes
	system time =       1.19 seconds =       0.02 minutes
	total time  =          7 seconds =       0.12 minutes

*** tstart() called on lawn-143-215-103-161.lawn.gatech.edu
*** at Fri Apr 27 14:18:13 2012


			**************************
			*                        *
			*         CCSORT         *
			*                        *
			**************************


	Input parameters:
	-----------------
	Wave function   =	BCCD_T
	Reference wfn   =	RHF
	Derivative      =	None
	Memory (Mbytes) =	250.0
	AO Basis        =	NONE
	Make (ab|cd)    =	True
	Make unpacked (ab|cd) =	False
	Cache Level     =	2
	Cache Type      =	LRU
	Local CC        =     No


	Chkpt Parameters:
	--------------------
	Number of irreps     = 4
	Number of MOs        = 25
	Number of active MOs = 24

	Label	# MOs	# FZDC	# DOCC	# SOCC	# VIRT	# FZVR
	-----	-----	------	------	------	------	------
	 A1	   12	    1	    2	    0	    9	    0
	 A2	   2	    0	    0	    0	    2	    0
	 B1	   4	    0	    1	    0	    3	    0
	 B2	   7	    0	    1	    0	    6	    0

	Nuclear Rep. energy (chkpt) =      9.07723815363093
	SCF energy          (chkpt) =    -76.02199786812301

	Size of irrep 0 of <ab|cd> integrals:      0.017 (MW) /      0.135 (MB)
	Size of irrep 1 of <ab|cd> integrals:      0.005 (MW) /      0.041 (MB)
	Size of irrep 2 of <ab|cd> integrals:      0.006 (MW) /      0.049 (MB)
	Size of irrep 3 of <ab|cd> integrals:      0.014 (MW) /      0.115 (MB)
	Total:                                     0.043 (MW) /      0.341 (MB)

	Size of irrep 0 of <ia|bc> integrals:      0.004 (MW) /      0.028 (MB)
	Size of irrep 1 of <ia|bc> integrals:      0.001 (MW) /      0.007 (MB)
	Size of irrep 2 of <ia|bc> integrals:      0.001 (MW) /      0.011 (MB)
	Size of irrep 3 of <ia|bc> integrals:      0.003 (MW) /      0.022 (MB)
	Total:                                     0.009 (MW) /      0.068 (MB)

	Size of irrep 0 of tijab amplitudes:       0.001 (MW) /      0.006 (MB)
	Size of irrep 1 of tijab amplitudes:       0.000 (MW) /      0.001 (MB)
	Size of irrep 2 of tijab amplitudes:       0.000 (MW) /      0.002 (MB)
	Size of irrep 3 of tijab amplitudes:       0.000 (MW) /      0.004 (MB)
	Total:                                     0.002 (MW) /      0.014 (MB)


	Sorting File: A <ij|kl> nbuckets = 1
	Sorting File: B(+) <ab|cd> nbuckets = 1
	Sorting File: C <ia|jb> nbuckets = 1
	Sorting File: D <ij|ab> nbuckets = 1
	Sorting File: E <ai|jk> nbuckets = 1
	Sorting File: F <ia|bc> nbuckets = 1
	One-electron energy          =    -41.39062673511584
	Two-electron (AA) energy     =      6.82902119243255
	Two-electron (BB) energy     =      6.82902119243255
	Two-electron (AB) energy     =     10.74624514424565
	Two-electron energy          =     17.57526633667820
	Frozen-core energy (transqt) =    -61.28292597720748
	Reference energy             =    -76.02104822201420

*** tstop() called on lawn-143-215-103-161.lawn.gatech.edu at Fri Apr 27 14:18:13 2012
Module time:
	user time   =       0.02 seconds =       0.00 minutes
	system time =       0.03 seconds =       0.00 minutes
	total time  =          0 seconds =       0.00 minutes
Total time:
	user time   =       1.07 seconds =       0.02 minutes
	system time =       1.22 seconds =       0.02 minutes
	total time  =          7 seconds =       0.12 minutes

*** tstart() called on lawn-143-215-103-161.lawn.gatech.edu
*** at Fri Apr 27 14:18:13 2012

			**************************
			*                        *
			*        CCENERGY        *
			*                        *
			**************************

	Nuclear Rep. energy (chkpt)   =    9.077238153630928
	SCF energy          (chkpt)   =  -76.021997868123009
	Reference energy    (file100) =  -76.021048222014201

	Input parameters:
	-----------------
	Wave function   =   BCCD_T
	Reference wfn   =     RHF
	Brueckner conv. =     1.0e-05
	Memory (Mbytes) =     250.0
	Maxiter         =     50
	Convergence     =     1.0e-07
	Restart         =     Yes
	DIIS            =     Yes
	AO Basis        =     NONE
	ABCD            =     NEW
	Cache Level     =     2
	Cache Type      =     LOW
	Print Level     =     1
	Num. of threads =     1
	# Amps to Print =     10
	Print MP2 Amps? =     No
	Analyze T2 Amps =     No
	Print Pair Ener =     No
	Local CC        =     No
	SCS-MP2         =     False
	SCSN-MP2        =     False
	SCS-CCSD        =     False

	Using old T1 amplitudes.
	Using old T2 amplitudes.

	            Solving CC Amplitude Equations
	            ------------------------------
  Iter             Energy              RMS        T1Diag      D1Diag    New D1Diag
  ----     ---------------------    ---------   ----------  ----------  ----------
     0        -0.207408042117730    3.049e-08    0.000040    0.000066    0.000066
     1        -0.207406953391662    1.681e-04    0.000014    0.000023    0.000023
     2        -0.207408397717259    2.342e-05    0.000009    0.000014    0.000014
     3        -0.207408412668758    5.697e-06    0.000009    0.000015    0.000015
     4        -0.207408525580593    1.174e-06    0.000009    0.000016    0.000016
     5        -0.207408516363733    3.548e-07    0.000010    0.000016    0.000016
     6        -0.207408515897752    9.232e-08    0.000010    0.000016    0.000016

	Iterations converged.


	Largest TIA Amplitudes:
	          2  11        -0.0000130200
	          3  14        -0.0000119616
	          3  16        -0.0000089878
	          1   1         0.0000083505
	          1   2         0.0000080068
	          1   0         0.0000079846
	          0   0        -0.0000063180
	          0   3         0.0000044287
	          0   2         0.0000043339
	          3  15        -0.0000041499

	Largest TIjAb Amplitudes:
	  2   2  11  11        -0.0518673964
	  3   3  14  14        -0.0395762748
	  1   1   2   2        -0.0286767859
	  3   3  15  15        -0.0286276577
	  2   3  11  16        -0.0247735960
	  3   2  16  11        -0.0247735960
	  3   3  16  16        -0.0245556246
	  1   2   2  11         0.0245063043
	  2   1  11   2         0.0245063043
	  2   3  11  14        -0.0244734325

	SCF energy       (chkpt)              =  -76.021997868123009
	Reference energy (file100)            =  -76.021048222014201

	Opposite-spin MP2 correlation energy  =   -0.149506872174323
	Same-spin MP2 correlation energy      =   -0.049951659823137
	MP2 correlation energy                =   -0.200299722127609
      * MP2 total energy                      =  -76.221347944141812

	Opposite-spin CCSD correlation energy =   -0.163405974726863
	Same-spin CCSD correlation energy     =   -0.044003028665712
	CCSD correlation energy               =   -0.207408515897752
      * CCSD total energy                     =  -76.228456737911955

	Rotating orbitals.  Maximum T1 =  0.000013020009

*** tstop() called on lawn-143-215-103-161.lawn.gatech.edu at Fri Apr 27 14:18:14 2012
Module time:
	user time   =       0.14 seconds =       0.00 minutes
	system time =       0.17 seconds =       0.00 minutes
	total time  =          1 seconds =       0.02 minutes
Total time:
	user time   =       1.21 seconds =       0.02 minutes
	system time =       1.39 seconds =       0.02 minutes
	total time  =          8 seconds =       0.13 minutes
Brueckner convergence check: 0

*** tstart() called on lawn-143-215-103-161.lawn.gatech.edu
*** at Fri Apr 27 14:18:14 2012


	**************************************************
	* TRANSQT2: Program to transform integrals from  *
	*           the SO basis to the MO basis.        *
	*                                                *
	*            Daniel, David, & Justin             *
	**************************************************


	Input parameters:
	-----------------
	Wave function   =	BCCD_T
	Backtransform   =	No
	Print Level     =	1
	Print TEIs      =	No
	Reference wfn   =	RHF
	Derivative      =	None
	Delete TEI File =	No
	Memory (Mbytes) =	250.0
	Cache Level     =	2
	Cache Type      =	LRU
	Chkpt Parameters:
	--------------------
	Number of irreps     = 4
	Number of SOs        = 25
	Number of MOs        = 25
	Number of active MOs = 24

	Label	# SOs	# FZDC	# DOCC	# SOCC	# VIRT	# FZVR
	-----	-----	------	------	------	------	------
	 A1	   12	    1	    2	    0	    9	    0
	 A2	   2	    0	    0	    0	    2	    0
	 B1	   4	    0	    1	    0	    3	    0
	 B2	   7	    0	    1	    0	    6	    0

	Nuclear Rep. energy (chkpt) =      9.07723815363093
	SCF energy          (chkpt) =    -76.02199786812301

	Presorting SO-basis two-electron integrals.
	Sorting File: SO Ints (pq,rs) nbuckets = 1
	Frozen-core energy =  -61.282925977207526
	Starting first half-transformation.
	Sorting half-transformed integrals.
	Starting second half-transformation.
	Two-electron integral transformation complete.

*** tstop() called on lawn-143-215-103-161.lawn.gatech.edu at Fri Apr 27 14:18:14 2012
Module time:
	user time   =       0.01 seconds =       0.00 minutes
	system time =       0.01 seconds =       0.00 minutes
	total time  =          0 seconds =       0.00 minutes
Total time:
	user time   =       1.22 seconds =       0.02 minutes
	system time =       1.40 seconds =       0.02 minutes
	total time  =          8 seconds =       0.13 minutes

*** tstart() called on lawn-143-215-103-161.lawn.gatech.edu
*** at Fri Apr 27 14:18:14 2012


			**************************
			*                        *
			*         CCSORT         *
			*                        *
			**************************


	Input parameters:
	-----------------
	Wave function   =	BCCD_T
	Reference wfn   =	RHF
	Derivative      =	None
	Memory (Mbytes) =	250.0
	AO Basis        =	NONE
	Make (ab|cd)    =	True
	Make unpacked (ab|cd) =	False
	Cache Level     =	2
	Cache Type      =	LRU
	Local CC        =     No


	Chkpt Parameters:
	--------------------
	Number of irreps     = 4
	Number of MOs        = 25
	Number of active MOs = 24

	Label	# MOs	# FZDC	# DOCC	# SOCC	# VIRT	# FZVR
	-----	-----	------	------	------	------	------
	 A1	   12	    1	    2	    0	    9	    0
	 A2	   2	    0	    0	    0	    2	    0
	 B1	   4	    0	    1	    0	    3	    0
	 B2	   7	    0	    1	    0	    6	    0

	Nuclear Rep. energy (chkpt) =      9.07723815363093
	SCF energy          (chkpt) =    -76.02199786812301

	Size of irrep 0 of <ab|cd> integrals:      0.017 (MW) /      0.135 (MB)
	Size of irrep 1 of <ab|cd> integrals:      0.005 (MW) /      0.041 (MB)
	Size of irrep 2 of <ab|cd> integrals:      0.006 (MW) /      0.049 (MB)
	Size of irrep 3 of <ab|cd> integrals:      0.014 (MW) /      0.115 (MB)
	Total:                                     0.043 (MW) /      0.341 (MB)

	Size of irrep 0 of <ia|bc> integrals:      0.004 (MW) /      0.028 (MB)
	Size of irrep 1 of <ia|bc> integrals:      0.001 (MW) /      0.007 (MB)
	Size of irrep 2 of <ia|bc> integrals:      0.001 (MW) /      0.011 (MB)
	Size of irrep 3 of <ia|bc> integrals:      0.003 (MW) /      0.022 (MB)
	Total:                                     0.009 (MW) /      0.068 (MB)

	Size of irrep 0 of tijab amplitudes:       0.001 (MW) /      0.006 (MB)
	Size of irrep 1 of tijab amplitudes:       0.000 (MW) /      0.001 (MB)
	Size of irrep 2 of tijab amplitudes:       0.000 (MW) /      0.002 (MB)
	Size of irrep 3 of tijab amplitudes:       0.000 (MW) /      0.004 (MB)
	Total:                                     0.002 (MW) /      0.014 (MB)


	Sorting File: A <ij|kl> nbuckets = 1
	Sorting File: B(+) <ab|cd> nbuckets = 1
	Sorting File: C <ia|jb> nbuckets = 1
	Sorting File: D <ij|ab> nbuckets = 1
	Sorting File: E <ai|jk> nbuckets = 1
	Sorting File: F <ia|bc> nbuckets = 1
	One-electron energy          =    -41.39039048159442
	Two-electron (AA) energy     =      6.82892763869780
	Two-electron (BB) energy     =      6.82892763869780
	Two-electron (AB) energy     =     10.74610342324078
	Two-electron energy          =     17.57503106193858
	Frozen-core energy (transqt) =    -61.28292597720753
	Reference energy             =    -76.02104724323245

*** tstop() called on lawn-143-215-103-161.lawn.gatech.edu at Fri Apr 27 14:18:14 2012
Module time:
	user time   =       0.03 seconds =       0.00 minutes
	system time =       0.04 seconds =       0.00 minutes
	total time  =          0 seconds =       0.00 minutes
Total time:
	user time   =       1.25 seconds =       0.02 minutes
	system time =       1.44 seconds =       0.02 minutes
	total time  =          8 seconds =       0.13 minutes

*** tstart() called on lawn-143-215-103-161.lawn.gatech.edu
*** at Fri Apr 27 14:18:14 2012

			**************************
			*                        *
			*        CCENERGY        *
			*                        *
			**************************

	Nuclear Rep. energy (chkpt)   =    9.077238153630928
	SCF energy          (chkpt)   =  -76.021997868123009
	Reference energy    (file100) =  -76.021047243232445

	Input parameters:
	-----------------
	Wave function   =   BCCD_T
	Reference wfn   =     RHF
	Brueckner conv. =     1.0e-05
	Memory (Mbytes) =     250.0
	Maxiter         =     50
	Convergence     =     1.0e-07
	Restart         =     Yes
	DIIS            =     Yes
	AO Basis        =     NONE
	ABCD            =     NEW
	Cache Level     =     2
	Cache Type      =     LOW
	Print Level     =     1
	Num. of threads =     1
	# Amps to Print =     10
	Print MP2 Amps? =     No
	Analyze T2 Amps =     No
	Print Pair Ener =     No
	Local CC        =     No
	SCS-MP2         =     False
	SCSN-MP2        =     False
	SCS-CCSD        =     False

	Using old T1 amplitudes.
	Using old T2 amplitudes.

	            Solving CC Amplitude Equations
	            ------------------------------
  Iter             Energy              RMS        T1Diag      D1Diag    New D1Diag
  ----     ---------------------    ---------   ----------  ----------  ----------
     0        -0.207409457117434    9.232e-08    0.000010    0.000016    0.000016
     1        -0.207409722761972    4.014e-05    0.000003    0.000006    0.000006
     2        -0.207409379462312    5.585e-06    0.000002    0.000003    0.000003
     3        -0.207409376189431    1.342e-06    0.000002    0.000004    0.000004
     4        -0.207409349570596    2.728e-07    0.000002    0.000004    0.000004
     5        -0.207409353031502    7.962e-08    0.000002    0.000004    0.000004

	Iterations converged.


	Largest TIA Amplitudes:
	          2  11         0.0000031297
	          3  14         0.0000028421
	          3  16         0.0000021521
	          1   1        -0.0000020031
	          1   2        -0.0000019276
	          1   0        -0.0000017800
	          0   0         0.0000015278
	          0   3        -0.0000010650
	          0   2        -0.0000010376
	          3  15         0.0000009831

	Largest TIjAb Amplitudes:
	  2   2  11  11        -0.0518672946
	  3   3  14  14        -0.0395769038
	  1   1   2   2        -0.0286716699
	  3   3  15  15        -0.0286273935
	  2   3  11  16        -0.0247734110
	  3   2  16  11        -0.0247734110
	  3   3  16  16        -0.0245552320
	  1   2   2  11         0.0245031875
	  2   1  11   2         0.0245031875
	  2   3  11  14        -0.0244736741

	SCF energy       (chkpt)              =  -76.021997868123009
	Reference energy (file100)            =  -76.021047243232445

	Opposite-spin MP2 correlation energy  =   -0.149507353898414
	Same-spin MP2 correlation energy      =   -0.049951645765162
	MP2 correlation energy                =   -0.200301817031387
      * MP2 total energy                      =  -76.221349060263833

	Opposite-spin CCSD correlation energy =   -0.163406222462575
	Same-spin CCSD correlation energy     =   -0.044003014486474
	CCSD correlation energy               =   -0.207409353031502
      * CCSD total energy                     =  -76.228456596263953

	Brueckner orbitals converged.  Maximum T1 =  0.000003129697

*** tstop() called on lawn-143-215-103-161.lawn.gatech.edu at Fri Apr 27 14:18:15 2012
Module time:
	user time   =       0.11 seconds =       0.00 minutes
	system time =       0.14 seconds =       0.00 minutes
	total time  =          1 seconds =       0.02 minutes
Total time:
	user time   =       1.36 seconds =       0.02 minutes
	system time =       1.58 seconds =       0.03 minutes
	total time  =          9 seconds =       0.15 minutes
Brueckner convergence check: 1

*** tstart() called on lawn-143-215-103-161.lawn.gatech.edu
*** at Fri Apr 27 14:18:15 2012

			**************************
			*                        *
			*        CCTRIPLES       *
			*                        *
			**************************


	Wave function   =    BCCD_T
	Reference wfn   =      RHF

	Nuclear Rep. energy (chkpt)   =    9.077238153630928
	SCF energy          (chkpt)   =  -76.021997868123009
	Reference energy    (file100) =  -76.021047243232445
	CCSD energy         (file100) =   -0.207409353031502
	Total CCSD energy   (file100) =  -76.228456596263953

	Number of ijk index combinations: 20
	(T) energy                    =   -0.002996333187546
      * CCSD(T) total energy          =  -76.231452929451493


*** tstop() called on lawn-143-215-103-161.lawn.gatech.edu at Fri Apr 27 14:18:15 2012
Module time:
	user time   =       0.04 seconds =       0.00 minutes
	system time =       0.04 seconds =       0.00 minutes
	total time  =          0 seconds =       0.00 minutes
Total time:
	user time   =       1.40 seconds =       0.02 minutes
	system time =       1.62 seconds =       0.03 minutes
	total time  =          9 seconds =       0.15 minutes

*** PSI4 exiting successfully. Buy a developer a beer!
