    -----------------------------------------------------------------------
          PSI4: An Open-Source Ab Initio Electronic Structure Package
                              PSI 4.0.0-beta1 Driver

               Git: Rev 8268e5ba0276eef671d5bc4a44cf66fa46407463

    J. M. Turney, A. C. Simmonett, R. M. Parrish, E. G. Hohenstein,
    F. A. Evangelista, J. T. Fermann, B. J. Mintz, L. A. Burns, J. J. Wilke,
    M. L. Abrams, N. J. Russ, M. L. Leininger, C. L. Janssen, E. T. Seidl,
    W. D. Allen, H. F. Schaefer, R. A. King, E. F. Valeev, C. D. Sherrill,
    and T. D. Crawford, WIREs Comput. Mol. Sci., (2011) (doi: 10.1002/wcms.93)

                         Additional Contributions by
    A. E. DePrince, M. Saitow, U. Bozkaya, A. Yu. Sokolov
    -----------------------------------------------------------------------


    Using LocalCommunicator (Number of processes = 1)

    Memory level set to 256.000 MB

  ==> Input File <==

--------------------------------------------------------------------------
#! DF-SCF cc-pVDZ of benzene-hydronium ion, scanning the dissociation coordinate with
#! Python's built-in loop mechanism. The geometry is specified by a Z-matrix with dummy
#! atoms, fixed parameters, updated parameters, and separate charge/multiplicity
#! specifiers for each monomer. One-electron properties computed for dimer and one monomer.
 
memory 250 mb
refENuc   = [ 268.617178206587084, 13.021346299597003,  #TEST
              258.850941286554473, 13.021346299596999 ] #TEST
refESCF   = [ -303.20625701081264, -75.32040649154762,  #TEST
              -303.20499967316636, -75.32040649154514 ] #TEST
refDipY   = [ 17.7759552887,  2.2770512884, 21.6845920985,  2.2770512884 ]  #TEST
refQuadYY = [ 25.4523671288, -5.5116358496, 57.3954213176, -5.5116358496 ]  #TEST
 
Rvals = [ 4.0, 5.0 ]

set {
    DIIS True
    DIIS_MIN_VECS 5
    DIIS_MAX_VECS 9
    MAXITER 1000
    E_CONVERGENCE 11
    D_CONVERGENCE 11
    GUESS SAD
    SCF_TYPE DF
    REFERENCE RHF
}

count = 0                                                                                            #TEST

for R in Rvals:
    molecule dimer {
    0 1
               C          0.710500000000    Bz    -1.230622098778
               C          1.421000000000    Bz     0.000000000000
               C          0.710500000000    Bz     1.230622098778
               C         -0.710500000000    Bz     1.230622098778
               H          1.254500000000    Bz    -2.172857738095
               H         -1.254500000000    Bz     2.172857738095
               C         -0.710500000000    Bz    -1.230622098778
               C         -1.421000000000    Bz     0.000000000000
               H          2.509000000000    Bz     0.000000000000
               H          1.254500000000    Bz     2.172857738095
               H         -1.254500000000    Bz    -2.172857738095
               H         -2.509000000000    Bz     0.000000000000
    --
    1 1
               O          0.000000000000    Oy     0.000000000000
               H          0.494974746831    Hy    -0.857321409974
               H          0.494974746831    Hy     0.857321409974
               H         -0.989949493661    Hy     0.000000000000
    units angstrom
    }
    #dimer.Bz = -4.794637665924 + R
    #dimer.Oy = -0.794637665924 + R
    #dimer.Hy = -0.444637665924 + R
    dimer.Bz = 0.0
    dimer.Oy = R
    dimer.Hy = R + 0.35

    set BASIS sto-3g
    set DF_BASIS_SCF cc-pVDZ-JKFIT

    activate(dimer)

    eehf = energy('scf')
    oe = OEProp()
    oe.set_title("BZH3O+ SCF")
    oe.add("DIPOLE")
    oe.add("QUADRUPOLE")
    oe.compute()

    compare_values(refENuc[count], dimer.nuclear_repulsion_energy(),                                 #TEST
                      9, "Nuclear repulsion energy %d" % count)                                      #TEST
    compare_values(refESCF[count], eehf, 9, "Reference energy %d" % count)                           #TEST
    compare_values(refDipY[count], get_variable("SCF DIPOLE Y"),                                     #TEST
                      5, "Y Component of Dipole %d" % count)                                         #TEST
    compare_values(refQuadYY[count], get_variable("BZH3O+ SCF QUADRUPOLE YY"),                       #TEST
                      5, "YY Component of Quadrupole %d" % count)                                    #TEST

    clean()
    count = count + 1                                                                                #TEST


    monoB = dimer.extract_subsets(2)

    eehf = energy('scf')
    oe = OEProp()
    oe.set_title("H3O+ SCF")
    oe.add("DIPOLE")
    oe.add("QUADRUPOLE")
    oe.compute()
    
    compare_values(refENuc[count], monoB.nuclear_repulsion_energy(),                                 #TEST
                      9, "Nuclear repulsion energy %d" % count)                                      #TEST
    compare_values(refESCF[count], eehf, 9, "Reference energy %d" % count)                           #TEST
    compare_values(refDipY[count], get_variable("SCF DIPOLE Y"),                                     #TEST
                      5, "Y Component of Dipole %d" % count)                                         #TEST
    compare_values(refQuadYY[count], get_variable("H3O+ SCF QUADRUPOLE YY"),                         #TEST
                      5, "YY Component of Quadrupole %d" % count)                                    #TEST

    clean()
    count = count + 1                                                                                #TEST

--------------------------------------------------------------------------

  Memory set to 250.000 MiB by Python script.
Setting geometry variable Bz to 0.000000
Setting geometry variable Oy to 4.000000
Setting geometry variable Hy to 4.350000

*** tstart() called on lawn-143-215-103-161.lawn.gatech.edu
*** at Fri Apr 27 13:52:46 2012


         ---------------------------------------------------------
                                   SCF
            by Justin Turney, Rob Parrish, and Andy Simmonett
                              RHF Reference
                        1 Threads,    250 MiB Core
         ---------------------------------------------------------

  ==> Geometry <==

    Molecular point group: cs

    Geometry (in Angstrom), charge = 1, multiplicity = 1:

       Center              X                  Y                   Z       
    ------------   -----------------  -----------------  -----------------
           C          0.710500000000    -0.794637665924    -1.230622098778
           C          1.421000000000    -0.794637665924     0.000000000000
           C          0.710500000000    -0.794637665924     1.230622098778
           C         -0.710500000000    -0.794637665924     1.230622098778
           H          1.254500000000    -0.794637665924    -2.172857738095
           H         -1.254500000000    -0.794637665924     2.172857738095
           C         -0.710500000000    -0.794637665924    -1.230622098778
           C         -1.421000000000    -0.794637665924     0.000000000000
           H          2.509000000000    -0.794637665924     0.000000000000
           H          1.254500000000    -0.794637665924     2.172857738095
           H         -1.254500000000    -0.794637665924    -2.172857738095
           H         -2.509000000000    -0.794637665924     0.000000000000
           O         -0.000000000000     3.205362334076     0.000000000000
           H          0.494974746831     3.555362334076    -0.857321409974
           H          0.494974746831     3.555362334076     0.857321409974
           H         -0.989949493661     3.555362334076     0.000000000000

  Running in cs symmetry.

  Nuclear repulsion =  268.617178206572532

  Charge       = 1
  Multiplicity = 1
  Electrons    = 52
  Nalpha       = 26
  Nbeta        = 26

  ==> Algorithm <==

  SCF Algorithm Type is DF.
  DIIS enabled.
  MOM disabled.
  Fractional occupation disabled.
  Guess Type is SAD.
  Energy threshold   = 1.00e-11
  Density threshold  = 1.00e-11
  Integral threshold = 0.00e+00

  ==> Primary Basis <==

  Basis Set: sto-3g
    Number of shells: 30
    Number of basis function: 44
    Number of Cartesian functions: 44
    Spherical Harmonics?: true
    Max angular momentum: 1

  ==> Pre-Iterations <==

  Minimum eigenvalue in the overlap matrix is 1.8500269953E-01.
  Using Symmetric Orthogonalization.
  SCF Guess: Superposition of Atomic Densities via on-the-fly atomic UHF.

  Initial RHF energy:  -197.10239456647207

   -------------------------------------------------------
    Irrep   Nso     Nmo     Nalpha   Nbeta   Ndocc  Nsocc
   -------------------------------------------------------
     A'        28      28      24      24      24       0
     A"        16      16      14      14      14       0
   -------------------------------------------------------
    Total      44      44      26      26      26       0
   -------------------------------------------------------

  ==> Integral Setup <==

  ==> DFJK: Density-Fitted J/K Matrices <==

    J tasked:                  Yes
    K tasked:                  Yes
    wK tasked:                  No
    OpenMP threads:              1
    Integrals threads:           1
    Memory (MB):               178
    Algorithm:                Core
    Integral Cache:           NONE
    Schwarz Cutoff:          0E+00
    Fitting Condition:       1E-12

   => Auxiliary Basis Set <=

  Basis Set: cc-pVDZ-JKFIT
    Number of shells: 249
    Number of basis function: 697
    Number of Cartesian functions: 792
    Spherical Harmonics?: true
    Max angular momentum: 3

  ==> Iterations <==

                        Total Energy        Delta E     Density RMS

   @RHF iter   0:  -300.82857161038777   -1.03726e+02   0.00000e+00 
   @RHF iter   1:  -303.12793290504845   -2.29936e+00   9.25058e-02 
   @RHF iter   2:  -303.20205732365781   -7.41244e-02   1.10870e-02 
   @RHF iter   3:  -303.20575179941903   -3.69448e-03   2.19994e-03 
   @RHF iter   4:  -303.20617954932419   -4.27750e-04   7.34995e-04 
   @RHF iter   5:  -303.20624349415272   -6.39448e-05   2.99569e-04 DIIS
   @RHF iter   6:  -303.20625692867162   -1.34345e-05   2.12416e-04 DIIS
   @RHF iter   7:  -303.20625700454644   -7.58748e-08   1.20941e-05 DIIS
   @RHF iter   8:  -303.20625701054013   -5.99368e-09   3.48734e-06 DIIS
   @RHF iter   9:  -303.20625701067894   -1.38812e-10   5.46607e-07 DIIS
   @RHF iter  10:  -303.20625701068190   -2.95586e-12   6.95107e-08 DIIS
   @RHF iter  11:  -303.20625701068235   -4.54747e-13   2.37278e-08 DIIS
   @RHF iter  12:  -303.20625701068246   -1.13687e-13   1.59937e-08 DIIS
   @RHF iter  13:  -303.20625701068224    2.27374e-13   1.13362e-08 DIIS
   @RHF iter  14:  -303.20625701068258   -3.41061e-13   6.59871e-10 DIIS
   @RHF iter  15:  -303.20625701068235    2.27374e-13   3.05222e-10 DIIS
   @RHF iter  16:  -303.20625701068258   -2.27374e-13   5.68701e-11 DIIS
   @RHF iter  17:  -303.20625701068235    2.27374e-13   1.89991e-11 DIIS

  ==> Post-Iterations <==

	Orbital Energies (a.u.)
	-----------------------

	Doubly Occupied:                                                      

	   1A'   -20.841022     2A'   -11.131451     1A"   -11.131451  
	   3A'   -11.131382     2A"   -11.131217     4A'   -11.131217  
	   5A'   -11.131131     6A'    -1.735966     7A'    -1.177220  
	   8A'    -1.048347     3A"    -1.048347     4A"    -1.040704  
	   9A'    -1.040704    10A'    -0.888139    11A'    -0.863988  
	   5A"    -0.863988    12A'    -0.754290    13A'    -0.699787  
	   6A"    -0.643866    14A'    -0.631087     7A"    -0.631087  
	  15A'    -0.546821    16A'    -0.532754     8A"    -0.532754  
	   9A"    -0.376469    17A'    -0.376469  

	Virtual:                                                              

	  18A'     0.051961    10A"     0.157002    19A'     0.157002  
	  11A"     0.209699    20A'     0.209699    21A'     0.381297  
	  22A'     0.481209    23A'     0.545968    12A"     0.545968  
	  24A'     0.594357    25A'     0.603442    13A"     0.603442  
	  26A'     0.764591    14A"     0.764591    27A'     0.767006  
	  15A"     0.767006    16A"     0.943364    28A'     1.006810  

	Final Occupation by Irrep:
	         A'    A" 
	DOCC [    17,    9 ]

  Energy converged.

  @RHF Final Energy:  -303.20625701068235

   => Energetics <=

    Nuclear Repulsion Energy =        268.6171782065725324
    One-Electron Energy =            -937.5235567108411487
    Two-Electron Energy =             365.7001214935861526
    DFT Functional Energy =             0.0000000000000000
    Empirical Dispersion Energy =       0.0000000000000000
    Total Energy =                   -303.2062570106824069

  ==> Properties <==

  Nuclear Dipole Moment: (a.u.)
     X:     0.0000      Y:     5.5448      Z:     0.0000

  Electronic Dipole Moment: (a.u.)
     X:    -0.0000      Y:     1.4488      Z:     0.0000

  Dipole Moment: (a.u.)
     X:    -0.0000      Y:     6.9936      Z:     0.0000     Total:     6.9936

  Dipole Moment: (Debye)
     X:    -0.0000      Y:    17.7760      Z:     0.0000     Total:    17.7760


  Saving occupied orbitals to File 180.

*** tstop() called on lawn-143-215-103-161.lawn.gatech.edu at Fri Apr 27 13:52:49 2012
Module time:
	user time   =       3.92 seconds =       0.07 minutes
	system time =       0.15 seconds =       0.00 minutes
	total time  =          3 seconds =       0.05 minutes
Total time:
	user time   =       3.92 seconds =       0.07 minutes
	system time =       0.15 seconds =       0.00 minutes
	total time  =          3 seconds =       0.05 minutes
  Nuclear Dipole Moment: (a.u.)
     X:     0.0000      Y:     5.5448      Z:     0.0000

  Electronic Dipole Moment: (a.u.)
     X:    -0.0000      Y:     1.4488      Z:     0.0000

  Dipole Moment: (a.u.)
     X:    -0.0000      Y:     6.9936      Z:     0.0000     Total:     6.9936

  Dipole Moment: (Debye)
     X:    -0.0000      Y:    17.7760      Z:     0.0000     Total:    17.7760

  Quadrupole Moment: (Debye Ang)
    XX:   -33.2696     YY:    25.4524     ZZ:   -33.2696
    XY:     0.0000     XZ:    -0.0000     YZ:     0.0000

  Traceless Quadrupole Moment: (Debye Ang)
    XX:   -19.5740     YY:    39.1480     ZZ:   -19.5740
    XY:     0.0000     XZ:    -0.0000     YZ:     0.0000


*** tstart() called on lawn-143-215-103-161.lawn.gatech.edu
*** at Fri Apr 27 13:52:49 2012


         ---------------------------------------------------------
                                   SCF
            by Justin Turney, Rob Parrish, and Andy Simmonett
                              RHF Reference
                        1 Threads,    250 MiB Core
         ---------------------------------------------------------

  ==> Geometry <==

    Molecular point group: cs

    Geometry (in Angstrom), charge = 1, multiplicity = 1:

       Center              X                  Y                   Z       
    ------------   -----------------  -----------------  -----------------
           O         -0.000000000000    -0.055641739363     0.000000000000
           H          0.494974746831     0.294358260637    -0.857321409974
           H          0.494974746831     0.294358260637     0.857321409974
           H         -0.989949493661     0.294358260637     0.000000000000

  Running in cs symmetry.

  Nuclear repulsion =   13.021346299596813

  Charge       = 1
  Multiplicity = 1
  Electrons    = 10
  Nalpha       = 5
  Nbeta        = 5

  ==> Algorithm <==

  SCF Algorithm Type is DF.
  DIIS enabled.
  MOM disabled.
  Fractional occupation disabled.
  Guess Type is SAD.
  Energy threshold   = 1.00e-11
  Density threshold  = 1.00e-11
  Integral threshold = 0.00e+00

  ==> Primary Basis <==

  Basis Set: sto-3g
    Number of shells: 6
    Number of basis function: 8
    Number of Cartesian functions: 8
    Spherical Harmonics?: true
    Max angular momentum: 1

  ==> Pre-Iterations <==

  Minimum eigenvalue in the overlap matrix is 3.8393389741E-01.
  Using Symmetric Orthogonalization.
  SCF Guess: Superposition of Atomic Densities via on-the-fly atomic UHF.

  Initial RHF energy:   -46.05816007732729

   -------------------------------------------------------
    Irrep   Nso     Nmo     Nalpha   Nbeta   Ndocc  Nsocc
   -------------------------------------------------------
     A'         6       6       6       6       6       0
     A"         2       2       2       2       2       0
   -------------------------------------------------------
    Total       8       8       5       5       5       0
   -------------------------------------------------------

  ==> Integral Setup <==

  ==> DFJK: Density-Fitted J/K Matrices <==

    J tasked:                  Yes
    K tasked:                  Yes
    wK tasked:                  No
    OpenMP threads:              1
    Integrals threads:           1
    Memory (MB):               178
    Algorithm:                Core
    Integral Cache:           NONE
    Schwarz Cutoff:          0E+00
    Fitting Condition:       1E-12

   => Auxiliary Basis Set <=

  Basis Set: cc-pVDZ-JKFIT
    Number of shells: 51
    Number of basis function: 139
    Number of Cartesian functions: 156
    Spherical Harmonics?: true
    Max angular momentum: 3

  ==> Iterations <==

                        Total Energy        Delta E     Density RMS

   @RHF iter   0:   -70.65811387347107   -2.46000e+01   0.00000e+00 
   @RHF iter   1:   -75.16752797101289   -4.50941e+00   1.65170e-01 
   @RHF iter   2:   -75.31067054637015   -1.43143e-01   7.77444e-02 
   @RHF iter   3:   -75.31968276252320   -9.01222e-03   1.91537e-02 
   @RHF iter   4:   -75.32034271924418   -6.59957e-04   4.96135e-03 
   @RHF iter   5:   -75.32039895241566   -5.62332e-05   1.51183e-03 DIIS
   @RHF iter   6:   -75.32040648663738   -7.53422e-06   7.33496e-04 DIIS
   @RHF iter   7:   -75.32040649131270   -4.67531e-09   1.37798e-05 DIIS
   @RHF iter   8:   -75.32040649154288   -2.30187e-10   4.25985e-06 DIIS
   @RHF iter   9:   -75.32040649154538   -2.50111e-12   3.71761e-07 DIIS
   @RHF iter  10:   -75.32040649154550   -1.13687e-13   4.87614e-08 DIIS
   @RHF iter  11:   -75.32040649154551   -1.42109e-14   1.18619e-08 DIIS
   @RHF iter  12:   -75.32040649154546    5.68434e-14   1.52538e-09 DIIS
   @RHF iter  13:   -75.32040649154550   -4.26326e-14   4.86326e-11 DIIS

  ==> Post-Iterations <==

	Orbital Energies (a.u.)
	-----------------------

	Doubly Occupied:                                                      

	   1A'   -20.845305     2A'    -1.740778     3A'    -1.045562  
	   1A"    -1.045562     4A'    -0.893667  

	Virtual:                                                              

	   5A'     0.047800     6A'     0.205207     2A"     0.205207  

	Final Occupation by Irrep:
	         A'    A" 
	DOCC [     4,    1 ]

  Energy converged.

  @RHF Final Energy:   -75.32040649154550

   => Energetics <=

    Nuclear Repulsion Energy =         13.0213462995968126
    One-Electron Energy =            -125.5417597070676834
    Two-Electron Energy =              37.2000069159253854
    DFT Functional Energy =             0.0000000000000000
    Empirical Dispersion Energy =       0.0000000000000000
    Total Energy =                    -75.3204064915454836

  ==> Properties <==

  Nuclear Dipole Moment: (a.u.)
     X:     0.0000      Y:     0.8276      Z:     0.0000

  Electronic Dipole Moment: (a.u.)
     X:    -0.0000      Y:     0.0683      Z:     0.0000

  Dipole Moment: (a.u.)
     X:    -0.0000      Y:     0.8959      Z:     0.0000     Total:     0.8959

  Dipole Moment: (Debye)
     X:    -0.0000      Y:     2.2771      Z:     0.0000     Total:     2.2771


  Saving occupied orbitals to File 180.

*** tstop() called on lawn-143-215-103-161.lawn.gatech.edu at Fri Apr 27 13:52:49 2012
Module time:
	user time   =       0.12 seconds =       0.00 minutes
	system time =       0.01 seconds =       0.00 minutes
	total time  =          0 seconds =       0.00 minutes
Total time:
	user time   =       4.05 seconds =       0.07 minutes
	system time =       0.16 seconds =       0.00 minutes
	total time  =          3 seconds =       0.05 minutes
  Nuclear Dipole Moment: (a.u.)
     X:     0.0000      Y:     0.8276      Z:     0.0000

  Electronic Dipole Moment: (a.u.)
     X:    -0.0000      Y:     0.0683      Z:     0.0000

  Dipole Moment: (a.u.)
     X:    -0.0000      Y:     0.8959      Z:     0.0000     Total:     0.8959

  Dipole Moment: (Debye)
     X:    -0.0000      Y:     2.2771      Z:     0.0000     Total:     2.2771

  Quadrupole Moment: (Debye Ang)
    XX:    -2.5134     YY:    -5.5116     ZZ:    -2.5134
    XY:    -0.0000     XZ:     0.0000     YZ:     0.0000

  Traceless Quadrupole Moment: (Debye Ang)
    XX:     0.9994     YY:    -1.9989     ZZ:     0.9994
    XY:    -0.0000     XZ:     0.0000     YZ:     0.0000

Setting geometry variable Bz to 0.000000
Setting geometry variable Oy to 5.000000
Setting geometry variable Hy to 5.350000

*** tstart() called on lawn-143-215-103-161.lawn.gatech.edu
*** at Fri Apr 27 13:52:49 2012


         ---------------------------------------------------------
                                   SCF
            by Justin Turney, Rob Parrish, and Andy Simmonett
                              RHF Reference
                        1 Threads,    250 MiB Core
         ---------------------------------------------------------

  ==> Geometry <==

    Molecular point group: cs

    Geometry (in Angstrom), charge = 1, multiplicity = 1:

       Center              X                  Y                   Z       
    ------------   -----------------  -----------------  -----------------
           C          0.710500000000    -0.990571556783    -1.230622098778
           C          1.421000000000    -0.990571556783     0.000000000000
           C          0.710500000000    -0.990571556783     1.230622098778
           C         -0.710500000000    -0.990571556783     1.230622098778
           H          1.254500000000    -0.990571556783    -2.172857738095
           H         -1.254500000000    -0.990571556783     2.172857738095
           C         -0.710500000000    -0.990571556783    -1.230622098778
           C         -1.421000000000    -0.990571556783     0.000000000000
           H          2.509000000000    -0.990571556783     0.000000000000
           H          1.254500000000    -0.990571556783     2.172857738095
           H         -1.254500000000    -0.990571556783    -2.172857738095
           H         -2.509000000000    -0.990571556783     0.000000000000
           O         -0.000000000000     4.009428443217     0.000000000000
           H          0.494974746831     4.359428443217    -0.857321409974
           H          0.494974746831     4.359428443217     0.857321409974
           H         -0.989949493661     4.359428443217     0.000000000000

  Running in cs symmetry.

  Nuclear repulsion =  258.850941286540149

  Charge       = 1
  Multiplicity = 1
  Electrons    = 52
  Nalpha       = 26
  Nbeta        = 26

  ==> Algorithm <==

  SCF Algorithm Type is DF.
  DIIS enabled.
  MOM disabled.
  Fractional occupation disabled.
  Guess Type is SAD.
  Energy threshold   = 1.00e-11
  Density threshold  = 1.00e-11
  Integral threshold = 0.00e+00

  ==> Primary Basis <==

  Basis Set: sto-3g
    Number of shells: 30
    Number of basis function: 44
    Number of Cartesian functions: 44
    Spherical Harmonics?: true
    Max angular momentum: 1

  ==> Pre-Iterations <==

  Minimum eigenvalue in the overlap matrix is 1.8500269979E-01.
  Using Symmetric Orthogonalization.
  SCF Guess: Superposition of Atomic Densities via on-the-fly atomic UHF.

  Initial RHF energy:  -197.31080727483896

   -------------------------------------------------------
    Irrep   Nso     Nmo     Nalpha   Nbeta   Ndocc  Nsocc
   -------------------------------------------------------
     A'        28      28      24      24      24       0
     A"        16      16      14      14      14       0
   -------------------------------------------------------
    Total      44      44      26      26      26       0
   -------------------------------------------------------

  ==> Integral Setup <==

  ==> DFJK: Density-Fitted J/K Matrices <==

    J tasked:                  Yes
    K tasked:                  Yes
    wK tasked:                  No
    OpenMP threads:              1
    Integrals threads:           1
    Memory (MB):               178
    Algorithm:                Core
    Integral Cache:           NONE
    Schwarz Cutoff:          0E+00
    Fitting Condition:       1E-12

   => Auxiliary Basis Set <=

  Basis Set: cc-pVDZ-JKFIT
    Number of shells: 249
    Number of basis function: 697
    Number of Cartesian functions: 792
    Spherical Harmonics?: true
    Max angular momentum: 3

  ==> Iterations <==

                        Total Energy        Delta E     Density RMS

   @RHF iter   0:  -300.83303978000532   -1.03522e+02   0.00000e+00 
   @RHF iter   1:  -303.12682155032365   -2.29378e+00   9.25267e-02 
   @RHF iter   2:  -303.20086599576535   -7.40444e-02   1.10803e-02 
   @RHF iter   3:  -303.20449728955640   -3.63129e-03   2.17088e-03 
   @RHF iter   4:  -303.20492206868988   -4.24779e-04   7.32294e-04 
   @RHF iter   5:  -303.20498610750172   -6.40388e-05   2.98949e-04 DIIS
   @RHF iter   6:  -303.20499962897514   -1.35215e-05   2.14777e-04 DIIS
   @RHF iter   7:  -303.20499966767642   -3.87013e-08   9.43868e-06 DIIS
   @RHF iter   8:  -303.20499967299207   -5.31566e-09   3.05153e-06 DIIS
   @RHF iter   9:  -303.20499967312873   -1.36652e-10   5.37754e-07 DIIS
   @RHF iter  10:  -303.20499967313066   -1.93268e-12   6.07905e-08 DIIS
   @RHF iter  11:  -303.20499967313089   -2.27374e-13   9.28543e-09 DIIS
   @RHF iter  12:  -303.20499967313089    0.00000e+00   3.70978e-09 DIIS
   @RHF iter  13:  -303.20499967313077    1.13687e-13   3.26441e-09 DIIS
   @RHF iter  14:  -303.20499967313100   -2.27374e-13   1.10651e-09 DIIS
   @RHF iter  15:  -303.20499967313066    3.41061e-13   2.06373e-10 DIIS
   @RHF iter  16:  -303.20499967313066    0.00000e+00   3.59245e-11 DIIS
   @RHF iter  17:  -303.20499967313089   -2.27374e-13   1.54137e-11 DIIS

  ==> Post-Iterations <==

	Orbital Energies (a.u.)
	-----------------------

	Doubly Occupied:                                                      

	   1A'   -20.842792     2A'   -11.116006     1A"   -11.116006  
	   3A'   -11.115938     4A'   -11.115777     2A"   -11.115777  
	   5A'   -11.115691     6A'    -1.738008     7A'    -1.160812  
	   3A"    -1.042766     8A'    -1.042766     9A'    -1.032314  
	   4A"    -1.032314    10A'    -0.890551    11A'    -0.848420  
	   5A"    -0.848420    12A'    -0.738806    13A'    -0.684785  
	   6A"    -0.628139    14A'    -0.615618     7A"    -0.615618  
	  15A'    -0.530248     8A"    -0.517440    16A'    -0.517440  
	   9A"    -0.360022    17A'    -0.360022  

	Virtual:                                                              

	  18A'     0.050251    10A"     0.173305    19A'     0.173305  
	  11A"     0.207824    20A'     0.207824    21A'     0.397550  
	  22A'     0.495914    12A"     0.561009    23A'     0.561009  
	  24A'     0.609503    25A'     0.619013    13A"     0.619013  
	  26A'     0.780123    14A"     0.780123    27A'     0.782444  
	  15A"     0.782444    16A"     0.958966    28A'     1.022689  

	Final Occupation by Irrep:
	         A'    A" 
	DOCC [    17,    9 ]

  Energy converged.

  @RHF Final Energy:  -303.20499967313089

   => Energetics <=

    Nuclear Repulsion Energy =        258.8509412865401487
    One-Electron Energy =            -918.6268932961752398
    Two-Electron Energy =             356.5709523365043196
    DFT Functional Energy =             0.0000000000000000
    Empirical Dispersion Energy =       0.0000000000000000
    Total Energy =                   -303.2049996731308283

  ==> Properties <==

  Nuclear Dipole Moment: (a.u.)
     X:     0.0000      Y:     6.7080      Z:     0.0000

  Electronic Dipole Moment: (a.u.)
     X:    -0.0000      Y:     1.8234      Z:     0.0000

  Dipole Moment: (a.u.)
     X:    -0.0000      Y:     8.5314      Z:     0.0000     Total:     8.5314

  Dipole Moment: (Debye)
     X:    -0.0000      Y:    21.6846      Z:     0.0000     Total:    21.6846


  Saving occupied orbitals to File 180.

*** tstop() called on lawn-143-215-103-161.lawn.gatech.edu at Fri Apr 27 13:52:53 2012
Module time:
	user time   =       3.92 seconds =       0.07 minutes
	system time =       0.11 seconds =       0.00 minutes
	total time  =          4 seconds =       0.07 minutes
Total time:
	user time   =       7.98 seconds =       0.13 minutes
	system time =       0.27 seconds =       0.00 minutes
	total time  =          7 seconds =       0.12 minutes
  Nuclear Dipole Moment: (a.u.)
     X:     0.0000      Y:     6.7080      Z:     0.0000

  Electronic Dipole Moment: (a.u.)
     X:    -0.0000      Y:     1.8234      Z:     0.0000

  Dipole Moment: (a.u.)
     X:    -0.0000      Y:     8.5314      Z:     0.0000     Total:     8.5314

  Dipole Moment: (Debye)
     X:    -0.0000      Y:    21.6846      Z:     0.0000     Total:    21.6846

  Quadrupole Moment: (Debye Ang)
    XX:   -33.3919     YY:    57.3954     ZZ:   -33.3919
    XY:     0.0000     XZ:    -0.0000     YZ:     0.0000

  Traceless Quadrupole Moment: (Debye Ang)
    XX:   -30.2624     YY:    60.5249     ZZ:   -30.2624
    XY:     0.0000     XZ:    -0.0000     YZ:     0.0000


*** tstart() called on lawn-143-215-103-161.lawn.gatech.edu
*** at Fri Apr 27 13:52:53 2012


         ---------------------------------------------------------
                                   SCF
            by Justin Turney, Rob Parrish, and Andy Simmonett
                              RHF Reference
                        1 Threads,    250 MiB Core
         ---------------------------------------------------------

  ==> Geometry <==

    Molecular point group: cs

    Geometry (in Angstrom), charge = 1, multiplicity = 1:

       Center              X                  Y                   Z       
    ------------   -----------------  -----------------  -----------------
           O         -0.000000000000    -0.055641739363     0.000000000000
           H          0.494974746831     0.294358260637    -0.857321409974
           H          0.494974746831     0.294358260637     0.857321409974
           H         -0.989949493661     0.294358260637     0.000000000000

  Running in cs symmetry.

  Nuclear repulsion =   13.021346299596813

  Charge       = 1
  Multiplicity = 1
  Electrons    = 10
  Nalpha       = 5
  Nbeta        = 5

  ==> Algorithm <==

  SCF Algorithm Type is DF.
  DIIS enabled.
  MOM disabled.
  Fractional occupation disabled.
  Guess Type is SAD.
  Energy threshold   = 1.00e-11
  Density threshold  = 1.00e-11
  Integral threshold = 0.00e+00

  ==> Primary Basis <==

  Basis Set: sto-3g
    Number of shells: 6
    Number of basis function: 8
    Number of Cartesian functions: 8
    Spherical Harmonics?: true
    Max angular momentum: 1

  ==> Pre-Iterations <==

  Minimum eigenvalue in the overlap matrix is 3.8393389741E-01.
  Using Symmetric Orthogonalization.
  SCF Guess: Superposition of Atomic Densities via on-the-fly atomic UHF.

  Initial RHF energy:   -46.05816007732729

   -------------------------------------------------------
    Irrep   Nso     Nmo     Nalpha   Nbeta   Ndocc  Nsocc
   -------------------------------------------------------
     A'         6       6       6       6       6       0
     A"         2       2       2       2       2       0
   -------------------------------------------------------
    Total       8       8       5       5       5       0
   -------------------------------------------------------

  ==> Integral Setup <==

  ==> DFJK: Density-Fitted J/K Matrices <==

    J tasked:                  Yes
    K tasked:                  Yes
    wK tasked:                  No
    OpenMP threads:              1
    Integrals threads:           1
    Memory (MB):               178
    Algorithm:                Core
    Integral Cache:           NONE
    Schwarz Cutoff:          0E+00
    Fitting Condition:       1E-12

   => Auxiliary Basis Set <=

  Basis Set: cc-pVDZ-JKFIT
    Number of shells: 51
    Number of basis function: 139
    Number of Cartesian functions: 156
    Spherical Harmonics?: true
    Max angular momentum: 3

  ==> Iterations <==

                        Total Energy        Delta E     Density RMS

   @RHF iter   0:   -70.65811387347081   -2.46000e+01   0.00000e+00 
   @RHF iter   1:   -75.16752797101262   -4.50941e+00   1.65170e-01 
   @RHF iter   2:   -75.31067054636979   -1.43143e-01   7.77444e-02 
   @RHF iter   3:   -75.31968276252287   -9.01222e-03   1.91537e-02 
   @RHF iter   4:   -75.32034271924383   -6.59957e-04   4.96135e-03 
   @RHF iter   5:   -75.32039895241536   -5.62332e-05   1.51183e-03 DIIS
   @RHF iter   6:   -75.32040648663703   -7.53422e-06   7.33496e-04 DIIS
   @RHF iter   7:   -75.32040649131241   -4.67539e-09   1.37798e-05 DIIS
   @RHF iter   8:   -75.32040649154256   -2.30145e-10   4.25985e-06 DIIS
   @RHF iter   9:   -75.32040649154510   -2.54374e-12   3.71761e-07 DIIS
   @RHF iter  10:   -75.32040649154514   -4.26326e-14   4.87614e-08 DIIS
   @RHF iter  11:   -75.32040649154514    0.00000e+00   1.18619e-08 DIIS
   @RHF iter  12:   -75.32040649154519   -4.26326e-14   1.52538e-09 DIIS
   @RHF iter  13:   -75.32040649154517    1.42109e-14   4.86321e-11 DIIS

  ==> Post-Iterations <==

	Orbital Energies (a.u.)
	-----------------------

	Doubly Occupied:                                                      

	   1A'   -20.845305     2A'    -1.740778     3A'    -1.045562  
	   1A"    -1.045562     4A'    -0.893667  

	Virtual:                                                              

	   5A'     0.047800     2A"     0.205207     6A'     0.205207  

	Final Occupation by Irrep:
	         A'    A" 
	DOCC [     4,    1 ]

  Energy converged.

  @RHF Final Energy:   -75.32040649154517

   => Energetics <=

    Nuclear Repulsion Energy =         13.0213462995968126
    One-Electron Energy =            -125.5417597070677544
    Two-Electron Energy =              37.2000069159257691
    DFT Functional Energy =             0.0000000000000000
    Empirical Dispersion Energy =       0.0000000000000000
    Total Energy =                    -75.3204064915451710

  ==> Properties <==

  Nuclear Dipole Moment: (a.u.)
     X:     0.0000      Y:     0.8276      Z:     0.0000

  Electronic Dipole Moment: (a.u.)
     X:    -0.0000      Y:     0.0683      Z:     0.0000

  Dipole Moment: (a.u.)
     X:    -0.0000      Y:     0.8959      Z:     0.0000     Total:     0.8959

  Dipole Moment: (Debye)
     X:    -0.0000      Y:     2.2771      Z:     0.0000     Total:     2.2771


  Saving occupied orbitals to File 180.

*** tstop() called on lawn-143-215-103-161.lawn.gatech.edu at Fri Apr 27 13:52:53 2012
Module time:
	user time   =       0.12 seconds =       0.00 minutes
	system time =       0.01 seconds =       0.00 minutes
	total time  =          0 seconds =       0.00 minutes
Total time:
	user time   =       8.11 seconds =       0.14 minutes
	system time =       0.28 seconds =       0.00 minutes
	total time  =          7 seconds =       0.12 minutes
  Nuclear Dipole Moment: (a.u.)
     X:     0.0000      Y:     0.8276      Z:     0.0000

  Electronic Dipole Moment: (a.u.)
     X:    -0.0000      Y:     0.0683      Z:     0.0000

  Dipole Moment: (a.u.)
     X:    -0.0000      Y:     0.8959      Z:     0.0000     Total:     0.8959

  Dipole Moment: (Debye)
     X:    -0.0000      Y:     2.2771      Z:     0.0000     Total:     2.2771

  Quadrupole Moment: (Debye Ang)
    XX:    -2.5134     YY:    -5.5116     ZZ:    -2.5134
    XY:    -0.0000     XZ:     0.0000     YZ:     0.0000

  Traceless Quadrupole Moment: (Debye Ang)
    XX:     0.9994     YY:    -1.9989     ZZ:     0.9994
    XY:    -0.0000     XZ:     0.0000     YZ:     0.0000


*** PSI4 exiting successfully. Buy a developer a beer!
