    -----------------------------------------------------------------------
          PSI4: An Open-Source Ab Initio Electronic Structure Package
                              PSI 4.0.0-beta1 Driver

               Git: Rev 8268e5ba0276eef671d5bc4a44cf66fa46407463

    J. M. Turney, A. C. Simmonett, R. M. Parrish, E. G. Hohenstein,
    F. A. Evangelista, J. T. Fermann, B. J. Mintz, L. A. Burns, J. J. Wilke,
    M. L. Abrams, N. J. Russ, M. L. Leininger, C. L. Janssen, E. T. Seidl,
    W. D. Allen, H. F. Schaefer, R. A. King, E. F. Valeev, C. D. Sherrill,
    and T. D. Crawford, WIREs Comput. Mol. Sci., (2011) (doi: 10.1002/wcms.93)

                         Additional Contributions by
    A. E. DePrince, M. Saitow, U. Bozkaya, A. Yu. Sokolov
    -----------------------------------------------------------------------


    Using LocalCommunicator (Number of processes = 1)

    Memory level set to 256.000 MB

  ==> Input File <==

--------------------------------------------------------------------------
#! SCF STO-3G finite-difference frequencies from energies

memory 250 mb

molecule h2o {
  symmetry c1
  O
  H 1 0.9894093
  H 1 0.9894093 2 100.02688
}

set globals {
  basis sto-3g
  d_convergence 11
}

# Test against Analytic second derivatives from PSI3. #TEST
anal_freqs = PsiMod.Vector(3)  #TEST
anal_freqs.set(0, 0, 2170.045) #TEST
anal_freqs.set(0, 1, 4140.001) #TEST
anal_freqs.set(0, 2, 4391.065) #TEST

# PSI3 3-point formula:  #TEST
# A1 force constants     #TEST
#  0.3546775  -0.2277549 #TEST
# -0.2277549   0.4721543 #TEST
#                        #TEST
# B2 force constant      #TEST
#  0.7296851             #TEST

# Frequencies by 3-pt formula in C1 point group.
set globals { points 3 }
set findif {print 3}

frequencies('scf',dertype=0)

fd_freqs = PsiMod.reference_wavefunction().frequencies()                                 #TEST
compare_vectors(anal_freqs, fd_freqs, 1,                                                 #TEST
 "Analytic vs. Finite-difference (3-pt.) frequencies from energies to 0.1 cm^-1 (C1) ")  #TEST

exit()

# Frequencies by 5-pt formula in C1 point group.
molecule h2o {
  symmetry c1
  O
  H 1 0.9894093
  H 1 0.9894093 2 100.02688
}

set globals { points 5 }

frequencies('scf',dertype=1)

fd_freqs = PsiMod.reference_wavefunction().frequencies()                                  #TEST
compare_vectors(anal_freqs, fd_freqs, 3,                                                  #TEST
 "Analytic vs. Finite-difference (5-pt.) frequencies from energies to 0.001 cm^-1 (C1) ") #TEST

clean()

# Frequencies by 3-pt formula in C2v.
molecule h2o {
  O
  H 1 0.9894093
  H 1 0.9894093 2 100.02688
}

set globals { points 3 }

frequencies('scf',dertype=1)

fd_freqs = PsiMod.reference_wavefunction().frequencies()                                 #TEST
compare_vectors(anal_freqs, fd_freqs, 1,                                                 #TEST
 "Analytic vs. Finite-difference (3-pt.) frequencies from energies to 0.1 cm^-1 (C2v) ") #TEST

# Frequencies by 5-pt formula in C2v.
molecule h2o {
  O
  H 1 0.9894093
  H 1 0.9894093 2 100.02688
}

set globals { points 5 }

frequencies('scf',dertype=1)

fd_freqs = PsiMod.reference_wavefunction().frequencies()                                   #TEST
compare_vectors(anal_freqs, fd_freqs, 3,                                                   #TEST
 "Analytic vs. Finite-difference (5-pt.) frequencies from energies to 0.001 cm^-1 (C2v) ") #TEST

# Frequencies by 5-pt formula for A1 irrep only.
molecule h2o {
  O
  H 1 0.9894093
  H 1 0.9894093 2 100.02688
}

set globals { points 5 }

a1_freqs = PsiMod.Vector(2)          #TEST
a1_freqs.set(0, 0, anal_freqs[0])    #TEST
a1_freqs.set(0, 1, anal_freqs[1])    #TEST

frequencies('scf', dertype=1, irrep=1)

fd_freqs = PsiMod.reference_wavefunction().frequencies()                      #TEST
compare_vectors(a1_freqs, fd_freqs, 3, "A1 frequencies only (5-pt. formula)") #TEST

del a1_freqs #TEST

clean()

# Frequencies by 5-pt formula for B2 irrep only.
molecule h2o {
  O
  H 1 0.9894093
  H 1 0.9894093 2 100.02688
}

set globals { points 5 }

b2_freqs = PsiMod.Vector(1)       #TEST
b2_freqs.set(0, 0, anal_freqs[2]) #TEST

frequencies('scf', dertype=1, irrep=4)

fd_freqs = PsiMod.reference_wavefunction().frequencies()                      #TEST
compare_vectors(b2_freqs, fd_freqs, 3, "B2 frequencies only (5-pt. formula)") #TEST

del b2_freqs   #TEST
del anal_freqs #TEST
clean()

--------------------------------------------------------------------------

  Memory set to 250.000 MiB by Python script.

-------------------------------------------------------------

  Using finite-differences of energies to determine vibrational frequencies and 
  normal modes.  Resulting frequencies are only valid at stationary points.
	Generating geometries for use with 3-point formula.
	Displacement size will be 5.00e-03.
	Number of atoms is 3.
	Number of irreps is 1.
	Number of SALCS is 3.
	 Number of SALC's per irrep:
	  Irrep 1: 3
	Index of active salcs per irrep:
	  Irrep 1 :  0  1  2 
	Number of geometries (including reference) is 12.
	Number of displacements per irrep:
	  Irrep 1: 12
	irrep = 0, ncomponent = 5
		0: atom 0, direction y, coef 0.262457
		1: atom 1, direction y, coef -0.522789
		2: atom 1, direction z, coef 0.438463
		3: atom 2, direction y, coef -0.522789
		4: atom 2, direction z, coef -0.438463
	irrep = 0, ncomponent = 3
		0: atom 0, direction z, coef 0.334537
		1: atom 1, direction z, coef -0.666365
		2: atom 2, direction z, coef -0.666365
	irrep = 0, ncomponent = 2
		0: atom 1, direction y, coef 0.707107
		1: atom 2, direction y, coef -0.707107

-------------------------------------------------------------

  //>>>>>>>>>>>>>>>>>>>>>>>>>>>>>>>>>>>//
  //    Loading displacement 1 of 13   //
  //<<<<<<<<<<<<<<<<<<<<<<<<<<<<<<<<<<<//

*** tstart() called on lawn-143-215-103-161.lawn.gatech.edu
*** at Fri Apr 27 13:58:30 2012

	There are an even number of electrons - assuming singlet.
	Specify the multiplicity with the MULTP option in the
	input if this is incorrect


         ---------------------------------------------------------
                                   SCF
            by Justin Turney, Rob Parrish, and Andy Simmonett
                              RHF Reference
                        1 Threads,    250 MiB Core
         ---------------------------------------------------------

  ==> Geometry <==

    Molecular point group: c1

    Geometry (in Angstrom), charge = 0, multiplicity = 1:

       Center              X                  Y                   Z       
    ------------   -----------------  -----------------  -----------------
           O          0.000000000000    -0.000173635366    -0.071155726193
           H          0.000000000000    -0.756702799021     0.563490894720
           H          0.000000000000     0.759458518282     0.565802116404

  Running in c1 symmetry.

  Nuclear repulsion =    8.906521371963182

  Charge       = 0
  Multiplicity = 1
  Electrons    = 10
  Nalpha       = 5
  Nbeta        = 5

  ==> Algorithm <==

  SCF Algorithm Type is PK.
  DIIS enabled.
  MOM disabled.
  Fractional occupation disabled.
  Guess Type is CORE.
  Energy threshold   = 1.00e-08
  Density threshold  = 1.00e-11
  Integral threshold = 0.00e+00

  ==> Primary Basis <==

  Basis Set: STO-3G
    Number of shells: 5
    Number of basis function: 7
    Number of Cartesian functions: 7
    Spherical Harmonics?: true
    Max angular momentum: 1

  ==> Pre-Iterations <==

  Minimum eigenvalue in the overlap matrix is 3.6315535834E-01.
  Using Symmetric Orthogonalization.
  SCF Guess: Core (One-Electron) Hamiltonian.

  Initial RHF energy:   -54.58602448538086

   -------------------------------------------------------
    Irrep   Nso     Nmo     Nalpha   Nbeta   Ndocc  Nsocc
   -------------------------------------------------------
     A          7       7       5       5       5       0
   -------------------------------------------------------
    Total       7       7       5       5       5       0
   -------------------------------------------------------

  ==> Integral Setup <==

 MINTS: Wrapper to libmints.
   by Justin Turney

   Calculation information:
      Number of atoms:                   3
      Number of AO shells:               5
      Number of SO shells:               5
      Number of primitives:             15
      Number of atomic orbitals:         7
      Number of basis functions:         7

      Number of irreps:                  1
      Number of functions per irrep: [   7 ]

      Overlap, kinetic, potential, dipole, and quadrupole integrals
        stored in file 35.

      Computing two-electron integrals...done
      Computed 231 non-zero two-electron integrals.
        Stored in file 33.

  ==> Iterations <==

                        Total Energy        Delta E     Density RMS

   @RHF iter   1:   -73.24098460003378   -1.86550e+01   0.00000e+00 
   @RHF iter   2:   -74.93098606006600   -1.69000e+00   2.62859e-01 DIIS
   @RHF iter   3:   -74.96451593076596   -3.35299e-02   3.47318e-02 DIIS
   @RHF iter   4:   -74.96583346051658   -1.31753e-03   9.06655e-03 DIIS
   @RHF iter   5:   -74.96588746931985   -5.40088e-05   1.59561e-03 DIIS
   @RHF iter   6:   -74.96589203511449   -4.56579e-06   5.46931e-04 DIIS
   @RHF iter   7:   -74.96589207124036   -3.61259e-08   5.02025e-05 DIIS
   @RHF iter   8:   -74.96589207124072   -3.55271e-13   1.18692e-07 DIIS
   @RHF iter   9:   -74.96589207124070    1.42109e-14   1.04458e-08 DIIS
   @RHF iter  10:   -74.96589207124072   -1.42109e-14   1.88043e-09 DIIS
   @RHF iter  11:   -74.96589207124070    1.42109e-14   1.84711e-10 DIIS
   @RHF iter  12:   -74.96589207124076   -5.68434e-14   3.16969e-11 DIIS

  ==> Post-Iterations <==

	Orbital Energies (a.u.)
	-----------------------

	Doubly Occupied:                                                      

	   1A    -20.251577     2A     -1.257553     3A     -0.593855  
	   4A     -0.459729     5A     -0.392618  

	Virtual:                                                              

	   6A      0.581761     7A      0.692713  

	Final Occupation by Irrep:
	          A 
	DOCC [     5 ]

  Energy converged.

  @RHF Final Energy:   -74.96589207124076

   => Energetics <=

    Nuclear Repulsion Energy =          8.9065213719631817
    One-Electron Energy =            -121.8341623907342921
    Two-Electron Energy =              37.9617489475303529
    DFT Functional Energy =             0.0000000000000000
    Empirical Dispersion Energy =       0.0000000000000000
    Total Energy =                    -74.9658920712407593

  ==> Properties <==

  Nuclear Dipole Moment: (a.u.)
     X:     0.0000      Y:     0.0026      Z:     1.0583

  Electronic Dipole Moment: (a.u.)
     X:    -0.0000      Y:    -0.0035      Z:    -0.3859

  Dipole Moment: (a.u.)
     X:    -0.0000      Y:    -0.0009      Z:     0.6725     Total:     0.6725

  Dipole Moment: (Debye)
     X:    -0.0000      Y:    -0.0022      Z:     1.7092     Total:     1.7092


  Saving occupied orbitals to File 180.

*** tstop() called on lawn-143-215-103-161.lawn.gatech.edu at Fri Apr 27 13:58:30 2012
Module time:
	user time   =       0.03 seconds =       0.00 minutes
	system time =       0.01 seconds =       0.00 minutes
	total time  =          0 seconds =       0.00 minutes
Total time:
	user time   =       0.03 seconds =       0.00 minutes
	system time =       0.01 seconds =       0.00 minutes
	total time  =          0 seconds =       0.00 minutes

  //>>>>>>>>>>>>>>>>>>>>>>>>>>>>>>>>>>>//
  //    Loading displacement 2 of 13   //
  //<<<<<<<<<<<<<<<<<<<<<<<<<<<<<<<<<<<//

*** tstart() called on lawn-143-215-103-161.lawn.gatech.edu
*** at Fri Apr 27 13:58:30 2012

	There are an even number of electrons - assuming singlet.
	Specify the multiplicity with the MULTP option in the
	input if this is incorrect


         ---------------------------------------------------------
                                   SCF
            by Justin Turney, Rob Parrish, and Andy Simmonett
                              RHF Reference
                        1 Threads,    250 MiB Core
         ---------------------------------------------------------

  ==> Geometry <==

    Molecular point group: c1

    Geometry (in Angstrom), charge = 0, multiplicity = 1:

       Center              X                  Y                   Z       
    ------------   -----------------  -----------------  -----------------
           O          0.000000000000     0.000173635366    -0.071155726193
           H          0.000000000000    -0.759458518282     0.565802116404
           H          0.000000000000     0.756702799021     0.563490894720

  Running in c1 symmetry.

  Nuclear repulsion =    8.906521371963182

  Charge       = 0
  Multiplicity = 1
  Electrons    = 10
  Nalpha       = 5
  Nbeta        = 5

  ==> Algorithm <==

  SCF Algorithm Type is PK.
  DIIS enabled.
  MOM disabled.
  Fractional occupation disabled.
  Guess Type is CORE.
  Energy threshold   = 1.00e-08
  Density threshold  = 1.00e-11
  Integral threshold = 0.00e+00

  ==> Primary Basis <==

  Basis Set: STO-3G
    Number of shells: 5
    Number of basis function: 7
    Number of Cartesian functions: 7
    Spherical Harmonics?: true
    Max angular momentum: 1

  ==> Pre-Iterations <==

  Minimum eigenvalue in the overlap matrix is 3.6315535834E-01.
  Using Symmetric Orthogonalization.
  SCF Guess: Core (One-Electron) Hamiltonian.

  Initial RHF energy:   -54.58602448538082

   -------------------------------------------------------
    Irrep   Nso     Nmo     Nalpha   Nbeta   Ndocc  Nsocc
   -------------------------------------------------------
     A          7       7       5       5       5       0
   -------------------------------------------------------
    Total       7       7       5       5       5       0
   -------------------------------------------------------

  ==> Integral Setup <==

 MINTS: Wrapper to libmints.
   by Justin Turney

   Calculation information:
      Number of atoms:                   3
      Number of AO shells:               5
      Number of SO shells:               5
      Number of primitives:             15
      Number of atomic orbitals:         7
      Number of basis functions:         7

      Number of irreps:                  1
      Number of functions per irrep: [   7 ]

      Overlap, kinetic, potential, dipole, and quadrupole integrals
        stored in file 35.

      Computing two-electron integrals...done
      Computed 231 non-zero two-electron integrals.
        Stored in file 33.

  ==> Iterations <==

                        Total Energy        Delta E     Density RMS

   @RHF iter   1:   -73.24098460003373   -1.86550e+01   0.00000e+00 
   @RHF iter   2:   -74.93098606006595   -1.69000e+00   2.62859e-01 DIIS
   @RHF iter   3:   -74.96451593076593   -3.35299e-02   3.47318e-02 DIIS
   @RHF iter   4:   -74.96583346051655   -1.31753e-03   9.06655e-03 DIIS
   @RHF iter   5:   -74.96588746931985   -5.40088e-05   1.59561e-03 DIIS
   @RHF iter   6:   -74.96589203511452   -4.56579e-06   5.46931e-04 DIIS
   @RHF iter   7:   -74.96589207124039   -3.61259e-08   5.02025e-05 DIIS
   @RHF iter   8:   -74.96589207124067   -2.84217e-13   1.18692e-07 DIIS
   @RHF iter   9:   -74.96589207124067    0.00000e+00   1.04458e-08 DIIS
   @RHF iter  10:   -74.96589207124070   -2.84217e-14   1.88042e-09 DIIS
   @RHF iter  11:   -74.96589207124065    5.68434e-14   1.84711e-10 DIIS
   @RHF iter  12:   -74.96589207124070   -5.68434e-14   3.16902e-11 DIIS

  ==> Post-Iterations <==

	Orbital Energies (a.u.)
	-----------------------

	Doubly Occupied:                                                      

	   1A    -20.251577     2A     -1.257553     3A     -0.593855  
	   4A     -0.459729     5A     -0.392618  

	Virtual:                                                              

	   6A      0.581761     7A      0.692713  

	Final Occupation by Irrep:
	          A 
	DOCC [     5 ]

  Energy converged.

  @RHF Final Energy:   -74.96589207124070

   => Energetics <=

    Nuclear Repulsion Energy =          8.9065213719631817
    One-Electron Energy =            -121.8341623907340789
    Two-Electron Energy =              37.9617489475301966
    DFT Functional Energy =             0.0000000000000000
    Empirical Dispersion Energy =       0.0000000000000000
    Total Energy =                    -74.9658920712407024

  ==> Properties <==

  Nuclear Dipole Moment: (a.u.)
     X:     0.0000      Y:    -0.0026      Z:     1.0583

  Electronic Dipole Moment: (a.u.)
     X:    -0.0000      Y:     0.0035      Z:    -0.3859

  Dipole Moment: (a.u.)
     X:    -0.0000      Y:     0.0009      Z:     0.6725     Total:     0.6725

  Dipole Moment: (Debye)
     X:    -0.0000      Y:     0.0022      Z:     1.7092     Total:     1.7092


  Saving occupied orbitals to File 180.

*** tstop() called on lawn-143-215-103-161.lawn.gatech.edu at Fri Apr 27 13:58:30 2012
Module time:
	user time   =       0.03 seconds =       0.00 minutes
	system time =       0.01 seconds =       0.00 minutes
	total time  =          0 seconds =       0.00 minutes
Total time:
	user time   =       0.06 seconds =       0.00 minutes
	system time =       0.02 seconds =       0.00 minutes
	total time  =          0 seconds =       0.00 minutes

  //>>>>>>>>>>>>>>>>>>>>>>>>>>>>>>>>>>>//
  //    Loading displacement 3 of 13   //
  //<<<<<<<<<<<<<<<<<<<<<<<<<<<<<<<<<<<//

*** tstart() called on lawn-143-215-103-161.lawn.gatech.edu
*** at Fri Apr 27 13:58:30 2012

	There are an even number of electrons - assuming singlet.
	Specify the multiplicity with the MULTP option in the
	input if this is incorrect


         ---------------------------------------------------------
                                   SCF
            by Justin Turney, Rob Parrish, and Andy Simmonett
                              RHF Reference
                        1 Threads,    250 MiB Core
         ---------------------------------------------------------

  ==> Geometry <==

    Molecular point group: c1

    Geometry (in Angstrom), charge = 0, multiplicity = 1:

       Center              X                  Y                   Z       
    ------------   -----------------  -----------------  -----------------
           O          0.000000000000     0.000000000000    -0.071377047933
           H          0.000000000000    -0.758080658651     0.566402773874
           H          0.000000000000     0.758080658651     0.566402773874

  Running in c1 symmetry.

  Nuclear repulsion =    8.895501966571590

  Charge       = 0
  Multiplicity = 1
  Electrons    = 10
  Nalpha       = 5
  Nbeta        = 5

  ==> Algorithm <==

  SCF Algorithm Type is PK.
  DIIS enabled.
  MOM disabled.
  Fractional occupation disabled.
  Guess Type is CORE.
  Energy threshold   = 1.00e-08
  Density threshold  = 1.00e-11
  Integral threshold = 0.00e+00

  ==> Primary Basis <==

  Basis Set: STO-3G
    Number of shells: 5
    Number of basis function: 7
    Number of Cartesian functions: 7
    Spherical Harmonics?: true
    Max angular momentum: 1

  ==> Pre-Iterations <==

  Minimum eigenvalue in the overlap matrix is 3.6401811052E-01.
  Using Symmetric Orthogonalization.
  SCF Guess: Core (One-Electron) Hamiltonian.

  Initial RHF energy:   -54.58969683914356

   -------------------------------------------------------
    Irrep   Nso     Nmo     Nalpha   Nbeta   Ndocc  Nsocc
   -------------------------------------------------------
     A          7       7       5       5       5       0
   -------------------------------------------------------
    Total       7       7       5       5       5       0
   -------------------------------------------------------

  ==> Integral Setup <==

 MINTS: Wrapper to libmints.
   by Justin Turney

   Calculation information:
      Number of atoms:                   3
      Number of AO shells:               5
      Number of SO shells:               5
      Number of primitives:             15
      Number of atomic orbitals:         7
      Number of basis functions:         7

      Number of irreps:                  1
      Number of functions per irrep: [   7 ]

      Overlap, kinetic, potential, dipole, and quadrupole integrals
        stored in file 35.

      Computing two-electron integrals...done
      Computed 228 non-zero two-electron integrals.
        Stored in file 33.

  ==> Iterations <==

                        Total Energy        Delta E     Density RMS

   @RHF iter   1:   -73.24125751063332   -1.86516e+01   0.00000e+00 
   @RHF iter   2:   -74.93009812138409   -1.68884e+00   2.62850e-01 DIIS
   @RHF iter   3:   -74.96450046296144   -3.44023e-02   3.51313e-02 DIIS
   @RHF iter   4:   -74.96583721312606   -1.33675e-03   9.12061e-03 DIIS
   @RHF iter   5:   -74.96589201799685   -5.48049e-05   1.60116e-03 DIIS
   @RHF iter   6:   -74.96589672536709   -4.70737e-06   5.55060e-04 DIIS
   @RHF iter   7:   -74.96589676236862   -3.70015e-08   5.08791e-05 DIIS
   @RHF iter   8:   -74.96589676236859    2.84217e-14   1.43475e-08 DIIS
   @RHF iter   9:   -74.96589676236859    0.00000e+00   6.57391e-10 DIIS

  ==> Post-Iterations <==

	Orbital Energies (a.u.)
	-----------------------

	Doubly Occupied:                                                      

	   1A    -20.251950     2A     -1.257128     3A     -0.592919  
	   4A     -0.459980     5A     -0.392672  

	Virtual:                                                              

	   6A      0.580853     7A      0.690787  

	Final Occupation by Irrep:
	          A 
	DOCC [     5 ]

  Energy converged.

  @RHF Final Energy:   -74.96589676236859

   => Energetics <=

    Nuclear Repulsion Energy =          8.8955019665715902
    One-Electron Energy =            -121.8135010156377547
    Two-Electron Energy =              37.9521022866975528
    DFT Functional Energy =             0.0000000000000000
    Empirical Dispersion Energy =       0.0000000000000000
    Total Energy =                    -74.9658967623686152

  ==> Properties <==

  Nuclear Dipole Moment: (a.u.)
     X:     0.0000      Y:     0.0000      Z:     1.0616

  Electronic Dipole Moment: (a.u.)
     X:     0.0000      Y:     0.0000      Z:    -0.3895

  Dipole Moment: (a.u.)
     X:     0.0000      Y:     0.0000      Z:     0.6721     Total:     0.6721

  Dipole Moment: (Debye)
     X:     0.0000      Y:     0.0000      Z:     1.7084     Total:     1.7084


  Saving occupied orbitals to File 180.

*** tstop() called on lawn-143-215-103-161.lawn.gatech.edu at Fri Apr 27 13:58:30 2012
Module time:
	user time   =       0.03 seconds =       0.00 minutes
	system time =       0.00 seconds =       0.00 minutes
	total time  =          0 seconds =       0.00 minutes
Total time:
	user time   =       0.09 seconds =       0.00 minutes
	system time =       0.02 seconds =       0.00 minutes
	total time  =          0 seconds =       0.00 minutes

  //>>>>>>>>>>>>>>>>>>>>>>>>>>>>>>>>>>>//
  //    Loading displacement 4 of 13   //
  //<<<<<<<<<<<<<<<<<<<<<<<<<<<<<<<<<<<//

*** tstart() called on lawn-143-215-103-161.lawn.gatech.edu
*** at Fri Apr 27 13:58:30 2012

	There are an even number of electrons - assuming singlet.
	Specify the multiplicity with the MULTP option in the
	input if this is incorrect


         ---------------------------------------------------------
                                   SCF
            by Justin Turney, Rob Parrish, and Andy Simmonett
                              RHF Reference
                        1 Threads,    250 MiB Core
         ---------------------------------------------------------

  ==> Geometry <==

    Molecular point group: c1

    Geometry (in Angstrom), charge = 0, multiplicity = 1:

       Center              X                  Y                   Z       
    ------------   -----------------  -----------------  -----------------
           O          0.000000000000     0.000000000000    -0.070934404453
           H          0.000000000000    -0.758080658651     0.562890237251
           H          0.000000000000     0.758080658651     0.562890237251

  Running in c1 symmetry.

  Nuclear repulsion =    8.917484647183551

  Charge       = 0
  Multiplicity = 1
  Electrons    = 10
  Nalpha       = 5
  Nbeta        = 5

  ==> Algorithm <==

  SCF Algorithm Type is PK.
  DIIS enabled.
  MOM disabled.
  Fractional occupation disabled.
  Guess Type is CORE.
  Energy threshold   = 1.00e-08
  Density threshold  = 1.00e-11
  Integral threshold = 0.00e+00

  ==> Primary Basis <==

  Basis Set: STO-3G
    Number of shells: 5
    Number of basis function: 7
    Number of Cartesian functions: 7
    Spherical Harmonics?: true
    Max angular momentum: 1

  ==> Pre-Iterations <==

  Minimum eigenvalue in the overlap matrix is 3.6234451987E-01.
  Using Symmetric Orthogonalization.
  SCF Guess: Core (One-Electron) Hamiltonian.

  Initial RHF energy:   -54.58237633118452

   -------------------------------------------------------
    Irrep   Nso     Nmo     Nalpha   Nbeta   Ndocc  Nsocc
   -------------------------------------------------------
     A          7       7       5       5       5       0
   -------------------------------------------------------
    Total       7       7       5       5       5       0
   -------------------------------------------------------

  ==> Integral Setup <==

 MINTS: Wrapper to libmints.
   by Justin Turney

   Calculation information:
      Number of atoms:                   3
      Number of AO shells:               5
      Number of SO shells:               5
      Number of primitives:             15
      Number of atomic orbitals:         7
      Number of basis functions:         7

      Number of irreps:                  1
      Number of functions per irrep: [   7 ]

      Overlap, kinetic, potential, dipole, and quadrupole integrals
        stored in file 35.

      Computing two-electron integrals...done
      Computed 228 non-zero two-electron integrals.
        Stored in file 33.

  ==> Iterations <==

                        Total Energy        Delta E     Density RMS

   @RHF iter   1:   -73.24071465296112   -1.86583e+01   0.00000e+00 
   @RHF iter   2:   -74.93187195576454   -1.69116e+00   2.62867e-01 DIIS
   @RHF iter   3:   -74.96454086277335   -3.26689e-02   3.43319e-02 DIIS
   @RHF iter   4:   -74.96583908525685   -1.29822e-03   9.01207e-03 DIIS
   @RHF iter   5:   -74.96589229401782   -5.32088e-05   1.58989e-03 DIIS
   @RHF iter   6:   -74.96589672003677   -4.42602e-06   5.38768e-04 DIIS
   @RHF iter   7:   -74.96589675529707   -3.52603e-08   4.95287e-05 DIIS
   @RHF iter   8:   -74.96589675529704    2.84217e-14   1.62351e-08 DIIS
   @RHF iter   9:   -74.96589675529707   -2.84217e-14   7.72623e-10 DIIS

  ==> Post-Iterations <==

	Orbital Energies (a.u.)
	-----------------------

	Doubly Occupied:                                                      

	   1A    -20.251202     2A     -1.257970     3A     -0.594792  
	   4A     -0.459478     5A     -0.392561  

	Virtual:                                                              

	   6A      0.582733     7A      0.694566  

	Final Occupation by Irrep:
	          A 
	DOCC [     5 ]

  Energy converged.

  @RHF Final Energy:   -74.96589675529707

   => Energetics <=

    Nuclear Repulsion Energy =          8.9174846471835512
    One-Electron Energy =            -121.8547554982569068
    Two-Electron Energy =              37.9713740957762838
    DFT Functional Energy =             0.0000000000000000
    Empirical Dispersion Energy =       0.0000000000000000
    Total Energy =                    -74.9658967552970665

  ==> Properties <==

  Nuclear Dipole Moment: (a.u.)
     X:     0.0000      Y:     0.0000      Z:     1.0550

  Electronic Dipole Moment: (a.u.)
     X:     0.0000      Y:    -0.0000      Z:    -0.3823

  Dipole Moment: (a.u.)
     X:     0.0000      Y:    -0.0000      Z:     0.6728     Total:     0.6728

  Dipole Moment: (Debye)
     X:     0.0000      Y:    -0.0000      Z:     1.7100     Total:     1.7100


  Saving occupied orbitals to File 180.

*** tstop() called on lawn-143-215-103-161.lawn.gatech.edu at Fri Apr 27 13:58:30 2012
Module time:
	user time   =       0.04 seconds =       0.00 minutes
	system time =       0.01 seconds =       0.00 minutes
	total time  =          0 seconds =       0.00 minutes
Total time:
	user time   =       0.13 seconds =       0.00 minutes
	system time =       0.03 seconds =       0.00 minutes
	total time  =          0 seconds =       0.00 minutes

  //>>>>>>>>>>>>>>>>>>>>>>>>>>>>>>>>>>>//
  //    Loading displacement 5 of 13   //
  //<<<<<<<<<<<<<<<<<<<<<<<<<<<<<<<<<<<//

*** tstart() called on lawn-143-215-103-161.lawn.gatech.edu
*** at Fri Apr 27 13:58:30 2012

	There are an even number of electrons - assuming singlet.
	Specify the multiplicity with the MULTP option in the
	input if this is incorrect


         ---------------------------------------------------------
                                   SCF
            by Justin Turney, Rob Parrish, and Andy Simmonett
                              RHF Reference
                        1 Threads,    250 MiB Core
         ---------------------------------------------------------

  ==> Geometry <==

    Molecular point group: c1

    Geometry (in Angstrom), charge = 0, multiplicity = 1:

       Center              X                  Y                   Z       
    ------------   -----------------  -----------------  -----------------
           O          0.000000000000     0.000000000000    -0.071155726193
           H          0.000000000000    -0.759944305276     0.564646505562
           H          0.000000000000     0.759944305276     0.564646505562

  Running in c1 symmetry.

  Nuclear repulsion =    8.893294705010046

  Charge       = 0
  Multiplicity = 1
  Electrons    = 10
  Nalpha       = 5
  Nbeta        = 5

  ==> Algorithm <==

  SCF Algorithm Type is PK.
  DIIS enabled.
  MOM disabled.
  Fractional occupation disabled.
  Guess Type is CORE.
  Energy threshold   = 1.00e-08
  Density threshold  = 1.00e-11
  Integral threshold = 0.00e+00

  ==> Primary Basis <==

  Basis Set: STO-3G
    Number of shells: 5
    Number of basis function: 7
    Number of Cartesian functions: 7
    Spherical Harmonics?: true
    Max angular momentum: 1

  ==> Pre-Iterations <==

  Minimum eigenvalue in the overlap matrix is 3.6411275510E-01.
  Using Symmetric Orthogonalization.
  SCF Guess: Core (One-Electron) Hamiltonian.

  Initial RHF energy:   -54.59123228976890

   -------------------------------------------------------
    Irrep   Nso     Nmo     Nalpha   Nbeta   Ndocc  Nsocc
   -------------------------------------------------------
     A          7       7       5       5       5       0
   -------------------------------------------------------
    Total       7       7       5       5       5       0
   -------------------------------------------------------

  ==> Integral Setup <==

 MINTS: Wrapper to libmints.
   by Justin Turney

   Calculation information:
      Number of atoms:                   3
      Number of AO shells:               5
      Number of SO shells:               5
      Number of primitives:             15
      Number of atomic orbitals:         7
      Number of basis functions:         7

      Number of irreps:                  1
      Number of functions per irrep: [   7 ]

      Overlap, kinetic, potential, dipole, and quadrupole integrals
        stored in file 35.

      Computing two-electron integrals...done
      Computed 228 non-zero two-electron integrals.
        Stored in file 33.

  ==> Iterations <==

                        Total Energy        Delta E     Density RMS

   @RHF iter   1:   -73.24186520817074   -1.86506e+01   0.00000e+00 
   @RHF iter   2:   -74.93052237887888   -1.68866e+00   2.62734e-01 DIIS
   @RHF iter   3:   -74.96450409582401   -3.39817e-02   3.49215e-02 DIIS
   @RHF iter   4:   -74.96583566365769   -1.33157e-03   9.10917e-03 DIIS
   @RHF iter   5:   -74.96589058929158   -5.49256e-05   1.60678e-03 DIIS
   @RHF iter   6:   -74.96589526736680   -4.67808e-06   5.53657e-04 DIIS
   @RHF iter   7:   -74.96589530390285   -3.65361e-08   5.05122e-05 DIIS
   @RHF iter   8:   -74.96589530390293   -7.10543e-14   1.48892e-08 DIIS
   @RHF iter   9:   -74.96589530390290    2.84217e-14   6.94264e-10 DIIS

  ==> Post-Iterations <==

	Orbital Energies (a.u.)
	-----------------------

	Doubly Occupied:                                                      

	   1A    -20.251604     2A     -1.256720     3A     -0.593385  
	   4A     -0.459231     5A     -0.392458  

	Virtual:                                                              

	   6A      0.580231     7A      0.691430  

	Final Occupation by Irrep:
	          A 
	DOCC [     5 ]

  Energy converged.

  @RHF Final Energy:   -74.96589530390290

   => Energetics <=

    Nuclear Repulsion Energy =          8.8932947050100459
    One-Electron Energy =            -121.8115822870673810
    Two-Electron Energy =              37.9523922781544343
    DFT Functional Energy =             0.0000000000000000
    Empirical Dispersion Energy =       0.0000000000000000
    Total Energy =                    -74.9658953039028972

  ==> Properties <==

  Nuclear Dipole Moment: (a.u.)
     X:     0.0000      Y:     0.0000      Z:     1.0583

  Electronic Dipole Moment: (a.u.)
     X:     0.0000      Y:     0.0000      Z:    -0.3870

  Dipole Moment: (a.u.)
     X:     0.0000      Y:     0.0000      Z:     0.6713     Total:     0.6713

  Dipole Moment: (Debye)
     X:     0.0000      Y:     0.0000      Z:     1.7064     Total:     1.7064


  Saving occupied orbitals to File 180.

*** tstop() called on lawn-143-215-103-161.lawn.gatech.edu at Fri Apr 27 13:58:30 2012
Module time:
	user time   =       0.03 seconds =       0.00 minutes
	system time =       0.01 seconds =       0.00 minutes
	total time  =          0 seconds =       0.00 minutes
Total time:
	user time   =       0.16 seconds =       0.00 minutes
	system time =       0.04 seconds =       0.00 minutes
	total time  =          0 seconds =       0.00 minutes

  //>>>>>>>>>>>>>>>>>>>>>>>>>>>>>>>>>>>//
  //    Loading displacement 6 of 13   //
  //<<<<<<<<<<<<<<<<<<<<<<<<<<<<<<<<<<<//

*** tstart() called on lawn-143-215-103-161.lawn.gatech.edu
*** at Fri Apr 27 13:58:30 2012

	There are an even number of electrons - assuming singlet.
	Specify the multiplicity with the MULTP option in the
	input if this is incorrect


         ---------------------------------------------------------
                                   SCF
            by Justin Turney, Rob Parrish, and Andy Simmonett
                              RHF Reference
                        1 Threads,    250 MiB Core
         ---------------------------------------------------------

  ==> Geometry <==

    Molecular point group: c1

    Geometry (in Angstrom), charge = 0, multiplicity = 1:

       Center              X                  Y                   Z       
    ------------   -----------------  -----------------  -----------------
           O          0.000000000000     0.000000000000    -0.071155726193
           H          0.000000000000    -0.756217012027     0.564646505562
           H          0.000000000000     0.756217012027     0.564646505562

  Running in c1 symmetry.

  Nuclear repulsion =    8.919711072382745

  Charge       = 0
  Multiplicity = 1
  Electrons    = 10
  Nalpha       = 5
  Nbeta        = 5

  ==> Algorithm <==

  SCF Algorithm Type is PK.
  DIIS enabled.
  MOM disabled.
  Fractional occupation disabled.
  Guess Type is CORE.
  Energy threshold   = 1.00e-08
  Density threshold  = 1.00e-11
  Integral threshold = 0.00e+00

  ==> Primary Basis <==

  Basis Set: STO-3G
    Number of shells: 5
    Number of basis function: 7
    Number of Cartesian functions: 7
    Spherical Harmonics?: true
    Max angular momentum: 1

  ==> Pre-Iterations <==

  Minimum eigenvalue in the overlap matrix is 3.6224880214E-01.
  Using Symmetric Orthogonalization.
  SCF Guess: Core (One-Electron) Hamiltonian.

  Initial RHF energy:   -54.58082888504163

   -------------------------------------------------------
    Irrep   Nso     Nmo     Nalpha   Nbeta   Ndocc  Nsocc
   -------------------------------------------------------
     A          7       7       5       5       5       0
   -------------------------------------------------------
    Total       7       7       5       5       5       0
   -------------------------------------------------------

  ==> Integral Setup <==

 MINTS: Wrapper to libmints.
   by Justin Turney

   Calculation information:
      Number of atoms:                   3
      Number of AO shells:               5
      Number of SO shells:               5
      Number of primitives:             15
      Number of atomic orbitals:         7
      Number of basis functions:         7

      Number of irreps:                  1
      Number of functions per irrep: [   7 ]

      Overlap, kinetic, potential, dipole, and quadrupole integrals
        stored in file 35.

      Computing two-electron integrals...done
      Computed 228 non-zero two-electron integrals.
        Stored in file 33.

  ==> Iterations <==

                        Total Energy        Delta E     Density RMS

   @RHF iter   1:   -73.24010531256174   -1.86593e+01   0.00000e+00 
   @RHF iter   2:   -74.93145334394671   -1.69135e+00   2.62983e-01 DIIS
   @RHF iter   3:   -74.96453417487325   -3.30808e-02   3.45423e-02 DIIS
   @RHF iter   4:   -74.96583768246161   -1.30351e-03   9.02415e-03 DIIS
   @RHF iter   5:   -74.96589078561517   -5.31032e-05   1.58448e-03 DIIS
   @RHF iter   6:   -74.96589524114457   -4.45553e-06   5.40257e-04 DIIS
   @RHF iter   7:   -74.96589527684385   -3.56993e-08   4.98823e-05 DIIS
   @RHF iter   8:   -74.96589527684390   -4.26326e-14   1.55871e-08 DIIS
   @RHF iter   9:   -74.96589527684380    9.94760e-14   7.35625e-10 DIIS

  ==> Post-Iterations <==

	Orbital Energies (a.u.)
	-----------------------

	Doubly Occupied:                                                      

	   1A    -20.251550     2A     -1.258382     3A     -0.594323  
	   4A     -0.460230     5A     -0.392777  

	Virtual:                                                              

	   6A      0.583357     7A      0.693920  

	Final Occupation by Irrep:
	          A 
	DOCC [     5 ]

  Energy converged.

  @RHF Final Energy:   -74.96589527684380

   => Energetics <=

    Nuclear Repulsion Energy =          8.9197110723827446
    One-Electron Energy =            -121.8566904780832090
    Two-Electron Energy =              37.9710841288566741
    DFT Functional Energy =             0.0000000000000000
    Empirical Dispersion Energy =       0.0000000000000000
    Total Energy =                    -74.9658952768437956

  ==> Properties <==

  Nuclear Dipole Moment: (a.u.)
     X:     0.0000      Y:     0.0000      Z:     1.0583

  Electronic Dipole Moment: (a.u.)
     X:     0.0000      Y:    -0.0000      Z:    -0.3848

  Dipole Moment: (a.u.)
     X:     0.0000      Y:    -0.0000      Z:     0.6736     Total:     0.6736

  Dipole Moment: (Debye)
     X:     0.0000      Y:    -0.0000      Z:     1.7120     Total:     1.7120


  Saving occupied orbitals to File 180.

*** tstop() called on lawn-143-215-103-161.lawn.gatech.edu at Fri Apr 27 13:58:30 2012
Module time:
	user time   =       0.03 seconds =       0.00 minutes
	system time =       0.01 seconds =       0.00 minutes
	total time  =          0 seconds =       0.00 minutes
Total time:
	user time   =       0.19 seconds =       0.00 minutes
	system time =       0.05 seconds =       0.00 minutes
	total time  =          0 seconds =       0.00 minutes

  //>>>>>>>>>>>>>>>>>>>>>>>>>>>>>>>>>>>//
  //    Loading displacement 7 of 13   //
  //<<<<<<<<<<<<<<<<<<<<<<<<<<<<<<<<<<<//

*** tstart() called on lawn-143-215-103-161.lawn.gatech.edu
*** at Fri Apr 27 13:58:30 2012

	There are an even number of electrons - assuming singlet.
	Specify the multiplicity with the MULTP option in the
	input if this is incorrect


         ---------------------------------------------------------
                                   SCF
            by Justin Turney, Rob Parrish, and Andy Simmonett
                              RHF Reference
                        1 Threads,    250 MiB Core
         ---------------------------------------------------------

  ==> Geometry <==

    Molecular point group: c1

    Geometry (in Angstrom), charge = 0, multiplicity = 1:

       Center              X                  Y                   Z       
    ------------   -----------------  -----------------  -----------------
           O          0.000000000000     0.000173635366    -0.070934404453
           H          0.000000000000    -0.759458518282     0.564045848093
           H          0.000000000000     0.756702799021     0.561734626409

  Running in c1 symmetry.

  Nuclear repulsion =    8.917516929004323

  Charge       = 0
  Multiplicity = 1
  Electrons    = 10
  Nalpha       = 5
  Nbeta        = 5

  ==> Algorithm <==

  SCF Algorithm Type is PK.
  DIIS enabled.
  MOM disabled.
  Fractional occupation disabled.
  Guess Type is CORE.
  Energy threshold   = 1.00e-08
  Density threshold  = 1.00e-11
  Integral threshold = 0.00e+00

  ==> Primary Basis <==

  Basis Set: STO-3G
    Number of shells: 5
    Number of basis function: 7
    Number of Cartesian functions: 7
    Spherical Harmonics?: true
    Max angular momentum: 1

  ==> Pre-Iterations <==

  Minimum eigenvalue in the overlap matrix is 3.6231963189E-01.
  Using Symmetric Orthogonalization.
  SCF Guess: Core (One-Electron) Hamiltonian.

  Initial RHF energy:   -54.58236133747380

   -------------------------------------------------------
    Irrep   Nso     Nmo     Nalpha   Nbeta   Ndocc  Nsocc
   -------------------------------------------------------
     A          7       7       5       5       5       0
   -------------------------------------------------------
    Total       7       7       5       5       5       0
   -------------------------------------------------------

  ==> Integral Setup <==

 MINTS: Wrapper to libmints.
   by Justin Turney

   Calculation information:
      Number of atoms:                   3
      Number of AO shells:               5
      Number of SO shells:               5
      Number of primitives:             15
      Number of atomic orbitals:         7
      Number of basis functions:         7

      Number of irreps:                  1
      Number of functions per irrep: [   7 ]

      Overlap, kinetic, potential, dipole, and quadrupole integrals
        stored in file 35.

      Computing two-electron integrals...done
      Computed 231 non-zero two-electron integrals.
        Stored in file 33.

  ==> Iterations <==

                        Total Energy        Delta E     Density RMS

   @RHF iter   1:   -73.24071153676766   -1.86584e+01   0.00000e+00 
   @RHF iter   2:   -74.93186045344405   -1.69115e+00   2.62869e-01 DIIS
   @RHF iter   3:   -74.96453157646535   -3.26711e-02   3.43328e-02 DIIS
   @RHF iter   4:   -74.96582989434469   -1.29832e-03   9.01217e-03 DIIS
   @RHF iter   5:   -74.96588310818574   -5.32138e-05   1.58997e-03 DIIS
   @RHF iter   6:   -74.96588753464621   -4.42646e-06   5.38791e-04 DIIS
   @RHF iter   7:   -74.96588756991450   -3.52683e-08   4.95332e-05 DIIS
   @RHF iter   8:   -74.96588756991476   -2.55795e-13   1.17682e-07 DIIS
   @RHF iter   9:   -74.96588756991480   -4.26326e-14   1.07095e-08 DIIS
   @RHF iter  10:   -74.96588756991477    2.84217e-14   1.87722e-09 DIIS
   @RHF iter  11:   -74.96588756991476    1.42109e-14   1.92549e-10 DIIS
   @RHF iter  12:   -74.96588756991478   -2.84217e-14   3.38756e-11 DIIS

  ==> Post-Iterations <==

	Orbital Energies (a.u.)
	-----------------------

	Doubly Occupied:                                                      

	   1A    -20.251203     2A     -1.257974     3A     -0.594792  
	   4A     -0.459477     5A     -0.392562  

	Virtual:                                                              

	   6A      0.582700     7A      0.694605  

	Final Occupation by Irrep:
	          A 
	DOCC [     5 ]

  Energy converged.

  @RHF Final Energy:   -74.96588756991478

   => Energetics <=

    Nuclear Repulsion Energy =          8.9175169290043232
    One-Electron Energy =            -121.8547934817314768
    Two-Electron Energy =              37.9713889828123712
    DFT Functional Energy =             0.0000000000000000
    Empirical Dispersion Energy =       0.0000000000000000
    Total Energy =                    -74.9658875699147842

  ==> Properties <==

  Nuclear Dipole Moment: (a.u.)
     X:     0.0000      Y:    -0.0026      Z:     1.0550

  Electronic Dipole Moment: (a.u.)
     X:     0.0000      Y:     0.0035      Z:    -0.3823

  Dipole Moment: (a.u.)
     X:     0.0000      Y:     0.0009      Z:     0.6728     Total:     0.6728

  Dipole Moment: (Debye)
     X:     0.0000      Y:     0.0022      Z:     1.7100     Total:     1.7100


  Saving occupied orbitals to File 180.

*** tstop() called on lawn-143-215-103-161.lawn.gatech.edu at Fri Apr 27 13:58:30 2012
Module time:
	user time   =       0.03 seconds =       0.00 minutes
	system time =       0.00 seconds =       0.00 minutes
	total time  =          0 seconds =       0.00 minutes
Total time:
	user time   =       0.22 seconds =       0.00 minutes
	system time =       0.05 seconds =       0.00 minutes
	total time  =          0 seconds =       0.00 minutes

  //>>>>>>>>>>>>>>>>>>>>>>>>>>>>>>>>>>>//
  //    Loading displacement 8 of 13   //
  //<<<<<<<<<<<<<<<<<<<<<<<<<<<<<<<<<<<//

*** tstart() called on lawn-143-215-103-161.lawn.gatech.edu
*** at Fri Apr 27 13:58:30 2012

	There are an even number of electrons - assuming singlet.
	Specify the multiplicity with the MULTP option in the
	input if this is incorrect


         ---------------------------------------------------------
                                   SCF
            by Justin Turney, Rob Parrish, and Andy Simmonett
                              RHF Reference
                        1 Threads,    250 MiB Core
         ---------------------------------------------------------

  ==> Geometry <==

    Molecular point group: c1

    Geometry (in Angstrom), charge = 0, multiplicity = 1:

       Center              X                  Y                   Z       
    ------------   -----------------  -----------------  -----------------
           O          0.000000000000    -0.000173635366    -0.071377047933
           H          0.000000000000    -0.756702799021     0.565247163032
           H          0.000000000000     0.759458518282     0.567558384716

  Running in c1 symmetry.

  Nuclear repulsion =    8.895533980212335

  Charge       = 0
  Multiplicity = 1
  Electrons    = 10
  Nalpha       = 5
  Nbeta        = 5

  ==> Algorithm <==

  SCF Algorithm Type is PK.
  DIIS enabled.
  MOM disabled.
  Fractional occupation disabled.
  Guess Type is CORE.
  Energy threshold   = 1.00e-08
  Density threshold  = 1.00e-11
  Integral threshold = 0.00e+00

  ==> Primary Basis <==

  Basis Set: STO-3G
    Number of shells: 5
    Number of basis function: 7
    Number of Cartesian functions: 7
    Spherical Harmonics?: true
    Max angular momentum: 1

  ==> Pre-Iterations <==

  Minimum eigenvalue in the overlap matrix is 3.6399333572E-01.
  Using Symmetric Orthogonalization.
  SCF Guess: Core (One-Electron) Hamiltonian.

  Initial RHF energy:   -54.58968201780918

   -------------------------------------------------------
    Irrep   Nso     Nmo     Nalpha   Nbeta   Ndocc  Nsocc
   -------------------------------------------------------
     A          7       7       5       5       5       0
   -------------------------------------------------------
    Total       7       7       5       5       5       0
   -------------------------------------------------------

  ==> Integral Setup <==

 MINTS: Wrapper to libmints.
   by Justin Turney

   Calculation information:
      Number of atoms:                   3
      Number of AO shells:               5
      Number of SO shells:               5
      Number of primitives:             15
      Number of atomic orbitals:         7
      Number of basis functions:         7

      Number of irreps:                  1
      Number of functions per irrep: [   7 ]

      Overlap, kinetic, potential, dipole, and quadrupole integrals
        stored in file 35.

      Computing two-electron integrals...done
      Computed 231 non-zero two-electron integrals.
        Stored in file 33.

  ==> Iterations <==

                        Total Energy        Delta E     Density RMS

   @RHF iter   1:   -73.24125444154326   -1.86516e+01   0.00000e+00 
   @RHF iter   2:   -74.93008668890465   -1.68883e+00   2.62852e-01 DIIS
   @RHF iter   3:   -74.96449130320661   -3.44046e-02   3.51321e-02 DIIS
   @RHF iter   4:   -74.96582815049571   -1.33685e-03   9.12070e-03 DIIS
   @RHF iter   5:   -74.96588296051313   -5.48100e-05   1.60123e-03 DIIS
   @RHF iter   6:   -74.96588766834229   -4.70783e-06   5.55083e-04 DIIS
   @RHF iter   7:   -74.96588770535210   -3.70098e-08   5.08835e-05 DIIS
   @RHF iter   8:   -74.96588770535244   -3.41061e-13   1.19774e-07 DIIS
   @RHF iter   9:   -74.96588770535240    4.26326e-14   1.02310e-08 DIIS
   @RHF iter  10:   -74.96588770535243   -2.84217e-14   1.88682e-09 DIIS
   @RHF iter  11:   -74.96588770535243    0.00000e+00   1.76673e-10 DIIS
   @RHF iter  12:   -74.96588770535239    4.26326e-14   2.93638e-11 DIIS

  ==> Post-Iterations <==

	Orbital Energies (a.u.)
	-----------------------

	Doubly Occupied:                                                      

	   1A    -20.251950     2A     -1.257132     3A     -0.592919  
	   4A     -0.459979     5A     -0.392673  

	Virtual:                                                              

	   6A      0.580819     7A      0.690825  

	Final Occupation by Irrep:
	          A 
	DOCC [     5 ]

  Energy converged.

  @RHF Final Energy:   -74.96588770535239

   => Energetics <=

    Nuclear Repulsion Energy =          8.8955339802123348
    One-Electron Energy =            -121.8135387790185291
    Two-Electron Energy =              37.9521170934538077
    DFT Functional Energy =             0.0000000000000000
    Empirical Dispersion Energy =       0.0000000000000000
    Total Energy =                    -74.9658877053523867

  ==> Properties <==

  Nuclear Dipole Moment: (a.u.)
     X:     0.0000      Y:     0.0026      Z:     1.0616

  Electronic Dipole Moment: (a.u.)
     X:    -0.0000      Y:    -0.0035      Z:    -0.3895

  Dipole Moment: (a.u.)
     X:    -0.0000      Y:    -0.0009      Z:     0.6721     Total:     0.6721

  Dipole Moment: (Debye)
     X:    -0.0000      Y:    -0.0022      Z:     1.7084     Total:     1.7084


  Saving occupied orbitals to File 180.

*** tstop() called on lawn-143-215-103-161.lawn.gatech.edu at Fri Apr 27 13:58:30 2012
Module time:
	user time   =       0.03 seconds =       0.00 minutes
	system time =       0.00 seconds =       0.00 minutes
	total time  =          0 seconds =       0.00 minutes
Total time:
	user time   =       0.25 seconds =       0.00 minutes
	system time =       0.06 seconds =       0.00 minutes
	total time  =          0 seconds =       0.00 minutes

  //>>>>>>>>>>>>>>>>>>>>>>>>>>>>>>>>>>>//
  //    Loading displacement 9 of 13   //
  //<<<<<<<<<<<<<<<<<<<<<<<<<<<<<<<<<<<//

*** tstart() called on lawn-143-215-103-161.lawn.gatech.edu
*** at Fri Apr 27 13:58:30 2012

	There are an even number of electrons - assuming singlet.
	Specify the multiplicity with the MULTP option in the
	input if this is incorrect


         ---------------------------------------------------------
                                   SCF
            by Justin Turney, Rob Parrish, and Andy Simmonett
                              RHF Reference
                        1 Threads,    250 MiB Core
         ---------------------------------------------------------

  ==> Geometry <==

    Molecular point group: c1

    Geometry (in Angstrom), charge = 0, multiplicity = 1:

       Center              X                  Y                   Z       
    ------------   -----------------  -----------------  -----------------
           O          0.000000000000     0.000173635366    -0.071155726193
           H          0.000000000000    -0.757594871657     0.565802116404
           H          0.000000000000     0.754839152396     0.563490894720

  Running in c1 symmetry.

  Nuclear repulsion =    8.919743351296109

  Charge       = 0
  Multiplicity = 1
  Electrons    = 10
  Nalpha       = 5
  Nbeta        = 5

  ==> Algorithm <==

  SCF Algorithm Type is PK.
  DIIS enabled.
  MOM disabled.
  Fractional occupation disabled.
  Guess Type is CORE.
  Energy threshold   = 1.00e-08
  Density threshold  = 1.00e-11
  Integral threshold = 0.00e+00

  ==> Primary Basis <==

  Basis Set: STO-3G
    Number of shells: 5
    Number of basis function: 7
    Number of Cartesian functions: 7
    Spherical Harmonics?: true
    Max angular momentum: 1

  ==> Pre-Iterations <==

  Minimum eigenvalue in the overlap matrix is 3.6222392854E-01.
  Using Symmetric Orthogonalization.
  SCF Guess: Core (One-Electron) Hamiltonian.

  Initial RHF energy:   -54.58081388976079

   -------------------------------------------------------
    Irrep   Nso     Nmo     Nalpha   Nbeta   Ndocc  Nsocc
   -------------------------------------------------------
     A          7       7       5       5       5       0
   -------------------------------------------------------
    Total       7       7       5       5       5       0
   -------------------------------------------------------

  ==> Integral Setup <==

 MINTS: Wrapper to libmints.
   by Justin Turney

   Calculation information:
      Number of atoms:                   3
      Number of AO shells:               5
      Number of SO shells:               5
      Number of primitives:             15
      Number of atomic orbitals:         7
      Number of basis functions:         7

      Number of irreps:                  1
      Number of functions per irrep: [   7 ]

      Overlap, kinetic, potential, dipole, and quadrupole integrals
        stored in file 35.

      Computing two-electron integrals...done
      Computed 231 non-zero two-electron integrals.
        Stored in file 33.

  ==> Iterations <==

                        Total Energy        Delta E     Density RMS

   @RHF iter   1:   -73.24010219839192   -1.86593e+01   0.00000e+00 
   @RHF iter   2:   -74.93144182927212   -1.69134e+00   2.62985e-01 DIIS
   @RHF iter   3:   -74.96452488395808   -3.30831e-02   3.45431e-02 DIIS
   @RHF iter   4:   -74.96582848704026   -1.30360e-03   9.02424e-03 DIIS
   @RHF iter   5:   -74.96588159521473   -5.31082e-05   1.58455e-03 DIIS
   @RHF iter   6:   -74.96588605118350   -4.45597e-06   5.40279e-04 DIIS
   @RHF iter   7:   -74.96588608689089   -3.57074e-08   4.98868e-05 DIIS
   @RHF iter   8:   -74.96588608689125   -3.55271e-13   1.18276e-07 DIIS
   @RHF iter   9:   -74.96588608689119    5.68434e-14   1.04506e-08 DIIS
   @RHF iter  10:   -74.96588608689126   -7.10543e-14   1.86207e-09 DIIS
   @RHF iter  11:   -74.96588608689119    7.10543e-14   1.86483e-10 DIIS
   @RHF iter  12:   -74.96588608689125   -5.68434e-14   3.24352e-11 DIIS

  ==> Post-Iterations <==

	Orbital Energies (a.u.)
	-----------------------

	Doubly Occupied:                                                      

	   1A    -20.251550     2A     -1.258386     3A     -0.594323  
	   4A     -0.460229     5A     -0.392777  

	Virtual:                                                              

	   6A      0.583323     7A      0.693959  

	Final Occupation by Irrep:
	          A 
	DOCC [     5 ]

  Energy converged.

  @RHF Final Energy:   -74.96588608689125

   => Energetics <=

    Nuclear Repulsion Energy =          8.9197433512961091
    One-Electron Energy =            -121.8567284251677734
    Two-Electron Energy =              37.9710989869804294
    DFT Functional Energy =             0.0000000000000000
    Empirical Dispersion Energy =       0.0000000000000000
    Total Energy =                    -74.9658860868912313

  ==> Properties <==

  Nuclear Dipole Moment: (a.u.)
     X:     0.0000      Y:    -0.0026      Z:     1.0583

  Electronic Dipole Moment: (a.u.)
     X:     0.0000      Y:     0.0035      Z:    -0.3848

  Dipole Moment: (a.u.)
     X:     0.0000      Y:     0.0009      Z:     0.6736     Total:     0.6736

  Dipole Moment: (Debye)
     X:     0.0000      Y:     0.0022      Z:     1.7120     Total:     1.7120


  Saving occupied orbitals to File 180.

*** tstop() called on lawn-143-215-103-161.lawn.gatech.edu at Fri Apr 27 13:58:30 2012
Module time:
	user time   =       0.03 seconds =       0.00 minutes
	system time =       0.01 seconds =       0.00 minutes
	total time  =          0 seconds =       0.00 minutes
Total time:
	user time   =       0.28 seconds =       0.00 minutes
	system time =       0.07 seconds =       0.00 minutes
	total time  =          0 seconds =       0.00 minutes

  //>>>>>>>>>>>>>>>>>>>>>>>>>>>>>>>>>>>//
  //   Loading displacement 10 of 13   //
  //<<<<<<<<<<<<<<<<<<<<<<<<<<<<<<<<<<<//

*** tstart() called on lawn-143-215-103-161.lawn.gatech.edu
*** at Fri Apr 27 13:58:30 2012

	There are an even number of electrons - assuming singlet.
	Specify the multiplicity with the MULTP option in the
	input if this is incorrect


         ---------------------------------------------------------
                                   SCF
            by Justin Turney, Rob Parrish, and Andy Simmonett
                              RHF Reference
                        1 Threads,    250 MiB Core
         ---------------------------------------------------------

  ==> Geometry <==

    Molecular point group: c1

    Geometry (in Angstrom), charge = 0, multiplicity = 1:

       Center              X                  Y                   Z       
    ------------   -----------------  -----------------  -----------------
           O          0.000000000000    -0.000173635366    -0.071155726193
           H          0.000000000000    -0.758566445645     0.563490894720
           H          0.000000000000     0.761322164906     0.565802116404

  Running in c1 symmetry.

  Nuclear repulsion =    8.893326721701840

  Charge       = 0
  Multiplicity = 1
  Electrons    = 10
  Nalpha       = 5
  Nbeta        = 5

  ==> Algorithm <==

  SCF Algorithm Type is PK.
  DIIS enabled.
  MOM disabled.
  Fractional occupation disabled.
  Guess Type is CORE.
  Energy threshold   = 1.00e-08
  Density threshold  = 1.00e-11
  Integral threshold = 0.00e+00

  ==> Primary Basis <==

  Basis Set: STO-3G
    Number of shells: 5
    Number of basis function: 7
    Number of Cartesian functions: 7
    Spherical Harmonics?: true
    Max angular momentum: 1

  ==> Pre-Iterations <==

  Minimum eigenvalue in the overlap matrix is 3.6408796635E-01.
  Using Symmetric Orthogonalization.
  SCF Guess: Core (One-Electron) Hamiltonian.

  Initial RHF energy:   -54.59121746985911

   -------------------------------------------------------
    Irrep   Nso     Nmo     Nalpha   Nbeta   Ndocc  Nsocc
   -------------------------------------------------------
     A          7       7       5       5       5       0
   -------------------------------------------------------
    Total       7       7       5       5       5       0
   -------------------------------------------------------

  ==> Integral Setup <==

 MINTS: Wrapper to libmints.
   by Justin Turney

   Calculation information:
      Number of atoms:                   3
      Number of AO shells:               5
      Number of SO shells:               5
      Number of primitives:             15
      Number of atomic orbitals:         7
      Number of basis functions:         7

      Number of irreps:                  1
      Number of functions per irrep: [   7 ]

      Overlap, kinetic, potential, dipole, and quadrupole integrals
        stored in file 35.

      Computing two-electron integrals...done
      Computed 231 non-zero two-electron integrals.
        Stored in file 33.

  ==> Iterations <==

                        Total Energy        Delta E     Density RMS

   @RHF iter   1:   -73.24186213703261   -1.86506e+01   0.00000e+00 
   @RHF iter   2:   -74.93051095846695   -1.68865e+00   2.62736e-01 DIIS
   @RHF iter   3:   -74.96449494055784   -3.39840e-02   3.49223e-02 DIIS
   @RHF iter   4:   -74.96582660542980   -1.33166e-03   9.10926e-03 DIIS
   @RHF iter   5:   -74.96588153627197   -5.49308e-05   1.60686e-03 DIIS
   @RHF iter   6:   -74.96588621480829   -4.67854e-06   5.53681e-04 DIIS
   @RHF iter   7:   -74.96588625135249   -3.65442e-08   5.05166e-05 DIIS
   @RHF iter   8:   -74.96588625135290   -4.12115e-13   1.19119e-07 DIIS
   @RHF iter   9:   -74.96588625135283    7.10543e-14   1.04515e-08 DIIS
   @RHF iter  10:   -74.96588625135286   -2.84217e-14   1.89966e-09 DIIS
   @RHF iter  11:   -74.96588625135284    1.42109e-14   1.82765e-10 DIIS
   @RHF iter  12:   -74.96588625135280    4.26326e-14   3.08505e-11 DIIS

  ==> Post-Iterations <==

	Orbital Energies (a.u.)
	-----------------------

	Doubly Occupied:                                                      

	   1A    -20.251604     2A     -1.256724     3A     -0.593385  
	   4A     -0.459230     5A     -0.392459  

	Virtual:                                                              

	   6A      0.580198     7A      0.691468  

	Final Occupation by Irrep:
	          A 
	DOCC [     5 ]

  Energy converged.

  @RHF Final Energy:   -74.96588625135280

   => Energetics <=

    Nuclear Repulsion Energy =          8.8933267217018397
    One-Electron Energy =            -121.8116200867663821
    Two-Electron Energy =              37.9524071137117360
    DFT Functional Energy =             0.0000000000000000
    Empirical Dispersion Energy =       0.0000000000000000
    Total Energy =                    -74.9658862513527993

  ==> Properties <==

  Nuclear Dipole Moment: (a.u.)
     X:     0.0000      Y:     0.0026      Z:     1.0583

  Electronic Dipole Moment: (a.u.)
     X:     0.0000      Y:    -0.0035      Z:    -0.3870

  Dipole Moment: (a.u.)
     X:     0.0000      Y:    -0.0009      Z:     0.6714     Total:     0.6714

  Dipole Moment: (Debye)
     X:     0.0000      Y:    -0.0022      Z:     1.7064     Total:     1.7064


  Saving occupied orbitals to File 180.

*** tstop() called on lawn-143-215-103-161.lawn.gatech.edu at Fri Apr 27 13:58:30 2012
Module time:
	user time   =       0.04 seconds =       0.00 minutes
	system time =       0.01 seconds =       0.00 minutes
	total time  =          0 seconds =       0.00 minutes
Total time:
	user time   =       0.32 seconds =       0.01 minutes
	system time =       0.08 seconds =       0.00 minutes
	total time  =          0 seconds =       0.00 minutes

  //>>>>>>>>>>>>>>>>>>>>>>>>>>>>>>>>>>>//
  //   Loading displacement 11 of 13   //
  //<<<<<<<<<<<<<<<<<<<<<<<<<<<<<<<<<<<//

*** tstart() called on lawn-143-215-103-161.lawn.gatech.edu
*** at Fri Apr 27 13:58:30 2012

	There are an even number of electrons - assuming singlet.
	Specify the multiplicity with the MULTP option in the
	input if this is incorrect


         ---------------------------------------------------------
                                   SCF
            by Justin Turney, Rob Parrish, and Andy Simmonett
                              RHF Reference
                        1 Threads,    250 MiB Core
         ---------------------------------------------------------

  ==> Geometry <==

    Molecular point group: c1

    Geometry (in Angstrom), charge = 0, multiplicity = 1:

       Center              X                  Y                   Z       
    ------------   -----------------  -----------------  -----------------
           O          0.000000000000     0.000000000000    -0.070934404453
           H          0.000000000000    -0.756217012027     0.562890237251
           H          0.000000000000     0.756217012027     0.562890237251

  Running in c1 symmetry.

  Nuclear repulsion =    8.930754275996177

  Charge       = 0
  Multiplicity = 1
  Electrons    = 10
  Nalpha       = 5
  Nbeta        = 5

  ==> Algorithm <==

  SCF Algorithm Type is PK.
  DIIS enabled.
  MOM disabled.
  Fractional occupation disabled.
  Guess Type is CORE.
  Energy threshold   = 1.00e-08
  Density threshold  = 1.00e-11
  Integral threshold = 0.00e+00

  ==> Primary Basis <==

  Basis Set: STO-3G
    Number of shells: 5
    Number of basis function: 7
    Number of Cartesian functions: 7
    Spherical Harmonics?: true
    Max angular momentum: 1

  ==> Pre-Iterations <==

  Minimum eigenvalue in the overlap matrix is 3.6141092093E-01.
  Using Symmetric Orthogonalization.
  SCF Guess: Core (One-Electron) Hamiltonian.

  Initial RHF energy:   -54.57714663247454

   -------------------------------------------------------
    Irrep   Nso     Nmo     Nalpha   Nbeta   Ndocc  Nsocc
   -------------------------------------------------------
     A          7       7       5       5       5       0
   -------------------------------------------------------
    Total       7       7       5       5       5       0
   -------------------------------------------------------

  ==> Integral Setup <==

 MINTS: Wrapper to libmints.
   by Justin Turney

   Calculation information:
      Number of atoms:                   3
      Number of AO shells:               5
      Number of SO shells:               5
      Number of primitives:             15
      Number of atomic orbitals:         7
      Number of basis functions:         7

      Number of irreps:                  1
      Number of functions per irrep: [   7 ]

      Overlap, kinetic, potential, dipole, and quadrupole integrals
        stored in file 35.

      Computing two-electron integrals...done
      Computed 228 non-zero two-electron integrals.
        Stored in file 33.

  ==> Iterations <==

                        Total Energy        Delta E     Density RMS

   @RHF iter   1:   -73.23982817641512   -1.86627e+01   0.00000e+00 
   @RHF iter   2:   -74.93231444736328   -1.69249e+00   2.62995e-01 DIIS
   @RHF iter   3:   -74.96454401524284   -3.22296e-02   3.41435e-02 DIIS
   @RHF iter   4:   -74.96582840921177   -1.28439e-03   8.96969e-03 DIIS
   @RHF iter   5:   -74.96588072983189   -5.23206e-05   1.57890e-03 DIIS
   @RHF iter   6:   -74.96588504850182   -4.31867e-06   5.32159e-04 DIIS
   @RHF iter   7:   -74.96588508334720   -3.48454e-08   4.92123e-05 DIIS
   @RHF iter   8:   -74.96588508334722   -1.42109e-14   1.66209e-08 DIIS
   @RHF iter   9:   -74.96588508334722    0.00000e+00   7.89894e-10 DIIS

  ==> Post-Iterations <==

	Orbital Energies (a.u.)
	-----------------------

	Doubly Occupied:                                                      

	   1A    -20.251177     2A     -1.258806     3A     -0.595264  
	   4A     -0.459978     5A     -0.392723  

	Virtual:                                                              

	   6A      0.584302     7A      0.695816  

	Final Occupation by Irrep:
	          A 
	DOCC [     5 ]

  Energy converged.

  @RHF Final Energy:   -74.96588508334722

   => Energetics <=

    Nuclear Repulsion Energy =          8.9307542759961773
    One-Electron Energy =            -121.8773844334347558
    Two-Electron Energy =              37.9807450740913595
    DFT Functional Energy =             0.0000000000000000
    Empirical Dispersion Energy =       0.0000000000000000
    Total Energy =                    -74.9658850833472172

  ==> Properties <==

  Nuclear Dipole Moment: (a.u.)
     X:     0.0000      Y:     0.0000      Z:     1.0550

  Electronic Dipole Moment: (a.u.)
     X:    -0.0000      Y:    -0.0000      Z:    -0.3812

  Dipole Moment: (a.u.)
     X:    -0.0000      Y:    -0.0000      Z:     0.6739     Total:     0.6739

  Dipole Moment: (Debye)
     X:    -0.0000      Y:    -0.0000      Z:     1.7128     Total:     1.7128


  Saving occupied orbitals to File 180.

*** tstop() called on lawn-143-215-103-161.lawn.gatech.edu at Fri Apr 27 13:58:30 2012
Module time:
	user time   =       0.03 seconds =       0.00 minutes
	system time =       0.01 seconds =       0.00 minutes
	total time  =          0 seconds =       0.00 minutes
Total time:
	user time   =       0.35 seconds =       0.01 minutes
	system time =       0.09 seconds =       0.00 minutes
	total time  =          0 seconds =       0.00 minutes

  //>>>>>>>>>>>>>>>>>>>>>>>>>>>>>>>>>>>//
  //   Loading displacement 12 of 13   //
  //<<<<<<<<<<<<<<<<<<<<<<<<<<<<<<<<<<<//

*** tstart() called on lawn-143-215-103-161.lawn.gatech.edu
*** at Fri Apr 27 13:58:30 2012

	There are an even number of electrons - assuming singlet.
	Specify the multiplicity with the MULTP option in the
	input if this is incorrect


         ---------------------------------------------------------
                                   SCF
            by Justin Turney, Rob Parrish, and Andy Simmonett
                              RHF Reference
                        1 Threads,    250 MiB Core
         ---------------------------------------------------------

  ==> Geometry <==

    Molecular point group: c1

    Geometry (in Angstrom), charge = 0, multiplicity = 1:

       Center              X                  Y                   Z       
    ------------   -----------------  -----------------  -----------------
           O          0.000000000000     0.000000000000    -0.071377047933
           H          0.000000000000    -0.759944305276     0.566402773874
           H          0.000000000000     0.759944305276     0.566402773874

  Running in c1 symmetry.

  Nuclear repulsion =    8.882354844003192

  Charge       = 0
  Multiplicity = 1
  Electrons    = 10
  Nalpha       = 5
  Nbeta        = 5

  ==> Algorithm <==

  SCF Algorithm Type is PK.
  DIIS enabled.
  MOM disabled.
  Fractional occupation disabled.
  Guess Type is CORE.
  Energy threshold   = 1.00e-08
  Density threshold  = 1.00e-11
  Integral threshold = 0.00e+00

  ==> Primary Basis <==

  Basis Set: STO-3G
    Number of shells: 5
    Number of basis function: 7
    Number of Cartesian functions: 7
    Spherical Harmonics?: true
    Max angular momentum: 1

  ==> Pre-Iterations <==

  Minimum eigenvalue in the overlap matrix is 3.6494845895E-01.
  Using Symmetric Orthogonalization.
  SCF Guess: Core (One-Electron) Hamiltonian.

  Initial RHF energy:   -54.59487075477270

   -------------------------------------------------------
    Irrep   Nso     Nmo     Nalpha   Nbeta   Ndocc  Nsocc
   -------------------------------------------------------
     A          7       7       5       5       5       0
   -------------------------------------------------------
    Total       7       7       5       5       5       0
   -------------------------------------------------------

  ==> Integral Setup <==

 MINTS: Wrapper to libmints.
   by Justin Turney

   Calculation information:
      Number of atoms:                   3
      Number of AO shells:               5
      Number of SO shells:               5
      Number of primitives:             15
      Number of atomic orbitals:         7
      Number of basis functions:         7

      Number of irreps:                  1
      Number of functions per irrep: [   7 ]

      Overlap, kinetic, potential, dipole, and quadrupole integrals
        stored in file 35.

      Computing two-electron integrals...done
      Computed 228 non-zero two-electron integrals.
        Stored in file 33.

  ==> Iterations <==

                        Total Energy        Delta E     Density RMS

   @RHF iter   1:   -73.24213099416221   -1.86473e+01   0.00000e+00 
   @RHF iter   2:   -74.92960964543305   -1.68748e+00   2.62729e-01 DIIS
   @RHF iter   3:   -74.96447366143904   -3.48640e-02   3.53221e-02 DIIS
   @RHF iter   4:   -74.96582464267188   -1.35098e-03   9.16324e-03 DIIS
   @RHF iter   5:   -74.96588038211434   -5.57394e-05   1.61246e-03 DIIS
   @RHF iter   6:   -74.96588520470493   -4.82259e-06   5.61848e-04 DIIS
   @RHF iter   7:   -74.96588524212932   -3.74244e-08   5.11931e-05 DIIS
   @RHF iter   8:   -74.96588524212935   -2.84217e-14   1.40684e-08 DIIS
   @RHF iter   9:   -74.96588524212933    1.42109e-14   6.33800e-10 DIIS

  ==> Post-Iterations <==

	Orbital Energies (a.u.)
	-----------------------

	Doubly Occupied:                                                      

	   1A    -20.251979     2A     -1.256302     3A     -0.592452  
	   4A     -0.459481     5A     -0.392515  

	Virtual:                                                              

	   6A      0.579296     7A      0.689546  

	Final Occupation by Irrep:
	          A 
	DOCC [     5 ]

  Energy converged.

  @RHF Final Energy:   -74.96588524212933

   => Energetics <=

    Nuclear Repulsion Energy =          8.8823548440031921
    One-Electron Energy =            -121.7910214381775091
    Two-Electron Energy =              37.9427813520449888
    DFT Functional Energy =             0.0000000000000000
    Empirical Dispersion Energy =       0.0000000000000000
    Total Energy =                    -74.9658852421293318

  ==> Properties <==

  Nuclear Dipole Moment: (a.u.)
     X:     0.0000      Y:     0.0000      Z:     1.0616

  Electronic Dipole Moment: (a.u.)
     X:    -0.0000      Y:     0.0000      Z:    -0.3906

  Dipole Moment: (a.u.)
     X:    -0.0000      Y:     0.0000      Z:     0.6710     Total:     0.6710

  Dipole Moment: (Debye)
     X:    -0.0000      Y:     0.0000      Z:     1.7056     Total:     1.7056


  Saving occupied orbitals to File 180.

*** tstop() called on lawn-143-215-103-161.lawn.gatech.edu at Fri Apr 27 13:58:31 2012
Module time:
	user time   =       0.03 seconds =       0.00 minutes
	system time =       0.00 seconds =       0.00 minutes
	total time  =          1 seconds =       0.02 minutes
Total time:
	user time   =       0.38 seconds =       0.01 minutes
	system time =       0.09 seconds =       0.00 minutes
	total time  =          1 seconds =       0.02 minutes

  //>>>>>>>>>>>>>>>>>>>>>>>>>>>>>>>>>>>//
  //   Loading displacement 13 of 13   //
  //<<<<<<<<<<<<<<<<<<<<<<<<<<<<<<<<<<<//

*** tstart() called on lawn-143-215-103-161.lawn.gatech.edu
*** at Fri Apr 27 13:58:31 2012

	There are an even number of electrons - assuming singlet.
	Specify the multiplicity with the MULTP option in the
	input if this is incorrect


         ---------------------------------------------------------
                                   SCF
            by Justin Turney, Rob Parrish, and Andy Simmonett
                              RHF Reference
                        1 Threads,    250 MiB Core
         ---------------------------------------------------------

  ==> Geometry <==

    Molecular point group: c1

    Geometry (in Angstrom), charge = 0, multiplicity = 1:

       Center              X                  Y                   Z       
    ------------   -----------------  -----------------  -----------------
           O          0.000000000000     0.000000000000    -0.071155726193
           H          0.000000000000    -0.758080658651     0.564646505562
           H          0.000000000000     0.758080658651     0.564646505562

  Running in c1 symmetry.

  Nuclear repulsion =    8.906489224370262

  Charge       = 0
  Multiplicity = 1
  Electrons    = 10
  Nalpha       = 5
  Nbeta        = 5

  ==> Algorithm <==

  SCF Algorithm Type is PK.
  DIIS enabled.
  MOM disabled.
  Fractional occupation disabled.
  Guess Type is CORE.
  Energy threshold   = 1.00e-08
  Density threshold  = 1.00e-11
  Integral threshold = 0.00e+00

  ==> Primary Basis <==

  Basis Set: STO-3G
    Number of shells: 5
    Number of basis function: 7
    Number of Cartesian functions: 7
    Spherical Harmonics?: true
    Max angular momentum: 1

  ==> Pre-Iterations <==

  Minimum eigenvalue in the overlap matrix is 3.6318018941E-01.
  Using Symmetric Orthogonalization.
  SCF Guess: Core (One-Electron) Hamiltonian.

  Initial RHF energy:   -54.58603939271875

   -------------------------------------------------------
    Irrep   Nso     Nmo     Nalpha   Nbeta   Ndocc  Nsocc
   -------------------------------------------------------
     A          7       7       5       5       5       0
   -------------------------------------------------------
    Total       7       7       5       5       5       0
   -------------------------------------------------------

  ==> Integral Setup <==

 MINTS: Wrapper to libmints.
   by Justin Turney

   Calculation information:
      Number of atoms:                   3
      Number of AO shells:               5
      Number of SO shells:               5
      Number of primitives:             15
      Number of atomic orbitals:         7
      Number of basis functions:         7

      Number of irreps:                  1
      Number of functions per irrep: [   7 ]

      Overlap, kinetic, potential, dipole, and quadrupole integrals
        stored in file 35.

      Computing two-electron integrals...done
      Computed 228 non-zero two-electron integrals.
        Stored in file 33.

  ==> Iterations <==

                        Total Energy        Delta E     Density RMS

   @RHF iter   1:   -73.24098769255426   -1.86549e+01   0.00000e+00 
   @RHF iter   2:   -74.93099752733274   -1.69001e+00   2.62858e-01 DIIS
   @RHF iter   3:   -74.96452515366219   -3.35276e-02   3.47309e-02 DIIS
   @RHF iter   4:   -74.96584258714849   -1.31743e-03   9.06646e-03 DIIS
   @RHF iter   5:   -74.96589659083799   -5.40037e-05   1.59553e-03 DIIS
   @RHF iter   6:   -74.96590115618254   -4.56534e-06   5.46908e-04 DIIS
   @RHF iter   7:   -74.96590119230022   -3.61177e-08   5.01980e-05 DIIS
   @RHF iter   8:   -74.96590119230022    0.00000e+00   1.52317e-08 DIIS
   @RHF iter   9:   -74.96590119230024   -1.42109e-14   7.15994e-10 DIIS

  ==> Post-Iterations <==

	Orbital Energies (a.u.)
	-----------------------

	Doubly Occupied:                                                      

	   1A    -20.251577     2A     -1.257549     3A     -0.593855  
	   4A     -0.459730     5A     -0.392617  

	Virtual:                                                              

	   6A      0.581794     7A      0.692674  

	Final Occupation by Irrep:
	          A 
	DOCC [     5 ]

  Energy converged.

  @RHF Final Energy:   -74.96590119230024

   => Energetics <=

    Nuclear Repulsion Energy =          8.9064892243702616
    One-Electron Energy =            -121.8341245172253338
    Two-Electron Energy =              37.9617341005548283
    DFT Functional Energy =             0.0000000000000000
    Empirical Dispersion Energy =       0.0000000000000000
    Total Energy =                    -74.9659011923002367

  ==> Properties <==

  Nuclear Dipole Moment: (a.u.)
     X:     0.0000      Y:     0.0000      Z:     1.0583

  Electronic Dipole Moment: (a.u.)
     X:    -0.0000      Y:    -0.0000      Z:    -0.3859

  Dipole Moment: (a.u.)
     X:    -0.0000      Y:    -0.0000      Z:     0.6725     Total:     0.6725

  Dipole Moment: (Debye)
     X:    -0.0000      Y:    -0.0000      Z:     1.7092     Total:     1.7092


  Saving occupied orbitals to File 180.

*** tstop() called on lawn-143-215-103-161.lawn.gatech.edu at Fri Apr 27 13:58:31 2012
Module time:
	user time   =       0.03 seconds =       0.00 minutes
	system time =       0.01 seconds =       0.00 minutes
	total time  =          0 seconds =       0.00 minutes
Total time:
	user time   =       0.41 seconds =       0.01 minutes
	system time =       0.10 seconds =       0.00 minutes
	total time  =          1 seconds =       0.02 minutes

-------------------------------------------------------------

  Computing second-derivative from energies using projected, 
  symmetry-adapted, cartesian coordinates (fd_freq_0).
	13 energies passed in, including the reference energy.
	Using 3-point formula.
	Energy without displacement:  -74.9659011923
	Check energies below for precision!
	    1 :       -74.9658920712
	    2 :       -74.9658920712
	    3 :       -74.9658967624
	    4 :       -74.9658967553
	    5 :       -74.9658953039
	    6 :       -74.9658952768
	    7 :       -74.9658875699
	    8 :       -74.9658877054
	    9 :       -74.9658860869
	   10 :       -74.9658862514
	   11 :       -74.9658850833
	   12 :       -74.9658852421
	   13 :       -74.9659011923


	Force Constants for irrep A in mass-weighted, symmetry-adapted cartesian coordinates.

                0                  1                  2        

    0   0.729684760472082  0.000005589413377  0.000007672724678
    1   0.000005589413377  0.354677392806479  0.227766706188959
    2   0.000007672724678  0.227766706188959  0.472154151793802

	Normal coordinates (mass-weighted) for irrep A:

           1           2           3

    1   0.0000000   0.0000000   0.0000000
    2  -0.0656247  -0.0000077   0.0000000
    3  -0.0000060   0.0512330   0.0661217
    4   0.0000000   0.0000000   0.0000000
    5   0.5206901   0.5568407  -0.4314097
    6  -0.4367103  -0.4066039  -0.5246994
    7   0.0000000   0.0000000   0.0000000
    8   0.5208209  -0.5567188   0.4314092
    9   0.4368049  -0.4065017  -0.5246999

        0.7296848   0.6486345   0.1781970

	  Irrep      Harmonic Frequency   
	                  (cm-1)          
	-----------------------------------------------
	      A         2169.9737  
	      A         4140.0379  
	      A         4391.0858  
	-----------------------------------------------

	Normal Modes (mass-weighted).
	Molecular mass is   18.01056 amu.
	Frequencies in cm^-1; force constants in au.

   Frequency:       2169.97
   Force constant:   0.1782
	     X       Y       Z 	
  O 	   0.000   0.000   0.066
  H 	   0.000  -0.431  -0.525
  H 	   0.000   0.431  -0.525

   Frequency:       4140.04
   Force constant:   0.6486
	     X       Y       Z 	
  O 	   0.000  -0.000   0.051
  H 	   0.000   0.557  -0.407
  H 	   0.000  -0.557  -0.407

   Frequency:       4391.09
   Force constant:   0.7297
	     X       Y       Z 	
  O 	   0.000  -0.066  -0.000
  H 	   0.000   0.521  -0.437
  H 	   0.000   0.521   0.437

	Full force constant matrix in mass-weighted SALCS.

                0                  1                  2        

    0   0.729684760472082  0.000005589413377  0.000007672724678
    1   0.000005589413377  0.354677392806479  0.227766706188959
    2   0.000007672724678  0.227766706188959  0.472154151793802

	Force Constants in mass-weighted cartesian coordinates.

                0                  1                  2                  3                  4        

    0   0.000000000000000  0.000000000000000  0.000000000000000  0.000000000000000  0.000000000000000
    1   0.000000000000000  0.050263335444175  0.000000490758859  0.000000000000000 -0.100118313408366
    2   0.000000000000000  0.000000490758859  0.039693675468509  0.000000000000000  0.053877975385646
    3   0.000000000000000  0.000000000000000  0.000000000000000  0.000000000000000  0.000000000000000
    4   0.000000000000000 -0.100118313408366  0.053877975385646  0.000000000000000  0.435500305356894
    5   0.000000000000000  0.083969443972494 -0.079065169831527  0.000000000000000 -0.274578390016321
    6   0.000000000000000  0.000000000000000  0.000000000000000  0.000000000000000  0.000000000000000
    7   0.000000000000000 -0.100121161294538 -0.053879930474684  0.000000000000000 -0.036648173721141
    8   0.000000000000000 -0.083971399061531 -0.079066809564660  0.000000000000000  0.059938884023725

                5                  6                  7                  8        

    0   0.000000000000000  0.000000000000000  0.000000000000000  0.000000000000000
    1   0.083969443972494  0.000000000000000 -0.100121161294538 -0.083971399061531
    2  -0.079065169831527  0.000000000000000 -0.053879930474684 -0.079066809564660
    3   0.000000000000000  0.000000000000000  0.000000000000000  0.000000000000000
    4  -0.274578390016321  0.000000000000000 -0.036648173721141  0.059938884023725
    5   0.297770402816245  0.000000000000000 -0.059939747380702  0.017210048330791
    6   0.000000000000000  0.000000000000000  0.000000000000000  0.000000000000000
    7  -0.059939747380702  0.000000000000000  0.435511650788428  0.274587042072523
    8   0.017210048330791  0.000000000000000  0.274587042072523  0.297776935198113

	Force Constants in cartesian coordinates.

                0                  1                  2                  3                  4        

    0   0.000000000000000  0.000000000000000  0.000000000000000  0.000000000000000  0.000000000000000
    1   0.000000000000000  0.803957758923877  0.000007849646046  0.000000000000000 -0.401973162356990
    2   0.000000000000000  0.000007849646046  0.634896950055333  0.000000000000000  0.216319067010477
    3   0.000000000000000  0.000000000000000  0.000000000000000  0.000000000000000  0.000000000000000
    4   0.000000000000000 -0.401973162356990  0.216319067010477  0.000000000000000  0.438908109212807
    5   0.000000000000000  0.337135752550150 -0.317445183278684  0.000000000000000 -0.276726974723928
    6   0.000000000000000  0.000000000000000  0.000000000000000  0.000000000000000  0.000000000000000
    7   0.000000000000000 -0.401984596566889 -0.216326916656523  0.000000000000000 -0.036934946855816
    8   0.000000000000000 -0.337143602196196 -0.317451766776650  0.000000000000000  0.060407907713451

                5                  6                  7                  8        

    0   0.000000000000000  0.000000000000000  0.000000000000000  0.000000000000000
    1   0.337135752550150  0.000000000000000 -0.401984596566889 -0.337143602196196
    2  -0.317445183278684  0.000000000000000 -0.216326916656523 -0.317451766776650
    3   0.000000000000000  0.000000000000000  0.000000000000000  0.000000000000000
    4  -0.276726974723928  0.000000000000000 -0.036934946855816  0.060407907713451
    5   0.300100465767778  0.000000000000000 -0.060408777826223  0.017344717510906
    6   0.000000000000000  0.000000000000000  0.000000000000000  0.000000000000000
    7  -0.060408777826223  0.000000000000000  0.438919543422706  0.276735694482746
    8   0.017344717510906  0.000000000000000  0.276735694482746  0.300107049265745

-------------------------------------------------------------
