    -----------------------------------------------------------------------
          PSI4: An Open-Source Ab Initio Electronic Structure Package
                              PSI 4.0.0-beta1 Driver

               Git: Rev 8268e5ba0276eef671d5bc4a44cf66fa46407463

    J. M. Turney, A. C. Simmonett, R. M. Parrish, E. G. Hohenstein,
    F. A. Evangelista, J. T. Fermann, B. J. Mintz, L. A. Burns, J. J. Wilke,
    M. L. Abrams, N. J. Russ, M. L. Leininger, C. L. Janssen, E. T. Seidl,
    W. D. Allen, H. F. Schaefer, R. A. King, E. F. Valeev, C. D. Sherrill,
    and T. D. Crawford, WIREs Comput. Mol. Sci., (2011) (doi: 10.1002/wcms.93)

                         Additional Contributions by
    A. E. DePrince, M. Saitow, U. Bozkaya, A. Yu. Sokolov
    -----------------------------------------------------------------------


    Using LocalCommunicator (Number of processes = 1)

    Memory level set to 256.000 MB

  ==> Input File <==

--------------------------------------------------------------------------
#! SCF STO-3G geometry optimzation, with Z-matrix input

memory 250 mb

# These values are from a tightly converged QChem run
nucenergy = 8.9064890670                                                                     #TEST
refenergy = -74.965901192                                                                    #TEST

molecule h2o {
     O
     H 1 1.0
     H 1 1.0 2 104.5
# QChem optimized geometry
#O           0.000000    0.000000    0.138167
#H          -0.758081    0.000000   -0.497635
#H           0.758081    0.000000   -0.497635
}

set globals {
  diis false
  basis sto-3g
  e_convergence 10
  d_convergence 10
}

thisenergy = optimize('scf')

compare_values(nucenergy, h2o.nuclear_repulsion_energy(), 3, "Nuclear repulsion energy")    #TEST
compare_values(refenergy, thisenergy, 3, "Reference energy")                                #TEST
--------------------------------------------------------------------------

  Memory set to 250.000 MiB by Python script.

*** tstart() called on lawn-143-215-103-161.lawn.gatech.edu
*** at Fri Apr 27 13:58:04 2012

	There are an even number of electrons - assuming singlet.
	Specify the multiplicity with the MULTP option in the
	input if this is incorrect


         ---------------------------------------------------------
                                   SCF
            by Justin Turney, Rob Parrish, and Andy Simmonett
                              RHF Reference
                        1 Threads,    250 MiB Core
         ---------------------------------------------------------

  ==> Geometry <==

    Molecular point group: c2v

    Geometry (in Angstrom), charge = 0, multiplicity = 1:

       Center              X                  Y                   Z       
    ------------   -----------------  -----------------  -----------------
           O          0.000000000000     0.000000000000    -0.068516219310
           H          0.000000000000    -0.790689573744     0.543701060724
           H          0.000000000000     0.790689573744     0.543701060724

  Running in c2v symmetry.

  Nuclear repulsion =    8.801465529972068

  Charge       = 0
  Multiplicity = 1
  Electrons    = 10
  Nalpha       = 5
  Nbeta        = 5

  ==> Algorithm <==

  SCF Algorithm Type is PK.
  DIIS disabled.
  MOM disabled.
  Fractional occupation disabled.
  Guess Type is CORE.
  Energy threshold   = 1.00e-10
  Density threshold  = 1.00e-10
  Integral threshold = 0.00e+00

  ==> Primary Basis <==

  Basis Set: STO-3G
    Number of shells: 5
    Number of basis function: 7
    Number of Cartesian functions: 7
    Spherical Harmonics?: true
    Max angular momentum: 1

  ==> Pre-Iterations <==

  Minimum eigenvalue in the overlap matrix is 3.7028400642E-01.
  Using Symmetric Orthogonalization.
  SCF Guess: Core (One-Electron) Hamiltonian.

  Initial RHF energy:   -54.63426083487276

   -------------------------------------------------------
    Irrep   Nso     Nmo     Nalpha   Nbeta   Ndocc  Nsocc
   -------------------------------------------------------
     A1         4       4       3       3       3       0
     A2         0       0       0       0       0       0
     B1         1       1       1       1       1       0
     B2         2       2       1       1       1       0
   -------------------------------------------------------
    Total       7       7       5       5       5       0
   -------------------------------------------------------

  ==> Integral Setup <==

 MINTS: Wrapper to libmints.
   by Justin Turney

   Calculation information:
      Number of atoms:                   3
      Number of AO shells:               5
      Number of SO shells:               4
      Number of primitives:             15
      Number of atomic orbitals:         7
      Number of basis functions:         7

      Number of irreps:                  4
      Number of functions per irrep: [   4    0    1    2 ]

      Overlap, kinetic, potential, dipole, and quadrupole integrals
        stored in file 35.

      Computing two-electron integrals...done
      Computed 138 non-zero two-electron integrals.
        Stored in file 33.

  ==> Iterations <==

                        Total Energy        Delta E     Density RMS

   @RHF iter   1:   -73.25301168566622   -1.86188e+01   0.00000e+00 
   @RHF iter   2:   -74.93149650876843   -1.67848e+00   3.98379e-01 
   @RHF iter   3:   -74.96316771149129   -3.16712e-02   5.58235e-02 
   @RHF iter   4:   -74.96447365182999   -1.30594e-03   9.68664e-03 
   @RHF iter   5:   -74.96462787362445   -1.54222e-04   3.83566e-03 
   @RHF iter   6:   -74.96465575209842   -2.78785e-05   1.53875e-03 
   @RHF iter   7:   -74.96466118801403   -5.43592e-06   6.70528e-04 
   @RHF iter   8:   -74.96466226876271   -1.08075e-06   2.94632e-04 
   @RHF iter   9:   -74.96466248479857   -2.16036e-07   1.30783e-04 
   @RHF iter  10:   -74.96466252805124   -4.32527e-08   5.82654e-05 
   @RHF iter  11:   -74.96466253671488   -8.66365e-09   2.60156e-05 
   @RHF iter  12:   -74.96466253845045   -1.73557e-09   1.16289e-05 
   @RHF iter  13:   -74.96466253879815   -3.47697e-10   5.20124e-06 
   @RHF iter  14:   -74.96466253886778   -6.96332e-11   2.32712e-06 
   @RHF iter  15:   -74.96466253888171   -1.39266e-11   1.04138e-06 
   @RHF iter  16:   -74.96466253888453   -2.81375e-12   4.66057e-07 
   @RHF iter  17:   -74.96466253888512   -5.96856e-13   2.08590e-07 
   @RHF iter  18:   -74.96466253888521   -8.52651e-14   9.33600e-08 
   @RHF iter  19:   -74.96466253888525   -4.26326e-14   4.17865e-08 
   @RHF iter  20:   -74.96466253888526   -1.42109e-14   1.87031e-08 
   @RHF iter  21:   -74.96466253888524    2.84217e-14   8.37133e-09 
   @RHF iter  22:   -74.96466253888519    4.26326e-14   3.74693e-09 
   @RHF iter  23:   -74.96466253888528   -8.52651e-14   1.67709e-09 
   @RHF iter  24:   -74.96466253888528    0.00000e+00   7.50656e-10 
   @RHF iter  25:   -74.96466253888524    4.26326e-14   3.35988e-10 
   @RHF iter  26:   -74.96466253888524    0.00000e+00   1.50386e-10 

  ==> Post-Iterations <==

	Orbital Energies (a.u.)
	-----------------------

	Doubly Occupied:                                                      

	   1A1   -20.247270     2A1    -1.247775     1B2    -0.595851  
	   3A1    -0.447884     1B1    -0.388956  

	Virtual:                                                              

	   4A1     0.564152     2B2     0.693007  

	Final Occupation by Irrep:
	         A1    A2    B1    B2 
	DOCC [     3,    0,    1,    1 ]

  Energy converged.

  @RHF Final Energy:   -74.96466253888524

   => Energetics <=

    Nuclear Repulsion Energy =          8.8014655299720683
    One-Electron Energy =            -121.6767824861838108
    Two-Electron Energy =              37.9106544173265121
    DFT Functional Energy =             0.0000000000000000
    Empirical Dispersion Energy =       0.0000000000000000
    Total Energy =                    -74.9646625388852357

  ==> Properties <==

  Nuclear Dipole Moment: (a.u.)
     X:     0.0000      Y:     0.0000      Z:     1.0191

  Electronic Dipole Moment: (a.u.)
     X:     0.0000      Y:     0.0000      Z:    -0.3624

  Dipole Moment: (a.u.)
     X:     0.0000      Y:     0.0000      Z:     0.6566     Total:     0.6566

  Dipole Moment: (Debye)
     X:     0.0000      Y:     0.0000      Z:     1.6690     Total:     1.6690


  Saving occupied orbitals to File 180.

*** tstop() called on lawn-143-215-103-161.lawn.gatech.edu at Fri Apr 27 13:58:04 2012
Module time:
	user time   =       0.03 seconds =       0.00 minutes
	system time =       0.01 seconds =       0.00 minutes
	total time  =          0 seconds =       0.00 minutes
Total time:
	user time   =       0.03 seconds =       0.00 minutes
	system time =       0.01 seconds =       0.00 minutes
	total time  =          0 seconds =       0.00 minutes

*** tstart() called on lawn-143-215-103-161.lawn.gatech.edu
*** at Fri Apr 27 13:58:04 2012

 DERIV: Derivative code.
   by Justin Turney

  Cartesian Displacement SALCs
  By SALC:
  Number of SALCs: 3, nirreps: 1
  Project out translations: False
  Project out rotations: False
	irrep = 0, ncomponent = 1
		0: atom 0, direction z, coef 1.000000
	irrep = 0, ncomponent = 2
		0: atom 1, direction y, coef 0.707107
		1: atom 2, direction y, coef -0.707107
	irrep = 0, ncomponent = 2
		0: atom 1, direction z, coef 0.707107
		1: atom 2, direction z, coef 0.707107

  By Atomic Center:
  Number of atomic centers: 3
   Atomic Center 0:
	x component, size = 0
	y component, size = 0
	z component, size = 1
		0: salc 0, irrep 0, coef 1.000000
   Atomic Center 1:
	x component, size = 0
	y component, size = 1
		0: salc 1, irrep 0, coef 0.707107
	z component, size = 1
		0: salc 2, irrep 0, coef 0.707107
   Atomic Center 2:
	x component, size = 0
	y component, size = 1
		0: salc 1, irrep 0, coef -0.707107
	z component, size = 1
		0: salc 2, irrep 0, coef 0.707107

    Molecular point group: c2v

    Geometry (in Bohr), charge = 0, multiplicity = 1:

       Center              X                  Y                   Z       
    ------------   -----------------  -----------------  -----------------
           O          0.000000000000     0.000000000000    -0.129476890157
           H          0.000000000000    -1.494186750504     1.027446102928
           H          0.000000000000     1.494186750504     1.027446102928


  -Nuclear Repulsion Energy 1st Derivatives:
     Atom            X                  Y                   Z
    ------   -----------------  -----------------  -----------------
       1        0.000000000000     0.000000000000     2.743012762845
       2        0.000000000000     1.883302402599    -1.371506381423
       3        0.000000000000    -1.883302402599    -1.371506381423


  -One-electron contribution to gradient:
     Atom            X                  Y                   Z
    ------   -----------------  -----------------  -----------------
       1        0.000000000000     0.000000000000    -5.962874715996
       2        0.000000000000    -3.908820930502     2.981437357998
       3        0.000000000000     3.908820930502     2.981437357998


  -Lagrangian contribution to gradient:
     Atom            X                  Y                   Z
    ------   -----------------  -----------------  -----------------
       1        0.000000000000     0.000000000000     0.303451758217
       2        0.000000000000     0.158668005662    -0.151725879108
       3        0.000000000000    -0.158668005662    -0.151725879108


  -Two-electron contribution to gradient:
     Atom            X                  Y                   Z
    ------   -----------------  -----------------  -----------------
       1        0.000000000000     0.000000000000     2.918158340122
       2        0.000000000000     1.847470537270    -1.459079170061
       3        0.000000000000    -1.847470537270    -1.459079170061


  -Total gradient:
     Atom            X                  Y                   Z
    ------   -----------------  -----------------  -----------------
       1        0.000000000000     0.000000000000     0.001748145187
       2        0.000000000000    -0.019379984971    -0.000874072594
       3        0.000000000000     0.019379984971    -0.000874072594


*** tstop() called on lawn-143-215-103-161.lawn.gatech.edu at Fri Apr 27 13:58:04 2012
Module time:
	user time   =       0.04 seconds =       0.00 minutes
	system time =       0.00 seconds =       0.00 minutes
	total time  =          0 seconds =       0.00 minutes
Total time:
	user time   =       0.07 seconds =       0.00 minutes
	system time =       0.01 seconds =       0.00 minutes
	total time  =          0 seconds =       0.00 minutes

			----------------------------------
			 OPTKING: for geometry optimizations  
			  - R.A. King,  Bethel University   
			------------------------------------

	Internal coordinates to be generated automatically.
	Detected frag with atoms:  1 2 3
	---Fragment 1 Bond Connectivity---
	 1 : 2 3
	 2 : 1
	 3 : 1

	---Fragment 1 Geometry and Gradient---
	 O           0.0000000000        0.0000000000       -0.1294768902
	 H           0.0000000000       -1.4941867505        1.0274461029
	 H           0.0000000000        1.4941867505        1.0274461029
	             0.0000000000        0.0000000000        0.0017481452
	             0.0000000000       -0.0193799850       -0.0008740726
	             0.0000000000        0.0193799850       -0.0008740726

	Previous optimization step data not found.  Starting new optimization.

	---Fragment 1 Intrafragment Coordinates---
	 - Coordinate -           - BOHR/RAD -       - ANG/DEG -
	 R(1,2)           =         1.889726	       1.000000
	 R(1,3)           =         1.889726	       1.000000
	 B(2,1,3)         =         1.823869	     104.500000

	Current energy   :       -74.9646625389

	Generating empirical Hessian (Schlegel '84) for each fragment.
	Going to follow RFO solution 1.
	Projected energy change by RFO approximation:        -0.0021673700

	Back-transformation to cartesian coordinates...
	Successfully converged to displaced geometry.

	---Internal Coordinate Step in ANG or DEG, aJ/ANG or AJ/DEG ---
	 ----------------------------------------------------------------------
	 Coordinate             Previous        Force       Change         New 
	 ----------             --------       ------       ------       ------
	 R(1,2)          =      1.000000    -0.121838    -0.016262     0.983738
	 R(1,3)          =      1.000000    -0.121838    -0.016262     0.983738
	 B(2,1,3)        =    104.500000    -0.001805    -8.272549    96.227451
	 ----------------------------------------------------------------------

  ==> Convergence Check <==

  Measures of convergence in internal coordinates in au.
  Criteria marked as inactive (o), active & met (*), and active & unmet ( ).
  --------------------------------------------------------------------------------------------- ~
   Step     Total Energy     Delta E     MAX Force     RMS Force      MAX Disp      RMS Disp    ~
  --------------------------------------------------------------------------------------------- ~
    Convergence Criteria    1.00e-06 *    3.00e-04 *             o    1.20e-03 *             o  ~
  --------------------------------------------------------------------------------------------- ~
      1     -74.96466254   -7.50e+01      2.37e-02      1.83e-02 o    1.44e-01      8.71e-02 o  ~
  ---------------------------------------------------------------------------------------------

	Writing optimization data to binary file.
	Structure for next step:
	Cartesian Geometry (au)
	    O     0.0000000000   0.0000000000  -0.1856387629
	    H     0.0000000000  -1.3839687284   1.0555270393
	    H     0.0000000000   1.3839687284   1.0555270393
			--------------------------
			 OPTKING Finished Execution 
			--------------------------

*** tstart() called on lawn-143-215-103-161.lawn.gatech.edu
*** at Fri Apr 27 13:58:04 2012

	There are an even number of electrons - assuming singlet.
	Specify the multiplicity with the MULTP option in the
	input if this is incorrect


         ---------------------------------------------------------
                                   SCF
            by Justin Turney, Rob Parrish, and Andy Simmonett
                              RHF Reference
                        1 Threads,    250 MiB Core
         ---------------------------------------------------------

  ==> Geometry <==

    Molecular point group: c2v

    Geometry (in Angstrom), charge = 0, multiplicity = 1:

       Center              X                  Y                   Z       
    ------------   -----------------  -----------------  -----------------
           O          0.000000000000     0.000000000000    -0.073505314365
           H          0.000000000000    -0.732364708495     0.583291340234
           H          0.000000000000     0.732364708495     0.583291340234

  Running in c2v symmetry.

  Nuclear repulsion =    8.968081349225283

  Charge       = 0
  Multiplicity = 1
  Electrons    = 10
  Nalpha       = 5
  Nbeta        = 5

  ==> Algorithm <==

  SCF Algorithm Type is PK.
  DIIS disabled.
  MOM disabled.
  Fractional occupation disabled.
  Guess Type is CORE.
  Energy threshold   = 1.00e-10
  Density threshold  = 1.00e-10
  Integral threshold = 0.00e+00

  ==> Primary Basis <==

  Basis Set: STO-3G
    Number of shells: 5
    Number of basis function: 7
    Number of Cartesian functions: 7
    Spherical Harmonics?: true
    Max angular momentum: 1

  ==> Pre-Iterations <==

  Minimum eigenvalue in the overlap matrix is 3.5978015527E-01.
  Using Symmetric Orthogonalization.
  SCF Guess: Core (One-Electron) Hamiltonian.

  Initial RHF energy:   -54.55393193493275

   -------------------------------------------------------
    Irrep   Nso     Nmo     Nalpha   Nbeta   Ndocc  Nsocc
   -------------------------------------------------------
     A1         4       4       3       3       3       0
     A2         0       0       0       0       0       0
     B1         1       1       1       1       1       0
     B2         2       2       1       1       1       0
   -------------------------------------------------------
    Total       7       7       5       5       5       0
   -------------------------------------------------------

  ==> Integral Setup <==

 MINTS: Wrapper to libmints.
   by Justin Turney

   Calculation information:
      Number of atoms:                   3
      Number of AO shells:               5
      Number of SO shells:               4
      Number of primitives:             15
      Number of atomic orbitals:         7
      Number of basis functions:         7

      Number of irreps:                  4
      Number of functions per irrep: [   4    0    1    2 ]

      Overlap, kinetic, potential, dipole, and quadrupole integrals
        stored in file 35.

      Computing two-electron integrals...done
      Computed 138 non-zero two-electron integrals.
        Stored in file 33.

  ==> Iterations <==

                        Total Energy        Delta E     Density RMS

   @RHF iter   1:   -73.23168044421837   -1.86777e+01   0.00000e+00 
   @RHF iter   2:   -74.92668589958274   -1.69501e+00   4.03992e-01 
   @RHF iter   3:   -74.96358948830236   -3.69036e-02   6.11394e-02 
   @RHF iter   4:   -74.96494968190038   -1.36019e-03   9.71981e-03 
   @RHF iter   5:   -74.96507996157972   -1.30280e-04   3.57248e-03 
   @RHF iter   6:   -74.96510156937350   -2.16078e-05   1.35346e-03 
   @RHF iter   7:   -74.96510560861444   -4.03924e-06   5.75919e-04 
   @RHF iter   8:   -74.96510638732968   -7.78715e-07   2.47988e-04 
   @RHF iter   9:   -74.96510653873106   -1.51401e-07   1.08327e-04 
   @RHF iter  10:   -74.96510656823877   -2.95077e-08   4.75524e-05 
   @RHF iter  11:   -74.96510657399379   -5.75503e-09   2.09370e-05 
   @RHF iter  12:   -74.96510657511638   -1.12259e-09   9.23175e-06 
   @RHF iter  13:   -74.96510657533541   -2.19032e-10   4.07381e-06 
   @RHF iter  14:   -74.96510657537813   -4.27178e-11   1.79845e-06 
   @RHF iter  15:   -74.96510657538649   -8.35598e-12   7.94139e-07 
   @RHF iter  16:   -74.96510657538808   -1.59162e-12   3.50709e-07 
   @RHF iter  17:   -74.96510657538845   -3.69482e-13   1.54891e-07 
   @RHF iter  18:   -74.96510657538848   -2.84217e-14   6.84103e-08 
   @RHF iter  19:   -74.96510657538850   -2.84217e-14   3.02151e-08 
   @RHF iter  20:   -74.96510657538850    0.00000e+00   1.33454e-08 
   @RHF iter  21:   -74.96510657538845    5.68434e-14   5.89444e-09 
   @RHF iter  22:   -74.96510657538849   -4.26326e-14   2.60348e-09 
   @RHF iter  23:   -74.96510657538849    0.00000e+00   1.14992e-09 
   @RHF iter  24:   -74.96510657538852   -2.84217e-14   5.07899e-10 
   @RHF iter  25:   -74.96510657538849    2.84217e-14   2.24334e-10 

  ==> Post-Iterations <==

	Orbital Energies (a.u.)
	-----------------------

	Doubly Occupied:                                                      

	   1A1   -20.254913     2A1    -1.264292     1B2    -0.589725  
	   3A1    -0.469163     1B1    -0.395224  

	Virtual:                                                              

	   4A1     0.592218     2B2     0.689568  

	Final Occupation by Irrep:
	         A1    A2    B1    B2 
	DOCC [     3,    0,    1,    1 ]

  Energy converged.

  @RHF Final Energy:   -74.96510657538849

   => Energetics <=

    Nuclear Repulsion Energy =          8.9680813492252831
    One-Electron Energy =            -121.9197425552644063
    Two-Electron Energy =              37.9865546306506445
    DFT Functional Energy =             0.0000000000000000
    Empirical Dispersion Energy =       0.0000000000000000
    Total Energy =                    -74.9651065753884751

  ==> Properties <==

  Nuclear Dipole Moment: (a.u.)
     X:     0.0000      Y:     0.0000      Z:     1.0933

  Electronic Dipole Moment: (a.u.)
     X:     0.0000      Y:     0.0000      Z:    -0.4091

  Dipole Moment: (a.u.)
     X:     0.0000      Y:     0.0000      Z:     0.6842     Total:     0.6842

  Dipole Moment: (Debye)
     X:     0.0000      Y:     0.0000      Z:     1.7391     Total:     1.7391


  Saving occupied orbitals to File 180.

*** tstop() called on lawn-143-215-103-161.lawn.gatech.edu at Fri Apr 27 13:58:04 2012
Module time:
	user time   =       0.03 seconds =       0.00 minutes
	system time =       0.01 seconds =       0.00 minutes
	total time  =          0 seconds =       0.00 minutes
Total time:
	user time   =       0.10 seconds =       0.00 minutes
	system time =       0.02 seconds =       0.00 minutes
	total time  =          0 seconds =       0.00 minutes

*** tstart() called on lawn-143-215-103-161.lawn.gatech.edu
*** at Fri Apr 27 13:58:04 2012

 DERIV: Derivative code.
   by Justin Turney

  Cartesian Displacement SALCs
  By SALC:
  Number of SALCs: 3, nirreps: 1
  Project out translations: False
  Project out rotations: False
	irrep = 0, ncomponent = 1
		0: atom 0, direction z, coef 1.000000
	irrep = 0, ncomponent = 2
		0: atom 1, direction y, coef 0.707107
		1: atom 2, direction y, coef -0.707107
	irrep = 0, ncomponent = 2
		0: atom 1, direction z, coef 0.707107
		1: atom 2, direction z, coef 0.707107

  By Atomic Center:
  Number of atomic centers: 3
   Atomic Center 0:
	x component, size = 0
	y component, size = 0
	z component, size = 1
		0: salc 0, irrep 0, coef 1.000000
   Atomic Center 1:
	x component, size = 0
	y component, size = 1
		0: salc 1, irrep 0, coef 0.707107
	z component, size = 1
		0: salc 2, irrep 0, coef 0.707107
   Atomic Center 2:
	x component, size = 0
	y component, size = 1
		0: salc 1, irrep 0, coef -0.707107
	z component, size = 1
		0: salc 2, irrep 0, coef 0.707107

    Molecular point group: c2v

    Geometry (in Bohr), charge = 0, multiplicity = 1:

       Center              X                  Y                   Z       
    ------------   -----------------  -----------------  -----------------
           O          0.000000000000     0.000000000000    -0.138904913462
           H          0.000000000000    -1.383968728447     1.102260888727
           H          0.000000000000     1.383968728447     1.102260888727


  -Nuclear Repulsion Energy 1st Derivatives:
     Atom            X                  Y                   Z
    ------   -----------------  -----------------  -----------------
       1        0.000000000000     0.000000000000     3.091115250429
       2        0.000000000000     1.853905620949    -1.545557625215
       3        0.000000000000    -1.853905620949    -1.545557625215


  -One-electron contribution to gradient:
     Atom            X                  Y                   Z
    ------   -----------------  -----------------  -----------------
       1        0.000000000000     0.000000000000    -6.776738106551
       2        0.000000000000    -3.528385296570     3.388369053276
       3        0.000000000000     3.528385296570     3.388369053276


  -Lagrangian contribution to gradient:
     Atom            X                  Y                   Z
    ------   -----------------  -----------------  -----------------
       1        0.000000000000     0.000000000000     0.336081154676
       2        0.000000000000     0.131450216225    -0.168040577338
       3        0.000000000000    -0.131450216225    -0.168040577338


  -Two-electron contribution to gradient:
     Atom            X                  Y                   Z
    ------   -----------------  -----------------  -----------------
       1        0.000000000000     0.000000000000     3.345234279890
       2        0.000000000000     1.557676827968    -1.672617139945
       3        0.000000000000    -1.557676827968    -1.672617139945


  -Total gradient:
     Atom            X                  Y                   Z
    ------   -----------------  -----------------  -----------------
       1        0.000000000000     0.000000000000    -0.004307421556
       2        0.000000000000     0.014647368572     0.002153710778
       3        0.000000000000    -0.014647368572     0.002153710778


*** tstop() called on lawn-143-215-103-161.lawn.gatech.edu at Fri Apr 27 13:58:05 2012
Module time:
	user time   =       0.04 seconds =       0.00 minutes
	system time =       0.00 seconds =       0.00 minutes
	total time  =          1 seconds =       0.02 minutes
Total time:
	user time   =       0.14 seconds =       0.00 minutes
	system time =       0.02 seconds =       0.00 minutes
	total time  =          1 seconds =       0.02 minutes

			----------------------------------
			 OPTKING: for geometry optimizations  
			  - R.A. King,  Bethel University   
			------------------------------------

	Previous internal coordinate definitions found.
	---Fragment 1 Geometry and Gradient---
	 O           0.0000000000        0.0000000000       -0.1389049135
	 H           0.0000000000       -1.3839687284        1.1022608887
	 H           0.0000000000        1.3839687284        1.1022608887
	             0.0000000000        0.0000000000       -0.0043074216
	             0.0000000000        0.0146473686        0.0021537108
	             0.0000000000       -0.0146473686        0.0021537108

	---Fragment 1 Intrafragment Coordinates---
	 - Coordinate -           - BOHR/RAD -       - ANG/DEG -
	 R(1,2)           =         1.858995	       0.983738
	 R(1,3)           =         1.858995	       0.983738
	 B(2,1,3)         =         1.679486	      96.227451

	Current energy   :       -74.9651065754

	Energy change for the previous step:
		Projected    :        -0.0021673700
		Actual       :        -0.0004440365
	Energy ratio indicates iffy step: Trust radius decreased to 1.000e-01.


	Performing BFGS update with previous 1 gradient(s).
	Going to follow RFO solution 1.
	Projected energy change by RFO approximation:        -0.0008323054

	Back-transformation to cartesian coordinates...
	Successfully converged to displaced geometry.

	---Internal Coordinate Step in ANG or DEG, aJ/ANG or AJ/DEG ---
	 ----------------------------------------------------------------------
	 Coordinate             Previous        Force       Change         New 
	 ----------             --------       ------       ------       ------
	 R(1,2)          =      0.983738     0.077993     0.005592     0.989330
	 R(1,3)          =      0.983738     0.077993     0.005592     0.989330
	 B(2,1,3)        =     96.227451     0.001610     3.965467   100.192918
	 ----------------------------------------------------------------------

  ==> Convergence Check <==

  Measures of convergence in internal coordinates in au.
  Criteria marked as inactive (o), active & met (*), and active & unmet ( ).
  ---------------------------------------------------------------------------------------------
   Step     Total Energy     Delta E     MAX Force     RMS Force      MAX Disp      RMS Disp   
  ---------------------------------------------------------------------------------------------
    Convergence Criteria    1.00e-06 *    3.00e-04 *             o    1.20e-03 *             o
  ---------------------------------------------------------------------------------------------
      2     -74.96510658   -4.44e-04      2.12e-02      1.45e-02 o    6.92e-02      4.09e-02 o  ~
  ---------------------------------------------------------------------------------------------

	Writing optimization data to binary file.
	Structure for next step:
	Cartesian Geometry (au)
	    O     0.0000000000   0.0000000000  -0.1110070361
	    H     0.0000000000  -1.4341892960   1.0883119500
	    H     0.0000000000   1.4341892960   1.0883119500
			--------------------------
			 OPTKING Finished Execution 
			--------------------------

*** tstart() called on lawn-143-215-103-161.lawn.gatech.edu
*** at Fri Apr 27 13:58:05 2012

	There are an even number of electrons - assuming singlet.
	Specify the multiplicity with the MULTP option in the
	input if this is incorrect


         ---------------------------------------------------------
                                   SCF
            by Justin Turney, Rob Parrish, and Andy Simmonett
                              RHF Reference
                        1 Threads,    250 MiB Core
         ---------------------------------------------------------

  ==> Geometry <==

    Molecular point group: c2v

    Geometry (in Angstrom), charge = 0, multiplicity = 1:

       Center              X                  Y                   Z       
    ------------   -----------------  -----------------  -----------------
           O          0.000000000000     0.000000000000    -0.071027028737
           H          0.000000000000    -0.758940288239     0.563625244549
           H          0.000000000000     0.758940288239     0.563625244549

  Running in c2v symmetry.

  Nuclear repulsion =    8.906779732134613

  Charge       = 0
  Multiplicity = 1
  Electrons    = 10
  Nalpha       = 5
  Nbeta        = 5

  ==> Algorithm <==

  SCF Algorithm Type is PK.
  DIIS disabled.
  MOM disabled.
  Fractional occupation disabled.
  Guess Type is CORE.
  Energy threshold   = 1.00e-10
  Density threshold  = 1.00e-10
  Integral threshold = 0.00e+00

  ==> Primary Basis <==

  Basis Set: STO-3G
    Number of shells: 5
    Number of basis function: 7
    Number of Cartesian functions: 7
    Spherical Harmonics?: true
    Max angular momentum: 1

  ==> Pre-Iterations <==

  Minimum eigenvalue in the overlap matrix is 3.6312458228E-01.
  Using Symmetric Orthogonalization.
  SCF Guess: Core (One-Electron) Hamiltonian.

  Initial RHF energy:   -54.58631261175815

   -------------------------------------------------------
    Irrep   Nso     Nmo     Nalpha   Nbeta   Ndocc  Nsocc
   -------------------------------------------------------
     A1         4       4       3       3       3       0
     A2         0       0       0       0       0       0
     B1         1       1       1       1       1       0
     B2         2       2       1       1       1       0
   -------------------------------------------------------
    Total       7       7       5       5       5       0
   -------------------------------------------------------

  ==> Integral Setup <==

 MINTS: Wrapper to libmints.
   by Justin Turney

   Calculation information:
      Number of atoms:                   3
      Number of AO shells:               5
      Number of SO shells:               4
      Number of primitives:             15
      Number of atomic orbitals:         7
      Number of basis functions:         7

      Number of irreps:                  4
      Number of functions per irrep: [   4    0    1    2 ]

      Overlap, kinetic, potential, dipole, and quadrupole integrals
        stored in file 35.

      Computing two-electron integrals...done
      Computed 138 non-zero two-electron integrals.
        Stored in file 33.

  ==> Iterations <==

                        Total Energy        Delta E     Density RMS

   @RHF iter   1:   -73.24123577254466   -1.86549e+01   0.00000e+00 
   @RHF iter   2:   -74.93129584347841   -1.69006e+00   4.01442e-01 
   @RHF iter   3:   -74.96444997653417   -3.31541e-02   5.75249e-02 
   @RHF iter   4:   -74.96573333682151   -1.28336e-03   9.56564e-03 
   @RHF iter   5:   -74.96587067777510   -1.37341e-04   3.64644e-03 
   @RHF iter   6:   -74.96589438022134   -2.37024e-05   1.42144e-03 
   @RHF iter   7:   -74.96589887754958   -4.49733e-06   6.09750e-04 
   @RHF iter   8:   -74.96589975228751   -8.74738e-07   2.64380e-04 
   @RHF iter   9:   -74.96589992360811   -1.71321e-07   1.16023e-04 
   @RHF iter  10:   -74.96589995722977   -3.36217e-08   5.11388e-05 
   @RHF iter  11:   -74.96589996383186   -6.60209e-09   2.25994e-05 
   @RHF iter  12:   -74.96589996512854   -1.29668e-09   1.00001e-05 
   @RHF iter  13:   -74.96589996538319   -2.54644e-10   4.42819e-06 
   @RHF iter  14:   -74.96589996543317   -4.99796e-11   1.96160e-06 
   @RHF iter  15:   -74.96589996544307   -9.90497e-12   8.69132e-07 
   @RHF iter  16:   -74.96589996544495   -1.87583e-12   3.85132e-07 
   @RHF iter  17:   -74.96589996544533   -3.83693e-13   1.70671e-07 
   @RHF iter  18:   -74.96589996544540   -7.10543e-14   7.56355e-08 
   @RHF iter  19:   -74.96589996544540    0.00000e+00   3.35196e-08 
   @RHF iter  20:   -74.96589996544544   -4.26326e-14   1.48551e-08 
   @RHF iter  21:   -74.96589996544540    4.26326e-14   6.58349e-09 
   @RHF iter  22:   -74.96589996544547   -7.10543e-14   2.91768e-09 
   @RHF iter  23:   -74.96589996544542    5.68434e-14   1.29306e-09 
   @RHF iter  24:   -74.96589996544543   -1.42109e-14   5.73061e-10 
   @RHF iter  25:   -74.96589996544542    1.42109e-14   2.53972e-10 
   @RHF iter  26:   -74.96589996544547   -5.68434e-14   1.12554e-10 

  ==> Post-Iterations <==

	Orbital Energies (a.u.)
	-----------------------

	Doubly Occupied:                                                      

	   1A1   -20.251371     2A1    -1.257410     1B2    -0.594183  
	   3A1    -0.459353     1B1    -0.392511  

	Virtual:                                                              

	   4A1     0.581618     2B2     0.693199  

	Final Occupation by Irrep:
	         A1    A2    B1    B2 
	DOCC [     3,    0,    1,    1 ]

  Energy converged.

  @RHF Final Energy:   -74.96589996544547

   => Energetics <=

    Nuclear Repulsion Energy =          8.9067797321346127
    One-Electron Energy =            -121.8357027582468817
    Two-Electron Energy =              37.9630230606668064
    DFT Functional Energy =             0.0000000000000000
    Empirical Dispersion Energy =       0.0000000000000000
    Total Energy =                    -74.9658999654454590

  ==> Properties <==

  Nuclear Dipole Moment: (a.u.)
     X:     0.0000      Y:     0.0000      Z:     1.0564

  Electronic Dipole Moment: (a.u.)
     X:     0.0000      Y:     0.0000      Z:    -0.3843

  Dipole Moment: (a.u.)
     X:     0.0000      Y:     0.0000      Z:     0.6721     Total:     0.6721

  Dipole Moment: (Debye)
     X:     0.0000      Y:     0.0000      Z:     1.7084     Total:     1.7084


  Saving occupied orbitals to File 180.

*** tstop() called on lawn-143-215-103-161.lawn.gatech.edu at Fri Apr 27 13:58:05 2012
Module time:
	user time   =       0.03 seconds =       0.00 minutes
	system time =       0.00 seconds =       0.00 minutes
	total time  =          0 seconds =       0.00 minutes
Total time:
	user time   =       0.17 seconds =       0.00 minutes
	system time =       0.03 seconds =       0.00 minutes
	total time  =          1 seconds =       0.02 minutes

*** tstart() called on lawn-143-215-103-161.lawn.gatech.edu
*** at Fri Apr 27 13:58:05 2012

 DERIV: Derivative code.
   by Justin Turney

  Cartesian Displacement SALCs
  By SALC:
  Number of SALCs: 3, nirreps: 1
  Project out translations: False
  Project out rotations: False
	irrep = 0, ncomponent = 1
		0: atom 0, direction z, coef 1.000000
	irrep = 0, ncomponent = 2
		0: atom 1, direction y, coef 0.707107
		1: atom 2, direction y, coef -0.707107
	irrep = 0, ncomponent = 2
		0: atom 1, direction z, coef 0.707107
		1: atom 2, direction z, coef 0.707107

  By Atomic Center:
  Number of atomic centers: 3
   Atomic Center 0:
	x component, size = 0
	y component, size = 0
	z component, size = 1
		0: salc 0, irrep 0, coef 1.000000
   Atomic Center 1:
	x component, size = 0
	y component, size = 1
		0: salc 1, irrep 0, coef 0.707107
	z component, size = 1
		0: salc 2, irrep 0, coef 0.707107
   Atomic Center 2:
	x component, size = 0
	y component, size = 1
		0: salc 1, irrep 0, coef -0.707107
	z component, size = 1
		0: salc 2, irrep 0, coef 0.707107

    Molecular point group: c2v

    Geometry (in Bohr), charge = 0, multiplicity = 1:

       Center              X                  Y                   Z       
    ------------   -----------------  -----------------  -----------------
           O          0.000000000000     0.000000000000    -0.134221632345
           H          0.000000000000    -1.434189295985     1.065097353778
           H          0.000000000000     1.434189295985     1.065097353778


  -Nuclear Repulsion Energy 1st Derivatives:
     Atom            X                  Y                   Z
    ------   -----------------  -----------------  -----------------
       1        0.000000000000     0.000000000000     2.936530631819
       2        0.000000000000     1.877347295485    -1.468265315909
       3        0.000000000000    -1.877347295485    -1.468265315909


  -One-electron contribution to gradient:
     Atom            X                  Y                   Z
    ------   -----------------  -----------------  -----------------
       1        0.000000000000     0.000000000000    -6.402921747364
       2        0.000000000000    -3.721541308129     3.201460873682
       3        0.000000000000     3.721541308129     3.201460873682


  -Lagrangian contribution to gradient:
     Atom            X                  Y                   Z
    ------   -----------------  -----------------  -----------------
       1        0.000000000000     0.000000000000     0.321259731208
       2        0.000000000000     0.144443297212    -0.160629865604
       3        0.000000000000    -0.144443297212    -0.160629865604


  -Two-electron contribution to gradient:
     Atom            X                  Y                   Z
    ------   -----------------  -----------------  -----------------
       1        0.000000000000     0.000000000000     3.145807200247
       2        0.000000000000     1.699447745313    -1.572903600123
       3        0.000000000000    -1.699447745313    -1.572903600123


  -Total gradient:
     Atom            X                  Y                   Z
    ------   -----------------  -----------------  -----------------
       1        0.000000000000     0.000000000000     0.000675815909
       2        0.000000000000    -0.000302970120    -0.000337907955
       3        0.000000000000     0.000302970120    -0.000337907955


*** tstop() called on lawn-143-215-103-161.lawn.gatech.edu at Fri Apr 27 13:58:05 2012
Module time:
	user time   =       0.04 seconds =       0.00 minutes
	system time =       0.00 seconds =       0.00 minutes
	total time  =          0 seconds =       0.00 minutes
Total time:
	user time   =       0.21 seconds =       0.00 minutes
	system time =       0.03 seconds =       0.00 minutes
	total time  =          1 seconds =       0.02 minutes

			----------------------------------
			 OPTKING: for geometry optimizations  
			  - R.A. King,  Bethel University   
			------------------------------------

	Previous internal coordinate definitions found.
	---Fragment 1 Geometry and Gradient---
	 O           0.0000000000        0.0000000000       -0.1342216323
	 H           0.0000000000       -1.4341892960        1.0650973538
	 H           0.0000000000        1.4341892960        1.0650973538
	             0.0000000000        0.0000000000        0.0006758159
	             0.0000000000       -0.0003029701       -0.0003379080
	             0.0000000000        0.0003029701       -0.0003379080

	---Fragment 1 Intrafragment Coordinates---
	 - Coordinate -           - BOHR/RAD -       - ANG/DEG -
	 R(1,2)           =         1.869563	       0.989330
	 R(1,3)           =         1.869563	       0.989330
	 B(2,1,3)         =         1.748696	     100.192918

	Current energy   :       -74.9658999654

	Energy change for the previous step:
		Projected    :        -0.0008323054
		Actual       :        -0.0007933901
	Energy ratio indicates good step: Trust radius increased to 2.000e-01.


	Performing BFGS update with previous 1 gradient(s).
	Going to follow RFO solution 1.
	Projected energy change by RFO approximation:        -0.0000012404

	Back-transformation to cartesian coordinates...
	Successfully converged to displaced geometry.

	---Internal Coordinate Step in ANG or DEG, aJ/ANG or AJ/DEG ---
	 ----------------------------------------------------------------------
	 Coordinate             Previous        Force       Change         New 
	 ----------             --------       ------       ------       ------
	 R(1,2)          =      0.989330    -0.000129     0.000157     0.989487
	 R(1,3)          =      0.989330    -0.000129     0.000157     0.989487
	 B(2,1,3)        =    100.192918    -0.000065    -0.168252   100.024666
	 ----------------------------------------------------------------------

  ==> Convergence Check <==

  Measures of convergence in internal coordinates in au.
  Criteria marked as inactive (o), active & met (*), and active & unmet ( ).
  ---------------------------------------------------------------------------------------------
   Step     Total Energy     Delta E     MAX Force     RMS Force      MAX Disp      RMS Disp   
  ---------------------------------------------------------------------------------------------
    Convergence Criteria    1.00e-06 *    3.00e-04 *             o    1.20e-03 *             o
  ---------------------------------------------------------------------------------------------
      3     -74.96589997   -7.93e-04      8.48e-04      4.90e-04 o    2.94e-03      1.71e-03 o  ~
  ---------------------------------------------------------------------------------------------

	Writing optimization data to binary file.
	Structure for next step:
	Cartesian Geometry (au)
	    O     0.0000000000   0.0000000000  -0.1357513545
	    H     0.0000000000  -1.4326534506   1.0658622149
	    H     0.0000000000   1.4326534506   1.0658622149
			--------------------------
			 OPTKING Finished Execution 
			--------------------------

*** tstart() called on lawn-143-215-103-161.lawn.gatech.edu
*** at Fri Apr 27 13:58:05 2012

	There are an even number of electrons - assuming singlet.
	Specify the multiplicity with the MULTP option in the
	input if this is incorrect


         ---------------------------------------------------------
                                   SCF
            by Justin Turney, Rob Parrish, and Andy Simmonett
                              RHF Reference
                        1 Threads,    250 MiB Core
         ---------------------------------------------------------

  ==> Geometry <==

    Molecular point group: c2v

    Geometry (in Angstrom), charge = 0, multiplicity = 1:

       Center              X                  Y                   Z       
    ------------   -----------------  -----------------  -----------------
           O          0.000000000000     0.000000000000    -0.071162920381
           H          0.000000000000    -0.758127553854     0.564703594054
           H          0.000000000000     0.758127553854     0.564703594054

  Running in c2v symmetry.

  Nuclear repulsion =    8.905799636583795

  Charge       = 0
  Multiplicity = 1
  Electrons    = 10
  Nalpha       = 5
  Nbeta        = 5

  ==> Algorithm <==

  SCF Algorithm Type is PK.
  DIIS disabled.
  MOM disabled.
  Fractional occupation disabled.
  Guess Type is CORE.
  Energy threshold   = 1.00e-10
  Density threshold  = 1.00e-10
  Integral threshold = 0.00e+00

  ==> Primary Basis <==

  Basis Set: STO-3G
    Number of shells: 5
    Number of basis function: 7
    Number of Cartesian functions: 7
    Spherical Harmonics?: true
    Max angular momentum: 1

  ==> Pre-Iterations <==

  Minimum eigenvalue in the overlap matrix is 3.6323084128E-01.
  Using Symmetric Orthogonalization.
  SCF Guess: Core (One-Electron) Hamiltonian.

  Initial RHF energy:   -54.58628923816607

   -------------------------------------------------------
    Irrep   Nso     Nmo     Nalpha   Nbeta   Ndocc  Nsocc
   -------------------------------------------------------
     A1         4       4       3       3       3       0
     A2         0       0       0       0       0       0
     B1         1       1       1       1       1       0
     B2         2       2       1       1       1       0
   -------------------------------------------------------
    Total       7       7       5       5       5       0
   -------------------------------------------------------

  ==> Integral Setup <==

 MINTS: Wrapper to libmints.
   by Justin Turney

   Calculation information:
      Number of atoms:                   3
      Number of AO shells:               5
      Number of SO shells:               4
      Number of primitives:             15
      Number of atomic orbitals:         7
      Number of basis functions:         7

      Number of irreps:                  4
      Number of functions per irrep: [   4    0    1    2 ]

      Overlap, kinetic, potential, dipole, and quadrupole integrals
        stored in file 35.

      Computing two-electron integrals...done
      Computed 138 non-zero two-electron integrals.
        Stored in file 33.

  ==> Iterations <==

                        Total Energy        Delta E     Density RMS

   @RHF iter   1:   -73.24101865105945   -1.86547e+01   0.00000e+00 
   @RHF iter   2:   -74.93095695527970   -1.68994e+00   4.01517e-01 
   @RHF iter   3:   -74.96444118601256   -3.34842e-02   5.78236e-02 
   @RHF iter   4:   -74.96573430956633   -1.29312e-03   9.58891e-03 
   @RHF iter   5:   -74.96587188106845   -1.37572e-04   3.64964e-03 
   @RHF iter   6:   -74.96589559226680   -2.37112e-05   1.42089e-03 
   @RHF iter   7:   -74.96590009081828   -4.49855e-06   6.09514e-04 
   @RHF iter   8:   -74.96590096592516   -8.75107e-07   2.64266e-04 
   @RHF iter   9:   -74.96590113735306   -1.71428e-07   1.15981e-04 
   @RHF iter  10:   -74.96590117100304   -3.36500e-08   5.11247e-05 
   @RHF iter  11:   -74.96590117761221   -6.60917e-09   2.25954e-05 
   @RHF iter  12:   -74.96590117891047   -1.29826e-09   9.99946e-06 
   @RHF iter  13:   -74.96590117916553   -2.55056e-10   4.42836e-06 
   @RHF iter  14:   -74.96590117921569   -5.01643e-11   1.96190e-06 
   @RHF iter  15:   -74.96590117922548   -9.79128e-12   8.69358e-07 
   @RHF iter  16:   -74.96590117922747   -1.98952e-12   3.85275e-07 
   @RHF iter  17:   -74.96590117922780   -3.26850e-13   1.70754e-07 
   @RHF iter  18:   -74.96590117922788   -8.52651e-14   7.56803e-08 
   @RHF iter  19:   -74.96590117922791   -2.84217e-14   3.35432e-08 
   @RHF iter  20:   -74.96590117922790    1.42109e-14   1.48672e-08 
   @RHF iter  21:   -74.96590117922793   -2.84217e-14   6.58958e-09 
   @RHF iter  22:   -74.96590117922794   -1.42109e-14   2.92070e-09 
   @RHF iter  23:   -74.96590117922790    4.26326e-14   1.29454e-09 
   @RHF iter  24:   -74.96590117922796   -5.68434e-14   5.73783e-10 
   @RHF iter  25:   -74.96590117922791    4.26326e-14   2.54318e-10 
   @RHF iter  26:   -74.96590117922790    1.42109e-14   1.12722e-10 

  ==> Post-Iterations <==

	Orbital Energies (a.u.)
	-----------------------

	Doubly Occupied:                                                      

	   1A1   -20.251590     2A1    -1.257515     1B2    -0.593813  
	   3A1    -0.459726     1B1    -0.392615  

	Virtual:                                                              

	   4A1     0.581724     2B2     0.692582  

	Final Occupation by Irrep:
	         A1    A2    B1    B2 
	DOCC [     3,    0,    1,    1 ]

  Energy converged.

  @RHF Final Energy:   -74.96590117922790

   => Energetics <=

    Nuclear Repulsion Energy =          8.9057996365837955
    One-Electron Energy =            -121.8328865463843869
    Two-Electron Energy =              37.9611857305726801
    DFT Functional Energy =             0.0000000000000000
    Empirical Dispersion Energy =       0.0000000000000000
    Total Energy =                    -74.9659011792279131

  ==> Properties <==

  Nuclear Dipole Moment: (a.u.)
     X:     0.0000      Y:     0.0000      Z:     1.0584

  Electronic Dipole Moment: (a.u.)
     X:     0.0000      Y:     0.0000      Z:    -0.3860

  Dipole Moment: (a.u.)
     X:     0.0000      Y:     0.0000      Z:     0.6724     Total:     0.6724

  Dipole Moment: (Debye)
     X:     0.0000      Y:     0.0000      Z:     1.7091     Total:     1.7091


  Saving occupied orbitals to File 180.

*** tstop() called on lawn-143-215-103-161.lawn.gatech.edu at Fri Apr 27 13:58:05 2012
Module time:
	user time   =       0.03 seconds =       0.00 minutes
	system time =       0.00 seconds =       0.00 minutes
	total time  =          0 seconds =       0.00 minutes
Total time:
	user time   =       0.24 seconds =       0.00 minutes
	system time =       0.04 seconds =       0.00 minutes
	total time  =          1 seconds =       0.02 minutes

*** tstart() called on lawn-143-215-103-161.lawn.gatech.edu
*** at Fri Apr 27 13:58:05 2012

 DERIV: Derivative code.
   by Justin Turney

  Cartesian Displacement SALCs
  By SALC:
  Number of SALCs: 3, nirreps: 1
  Project out translations: False
  Project out rotations: False
	irrep = 0, ncomponent = 1
		0: atom 0, direction z, coef 1.000000
	irrep = 0, ncomponent = 2
		0: atom 1, direction y, coef 0.707107
		1: atom 2, direction y, coef -0.707107
	irrep = 0, ncomponent = 2
		0: atom 1, direction z, coef 0.707107
		1: atom 2, direction z, coef 0.707107

  By Atomic Center:
  Number of atomic centers: 3
   Atomic Center 0:
	x component, size = 0
	y component, size = 0
	z component, size = 1
		0: salc 0, irrep 0, coef 1.000000
   Atomic Center 1:
	x component, size = 0
	y component, size = 1
		0: salc 1, irrep 0, coef 0.707107
	z component, size = 1
		0: salc 2, irrep 0, coef 0.707107
   Atomic Center 2:
	x component, size = 0
	y component, size = 1
		0: salc 1, irrep 0, coef -0.707107
	z component, size = 1
		0: salc 2, irrep 0, coef 0.707107

    Molecular point group: c2v

    Geometry (in Bohr), charge = 0, multiplicity = 1:

       Center              X                  Y                   Z       
    ------------   -----------------  -----------------  -----------------
           O          0.000000000000     0.000000000000    -0.134478430337
           H          0.000000000000    -1.432653450579     1.067135139017
           H          0.000000000000     1.432653450579     1.067135139017


  -Nuclear Repulsion Energy 1st Derivatives:
     Atom            X                  Y                   Z
    ------   -----------------  -----------------  -----------------
       1        0.000000000000     0.000000000000     2.940752857838
       2        0.000000000000     1.874895529103    -1.470376428919
       3        0.000000000000    -1.874895529103    -1.470376428919


  -One-electron contribution to gradient:
     Atom            X                  Y                   Z
    ------   -----------------  -----------------  -----------------
       1        0.000000000000     0.000000000000    -6.417311941877
       2        0.000000000000    -3.713365842676     3.208655970938
       3        0.000000000000     3.713365842676     3.208655970938


  -Lagrangian contribution to gradient:
     Atom            X                  Y                   Z
    ------   -----------------  -----------------  -----------------
       1        0.000000000000     0.000000000000     0.321871993223
       2        0.000000000000     0.143983746512    -0.160935996612
       3        0.000000000000    -0.143983746512    -0.160935996612


  -Two-electron contribution to gradient:
     Atom            X                  Y                   Z
    ------   -----------------  -----------------  -----------------
       1        0.000000000000     0.000000000000     3.154571667720
       2        0.000000000000     1.694418149384    -1.577285833860
       3        0.000000000000    -1.694418149384    -1.577285833860


  -Total gradient:
     Atom            X                  Y                   Z
    ------   -----------------  -----------------  -----------------
       1        0.000000000000     0.000000000000    -0.000115423096
       2        0.000000000000    -0.000068417678     0.000057711548
       3        0.000000000000     0.000068417678     0.000057711548


*** tstop() called on lawn-143-215-103-161.lawn.gatech.edu at Fri Apr 27 13:58:05 2012
Module time:
	user time   =       0.04 seconds =       0.00 minutes
	system time =       0.00 seconds =       0.00 minutes
	total time  =          0 seconds =       0.00 minutes
Total time:
	user time   =       0.28 seconds =       0.00 minutes
	system time =       0.04 seconds =       0.00 minutes
	total time  =          1 seconds =       0.02 minutes

			----------------------------------
			 OPTKING: for geometry optimizations  
			  - R.A. King,  Bethel University   
			------------------------------------

	Previous internal coordinate definitions found.
	---Fragment 1 Geometry and Gradient---
	 O           0.0000000000        0.0000000000       -0.1344784303
	 H           0.0000000000       -1.4326534506        1.0671351390
	 H           0.0000000000        1.4326534506        1.0671351390
	             0.0000000000        0.0000000000       -0.0001154231
	             0.0000000000       -0.0000684177        0.0000577115
	             0.0000000000        0.0000684177        0.0000577115

	---Fragment 1 Intrafragment Coordinates---
	 - Coordinate -           - BOHR/RAD -       - ANG/DEG -
	 R(1,2)           =         1.869859	       0.989487
	 R(1,3)           =         1.869859	       0.989487
	 B(2,1,3)         =         1.745760	     100.024666

	Current energy   :       -74.9659011792

	Energy change for the previous step:
		Projected    :        -0.0000012404
		Actual       :        -0.0000012138
	Energy ratio indicates good step: Trust radius increased to 4.000e-01.


	Performing BFGS update with previous 1 gradient(s).
	Going to follow RFO solution 1.
	Projected energy change by RFO approximation:        -0.0000000155

	Back-transformation to cartesian coordinates...
	Successfully converged to displaced geometry.

	---Internal Coordinate Step in ANG or DEG, aJ/ANG or AJ/DEG ---
	 ----------------------------------------------------------------------
	 Coordinate             Previous        Force       Change         New 
	 ----------             --------       ------       ------       ------
	 R(1,2)          =      0.989487    -0.000737    -0.000091     0.989395
	 R(1,3)          =      0.989487    -0.000737    -0.000091     0.989395
	 B(2,1,3)        =    100.024666     0.000000     0.001946   100.026612
	 ----------------------------------------------------------------------

  ==> Convergence Check <==

  Measures of convergence in internal coordinates in au.
  Criteria marked as inactive (o), active & met (*), and active & unmet ( ).
  ---------------------------------------------------------------------------------------------
   Step     Total Energy     Delta E     MAX Force     RMS Force      MAX Disp      RMS Disp   
  ---------------------------------------------------------------------------------------------
    Convergence Criteria    1.00e-06 *    3.00e-04 *             o    1.20e-03 *             o
  ---------------------------------------------------------------------------------------------
      4     -74.96590118   -1.21e-06      8.95e-05 *    7.31e-05 o    1.73e-04 *    1.42e-04 o  ~
  ---------------------------------------------------------------------------------------------


  **** Optimization is complete! ****

  ==> Optimization Summary <==

  Measures of convergence in internal coordinates in au.
  --------------------------------------------------------------------------------------------------------------- ~
   Step         Total Energy             Delta E       MAX Force       RMS Force        MAX Disp        RMS Disp  ~
  --------------------------------------------------------------------------------------------------------------- ~
      1     -74.964662538885    -74.964662538885      0.02372718      0.01826083      0.14438321      0.08705426  ~
      2     -74.965106575388     -0.000444036503      0.02116048      0.01445683      0.06921046      0.04087969  ~
      3     -74.965899965445     -0.000793390057      0.00084798      0.00048975      0.00293656      0.00171254  ~
      4     -74.965901179228     -0.000001213782      0.00008951      0.00007308      0.00017270      0.00014237  ~
  --------------------------------------------------------------------------------------------------------------- ~

	Writing optimization data to binary file.
	Final energy is    -74.9659011792279
	Final (previous) structure:
	Cartesian Geometry (au)
	    O     0.0000000000   0.0000000000  -0.1344784303
	    H     0.0000000000  -1.4326534506   1.0671351390
	    H     0.0000000000   1.4326534506   1.0671351390
	Saving final (previous) structure.
			--------------------------
			 OPTKING Finished Execution 
			--------------------------

	Final optimized geometry and variables (in Angstrom):

	O
	H     1    0.989487
	H     1    0.989487     2  100.024666


*** PSI4 exiting successfully. Buy a developer a beer!
